ACK,START,S1
TEL,0,S1,268
TEL,1,S1,271
TEL,2,S1,271
TEL,3,S1,268
TEL,4,S1,268
TEL,5,S1,268
TEL,6,S1,271
TEL,7,S1,268
TEL,8,S1,265
TEL,9,S1,268
TEL,10,S1,271
TEL,11,S1,268
TEL,12,S1,271
TEL,13,S1,271
TEL,14,S1,271
TEL,15,S1,268
TEL,16,S1,265
TEL,17,S1,268
TEL,18,S1,268
TEL,19,S1,271
TEL,20,S1,271
TEL,21,S1,268
TEL,22,S1,271
TEL,23,S1,271
TEL,24,S1,271
TEL,25,S1,268
TEL,26,S1,271
TEL,27,S1,271
TEL,28,S1,268
TEL,29,S1,271
TEL,30,S1,268
TEL,31,S1,271
TEL,32,S1,268
TEL,33,S1,268
TEL,34,S1,271
TEL,35,S1,271
TEL,36,S1,271
TEL,37,S1,268
TEL,38,S1,271
TEL,39,S1,268
TEL,40,S1,271
BTN,1,S1,PRESSED
TEL,41,S1,268
TEL,42,S1,268
TEL,43,S1,271
TEL,44,S1,271
TEL,45,S1,271
BTN,2,S1,PRESSED
TEL,46,S1,271
TEL,47,S1,271
TEL,48,S1,271
TEL,49,S1,271
BTN,3,S1,PRESSED
TEL,50,S1,271
TEL,51,S1,271
BTN,4,S1,PRESSED
TEL,52,S1,271
TEL,53,S1,274
BTN,5,S1,PRESSED
TEL,54,S1,274
TEL,55,S1,271
BTN,6,S1,PRESSED
TEL,56,S1,274
BTN,7,S1,PRESSED
TEL,57,S1,271
TEL,58,S1,271
BTN,8,S1,PRESSED
TEL,59,S1,271
TEL,60,S1,268
BTN,9,S1,PRESSED
TEL,61,S1,274
TEL,62,S1,268
BTN,10,S1,PRESSED
TEL,63,S1,271
BTN,11,S1,PRESSED
TEL,64,S1,271
TEL,65,S1,274
BTN,12,S1,PRESSED
TEL,66,S1,274
TEL,67,S1,271
BTN,13,S1,PRESSED
TEL,68,S1,271
BTN,14,S1,PRESSED
TEL,69,S1,274
TEL,70,S1,274
BTN,15,S1,PRESSED
TEL,71,S1,274
TEL,72,S1,274
BTN,16,S1,PRESSED
TEL,73,S1,271
BTN,17,S1,PRESSED
TEL,74,S1,268
TEL,75,S1,268
BTN,18,S1,PRESSED
TEL,76,S1,271
TEL,77,S1,274
BTN,19,S1,PRESSED
TEL,78,S1,274
TEL,79,S1,274
BTN,20,S1,PRESSED
TEL,80,S1,271
BTN,21,S1,PRESSED
TEL,81,S1,271
TEL,82,S1,274
BTN,22,S1,PRESSED
TEL,83,S1,274
TEL,84,S1,274
BTN,23,S1,PRESSED
TEL,85,S1,271
TEL,86,S1,271
BTN,24,S1,PRESSED
TEL,87,S1,274
BTN,25,S1,PRESSED
TEL,88,S1,271
TEL,89,S1,271
BTN,26,S1,PRESSED
TEL,90,S1,271
TEL,91,S1,271
BTN,27,S1,PRESSED
TEL,92,S1,268
TEL,93,S1,274
BTN,28,S1,PRESSED
TEL,94,S1,274
TEL,95,S1,271
BTN,29,S1,PRESSED
TEL,96,S1,274
TEL,97,S1,271
TEL,98,S1,274
TEL,99,S1,274
TEL,100,S1,274
TEL,101,S1,277
TEL,102,S1,271
BTN,30,S1,PRESSED
TEL,103,S1,271
TEL,104,S1,268
TEL,105,S1,274
TEL,106,S1,274
TEL,107,S1,274
TEL,108,S1,274
TEL,109,S1,274
TEL,110,S1,271
TEL,111,S1,277
TEL,112,S1,274
TEL,113,S1,271
TEL,114,S1,274
TEL,115,S1,271
TEL,116,S1,271
TEL,117,S1,274
TEL,118,S1,277
TEL,119,S1,271
TEL,120,S1,274
TEL,121,S1,271
>> CMD,STOP
TEL,122,S1,277
ACK,STOP
>> CMD,DUMP
ACK,DUMP,30
VER,nogit,Debug,00
REC,1,S1,10199316,26,50,50,5559,0
PRE,1,16,O,50,0,0,0,0
REC,2,S1,10678535,27,50,50,5559,0
PRE,2,17,O,50,0,0,0,0
REC,3,S1,11045011,27,50,49,5560,0
PRE,3,17,O,50,0,0,0,0
REC,4,S1,11241283,27,50,49,5560,0
PRE,4,17,O,50,0,0,0,0
REC,5,S1,11445346,26,51,49,5560,0
PRE,5,16,O,51,0,0,0,0
REC,6,S1,11633191,26,54,50,5559,0
PRE,6,16,O,54,0,0,0,0
REC,7,S1,11804740,27,50,50,5560,0
PRE,7,17,O,50,0,0,0,0
REC,8,S1,11995590,26,51,49,5560,0
PRE,8,16,O,51,0,0,0,0
REC,9,S1,12147868,26,51,49,5560,0
PRE,9,16,O,51,0,0,0,0
REC,10,S1,12328553,27,51,49,5560,0
PRE,10,17,O,51,0,0,0,0
REC,11,S1,12490484,34,50,45,5560,0
PRE,11,17,O,50,0,0,0,0
REC,12,S1,12661487,30,50,50,5559,0
PRE,12,16,O,50,0,0,0,0
REC,13,S1,12825610,27,51,49,5560,0
PRE,13,17,O,51,0,0,0,0
REC,14,S1,12991727,27,51,49,5560,0
PRE,14,17,O,51,0,0,0,0
REC,15,S1,13164851,26,51,50,5559,0
PRE,15,17,O,51,0,0,0,0
REC,16,S1,13330545,26,51,59,5560,0
PRE,16,16,U,51,0,0,1,5
REC,17,S1,13505526,27,51,49,5560,0
PRE,17,17,O,51,0,0,0,0
REC,18,S1,13672842,26,51,49,5560,0
PRE,18,16,O,51,0,0,0,0
REC,19,S1,13849367,26,51,53,5560,0
PRE,19,16,O,51,0,0,0,0
REC,20,S1,14034648,26,51,49,5560,0
PRE,20,16,O,51,0,0,0,0
REC,21,S1,14209599,26,51,49,5560,0
PRE,21,16,O,51,0,0,0,0
REC,22,S1,14366795,26,51,49,5560,0
PRE,22,16,O,51,0,0,0,0
REC,23,S1,14552014,27,50,50,5559,0
PRE,23,17,O,50,0,0,0,0
REC,24,S1,14721661,26,51,49,5560,0
PRE,24,16,O,51,0,0,0,0
REC,25,S1,14909268,27,51,49,5560,0
PRE,25,17,O,51,0,0,0,0
REC,26,S1,15089039,26,51,49,5560,0
PRE,26,16,O,51,0,0,0,0
REC,27,S1,15271920,27,50,50,5559,0
PRE,27,17,O,50,0,0,0,0
REC,28,S1,15430072,27,51,49,5560,0
PRE,28,17,O,51,0,0,0,0
REC,29,S1,15618090,27,51,2603,5559,0
PRE,29,17,O,51,0,0,0,0
REC,30,S1,16339890,27,51,49,5560,0
PRE,30,17,O,51,0,0,0,0
SUM,S1,30,123,0,0,1,0,0,0
CAL,0,0,0,569,4485
MEM,15192,211,88,304
RTS,UartTxTask,61064,4
RTS,IDLE,12201262,988
RTS,TelemetryTask,81321,6
RTS,ButtonTask,2722,0
RTS,Tmr Svc,0,0
END,DUMP
# PC bad_frames=0 tel_rx=123 pc_lost=0
