ACK,DUMP,30
VER,nogit,Debug,00
REC,1,S1,662890940,26,51,49,5560,0
PRE,1,16,O,51,0,0,0,0
REC,2,S1,663041973,27,51,52,5560,0
PRE,2,17,O,51,0,0,0,0
REC,3,S1,663227441,26,51,49,5560,0
PRE,3,16,O,51,0,0,0,0
REC,4,S1,663379388,27,50,49,5560,0
PRE,4,17,O,50,0,0,0,0
REC,5,S1,663567979,27,51,52,5560,0
PRE,5,17,O,51,0,0,0,0
REC,6,S1,663741876,26,51,49,5560,0
PRE,6,16,O,51,0,0,0,0
REC,7,S1,663905580,27,51,49,5560,0
PRE,7,17,O,51,0,0,0,0
REC,8,S1,664075665,27,50,50,5559,0
PRE,8,17,O,50,0,0,0,0
REC,9,S1,664247893,26,51,5397,5560,0
PRE,9,16,O,51,0,0,0,0
REC,10,S1,664419563,27,51,49,5560,0
PRE,10,17,O,51,0,0,0,0
REC,11,S1,664576153,26,55,49,5560,0
PRE,11,17,O,55,0,0,0,0
REC,12,S1,664772398,26,51,49,5560,0
PRE,12,16,O,51,0,0,0,0
REC,13,S1,664922076,30,51,49,5560,0
PRE,13,17,O,51,0,0,0,0
REC,14,S1,665091321,26,51,49,5560,0
PRE,14,16,O,51,0,0,0,0
REC,15,S1,665271148,27,54,49,5560,0
PRE,15,17,O,54,0,0,0,0
REC,16,S1,665436737,26,51,50,5559,0
PRE,16,17,O,51,0,0,0,0
REC,17,S1,665615183,27,55,49,5560,0
PRE,17,17,O,55,0,0,0,0
REC,18,S1,665820651,26,51,50,5559,0
PRE,18,16,O,51,0,0,0,0
REC,19,S1,665950750,27,51,2539,5560,0
PRE,19,17,O,51,0,0,0,0
REC,20,S1,666126716,27,50,50,5559,0
PRE,20,17,O,50,0,0,0,0
REC,21,S1,666321655,26,51,49,5560,0
PRE,21,16,O,51,0,0,0,0
REC,22,S1,666476172,26,56,49,5560,0
PRE,22,16,O,56,0,0,0,0
REC,23,S1,666643942,27,50,50,5559,0
PRE,23,17,O,50,0,0,0,0
REC,24,S1,666826888,26,51,49,5560,0
PRE,24,16,O,51,0,0,0,0
REC,25,S1,666991740,26,51,49,5560,0
PRE,25,16,O,51,0,0,0,0
REC,26,S1,667164410,26,51,49,5560,0
PRE,26,16,O,51,0,0,0,0
REC,27,S1,667327218,31,50,50,5559,0
PRE,27,17,O,50,0,0,0,0
REC,28,S1,667509484,26,51,49,5560,0
PRE,28,16,O,51,0,0,0,0
REC,29,S1,667677982,27,51,52,5560,0
PRE,29,17,O,51,0,0,0,0
REC,30,S1,668049171,27,55,4114,5560,0
PRE,30,17,O,55,0,0,0,0
SUM,S1,30,90,0,0,1,0,0,0
CAL,0,0,0,572,4485
MEM,15192,211,88,310
RTS,UartTxTask,45231,4
RTS,IDLE,8978615,988
RTS,TelemetryTask,59783,6
RTS,Tmr Svc,0,0
RTS,ButtonTask,2731,0
END,DUMP
# PC bad_frames=0 tel_rx=90 pc_lost=0
