ACK,START,S1
TEL,0,S1,277
TEL,1,S1,277
TEL,2,S1,274
TEL,3,S1,271
TEL,4,S1,271
TEL,5,S1,274
TEL,6,S1,274
TEL,7,S1,274
TEL,8,S1,274
TEL,9,S1,271
TEL,10,S1,271
TEL,11,S1,271
TEL,12,S1,274
TEL,13,S1,271
TEL,14,S1,274
TEL,15,S1,274
TEL,16,S1,277
TEL,17,S1,274
TEL,18,S1,277
TEL,19,S1,277
TEL,20,S1,271
TEL,21,S1,274
TEL,22,S1,274
TEL,23,S1,274
TEL,24,S1,277
TEL,25,S1,274
TEL,26,S1,274
TEL,27,S1,274
TEL,28,S1,277
TEL,29,S1,274
TEL,30,S1,274
TEL,31,S1,277
TEL,32,S1,274
TEL,33,S1,277
TEL,34,S1,274
TEL,35,S1,277
TEL,36,S1,274
>> CMD,STOP
ACK,STOP
>> CMD,DUMP
ACK,DUMP,0
VER,nogit,Debug,00
SUM,S1,0,37,0,0,1,0,0,0
CAL,0,0,0,572,4485
MEM,15192,211,206,312
RTS,UartTxTask,19539,5
RTS,IDLE,3742242,988
RTS,TelemetryTask,24589,6
RTS,Tmr Svc,0,0
RTS,ButtonTask,0,0
END,DUMP
# PC bad_frames=0 tel_rx=37 pc_lost=0
