ACK,START,S1
TEL,0,S1,277
TEL,1,S1,277
TEL,2,S1,277
TEL,3,S1,274
TEL,4,S1,274
TEL,5,S1,274
TEL,6,S1,277
TEL,7,S1,277
TEL,8,S1,280
TEL,9,S1,274
TEL,10,S1,274
TEL,11,S1,277
TEL,12,S1,274
TEL,13,S1,274
TEL,14,S1,274
TEL,15,S1,277
TEL,16,S1,274
TEL,17,S1,277
TEL,18,S1,277
TEL,19,S1,277
TEL,20,S1,274
BTN,1,S1,PRESSED
TEL,21,S1,277
BTN,2,S1,PRESSED
TEL,22,S1,274
TEL,23,S1,274
BTN,3,S1,PRESSED
TEL,24,S1,277
TEL,25,S1,274
BTN,4,S1,PRESSED
TEL,26,S1,277
TEL,27,S1,274
BTN,5,S1,PRESSED
TEL,28,S1,274
BTN,6,S1,PRESSED
TEL,29,S1,274
TEL,30,S1,274
BTN,7,S1,PRESSED
TEL,31,S1,274
TEL,32,S1,280
BTN,8,S1,PRESSED
TEL,33,S1,280
TEL,34,S1,280
BTN,9,S1,PRESSED
TEL,35,S1,280
BTN,10,S1,PRESSED
TEL,36,S1,277
TEL,37,S1,280
BTN,11,S1,PRESSED
TEL,38,S1,280
TEL,39,S1,277
BTN,12,S1,PRESSED
TEL,40,S1,277
BTN,13,S1,PRESSED
TEL,41,S1,274
TEL,42,S1,277
BTN,14,S1,PRESSED
TEL,43,S1,277
TEL,44,S1,277
BTN,15,S1,PRESSED
TEL,45,S1,280
BTN,16,S1,PRESSED
TEL,46,S1,280
TEL,47,S1,277
BTN,17,S1,PRESSED
TEL,48,S1,274
TEL,49,S1,280
BTN,18,S1,PRESSED
TEL,50,S1,280
TEL,51,S1,277
BTN,19,S1,PRESSED
TEL,52,S1,280
BTN,20,S1,PRESSED
TEL,53,S1,277
TEL,54,S1,277
BTN,21,S1,PRESSED
TEL,55,S1,280
TEL,56,S1,277
BTN,22,S1,PRESSED
TEL,57,S1,280
BTN,23,S1,PRESSED
TEL,58,S1,280
TEL,59,S1,280
BTN,24,S1,PRESSED
TEL,60,S1,277
TEL,61,S1,277
BTN,25,S1,PRESSED
TEL,62,S1,277
TEL,63,S1,274
TEL,64,S1,280
BTN,26,S1,PRESSED
TEL,65,S1,277
TEL,66,S1,280
BTN,27,S1,PRESSED
TEL,67,S1,277
TEL,68,S1,274
BTN,28,S1,PRESSED
TEL,69,S1,280
TEL,70,S1,280
BTN,29,S1,PRESSED
TEL,71,S1,277
TEL,72,S1,277
TEL,73,S1,277
TEL,74,S1,277
TEL,75,S1,280
TEL,76,S1,277
TEL,77,S1,280
BTN,30,S1,PRESSED
TEL,78,S1,280
TEL,79,S1,277
TEL,80,S1,277
TEL,81,S1,280
TEL,82,S1,280
TEL,83,S1,277
TEL,84,S1,274
TEL,85,S1,277
TEL,86,S1,283
TEL,87,S1,277
TEL,88,S1,277
TEL,89,S1,277
TEL,90,S1,277
TEL,91,S1,280
TEL,92,S1,274
TEL,93,S1,280
TEL,94,S1,280
TEL,95,S1,280
TEL,96,S1,277
TEL,97,S1,280
>> CMD,STOP
ACK,STOP
>> CMD,DUMP
ACK,DUMP,30
VER,nogit,Debug,00
REC,1,S1,14531950,26,51,49,5560,0
PRE,1,16,O,51,0,0,0,0
REC,2,S1,14692694,26,54,49,5560,0
PRE,2,16,O,54,0,0,0,0
REC,3,S1,14892544,27,50,50,5559,0
PRE,3,17,O,50,0,0,0,0
REC,4,S1,15066170,27,55,49,5560,0
PRE,4,17,O,55,0,0,0,0
REC,5,S1,15240898,26,51,49,5560,0
PRE,5,17,O,51,0,0,0,0
REC,6,S1,15403985,27,50,50,5559,0
PRE,6,17,O,50,0,0,0,0
REC,7,S1,15566397,27,50,50,5559,0
PRE,7,17,O,50,0,0,0,0
REC,8,S1,15728901,27,51,49,5560,0
PRE,8,17,O,51,0,0,0,0
REC,9,S1,15907746,27,51,4194,5560,0
PRE,9,17,O,51,0,0,0,0
REC,10,S1,16071820,26,51,49,5560,0
PRE,10,16,O,51,0,0,0,0
REC,11,S1,16244780,27,51,49,5560,0
PRE,11,17,O,51,0,0,0,0
REC,12,S1,16407148,26,55,4789,5560,0
PRE,12,16,O,55,0,0,0,0
REC,13,S1,16575879,26,51,49,5560,0
PRE,13,16,O,51,0,0,0,0
REC,14,S1,16740754,27,51,49,5560,0
PRE,14,17,O,51,0,0,0,0
REC,15,S1,16907948,27,50,3993,5560,0
PRE,15,17,O,50,0,0,0,0
REC,16,S1,17074312,26,51,49,5560,0
PRE,16,16,O,51,0,0,0,0
REC,17,S1,17242481,27,51,49,5560,0
PRE,17,17,O,51,0,0,0,0
REC,18,S1,17432048,27,51,49,5560,0
PRE,18,17,O,51,0,0,0,0
REC,19,S1,17608665,27,54,3272,5560,0
PRE,19,17,O,54,0,0,0,0
REC,20,S1,17783389,27,50,50,5559,0
PRE,20,17,O,50,0,0,0,0
REC,21,S1,17953644,26,51,53,5560,0
PRE,21,16,O,51,0,0,0,0
REC,22,S1,18123190,26,55,49,5560,0
PRE,22,16,O,55,0,0,0,0
REC,23,S1,18297237,26,51,49,5560,0
PRE,23,16,O,51,0,0,0,0
REC,24,S1,18458439,27,51,49,5559,0
PRE,24,17,O,51,0,0,0,0
REC,25,S1,18621136,26,51,53,5560,0
PRE,25,16,O,51,0,0,0,0
REC,26,S1,18965170,27,55,50,5559,0
PRE,26,17,O,55,0,0,0,0
REC,27,S1,19170025,26,51,50,5559,0
PRE,27,16,O,51,0,0,0,0
REC,28,S1,19359501,26,51,49,5560,0
PRE,28,16,O,51,0,0,0,0
REC,29,S1,19524067,27,51,49,5560,0
PRE,29,17,O,51,0,0,0,0
REC,30,S1,20302128,27,51,53,5560,0
PRE,30,17,O,51,0,0,0,0
SUM,S1,30,98,0,0,1,0,0,0
CAL,0,0,0,572,4485
MEM,15192,211,88,310
RTS,UartTxTask,49093,4
RTS,IDLE,9729462,988
RTS,TelemetryTask,65079,6
RTS,Tmr Svc,0,0
RTS,ButtonTask,2736,0
END,DUMP
# PC bad_frames=0 tel_rx=98 pc_lost=0
