ACK,START,S1
TEL,0,S1,283
TEL,1,S1,286
TEL,2,S1,286
TEL,3,S1,286
TEL,4,S1,286
TEL,5,S1,286
TEL,6,S1,283
TEL,7,S1,283
TEL,8,S1,283
TEL,9,S1,286
TEL,10,S1,283
TEL,11,S1,286
TEL,12,S1,286
TEL,13,S1,283
TEL,14,S1,283
TEL,15,S1,283
TEL,16,S1,286
TEL,17,S1,286
TEL,18,S1,283
TEL,19,S1,286
TEL,20,S1,283
TEL,21,S1,286
TEL,22,S1,286
TEL,23,S1,286
TEL,24,S1,283
TEL,25,S1,283
TEL,26,S1,283
TEL,27,S1,283
TEL,28,S1,283
TEL,29,S1,283
BTN,1,S1,PRESSED
TEL,30,S1,286
BTN,2,S1,PRESSED
TEL,31,S1,286
TEL,32,S1,286
BTN,3,S1,PRESSED
TEL,33,S1,283
BTN,4,S1,PRESSED
TEL,34,S1,283
BTN,5,S1,PRESSED
TEL,35,S1,286
TEL,36,S1,286
BTN,6,S1,PRESSED
TEL,37,S1,286
TEL,38,S1,286
BTN,7,S1,PRESSED
TEL,39,S1,286
BTN,8,S1,PRESSED
TEL,40,S1,286
TEL,41,S1,286
BTN,9,S1,PRESSED
TEL,42,S1,286
BTN,10,S1,PRESSED
TEL,43,S1,283
TEL,44,S1,283
BTN,11,S1,PRESSED
TEL,45,S1,283
TEL,46,S1,286
BTN,12,S1,PRESSED
TEL,47,S1,286
BTN,13,S1,PRESSED
TEL,48,S1,283
BTN,14,S1,PRESSED
TEL,49,S1,283
TEL,50,S1,286
BTN,15,S1,PRESSED
TEL,51,S1,286
TEL,52,S1,286
BTN,16,S1,PRESSED
TEL,53,S1,283
TEL,54,S1,286
BTN,17,S1,PRESSED
TEL,55,S1,286
BTN,18,S1,PRESSED
TEL,56,S1,286
TEL,57,S1,286
BTN,19,S1,PRESSED
TEL,58,S1,283
BTN,20,S1,PRESSED
TEL,59,S1,286
TEL,60,S1,286
BTN,21,S1,PRESSED
TEL,61,S1,286
TEL,62,S1,286
BTN,22,S1,PRESSED
TEL,63,S1,283
BTN,23,S1,PRESSED
TEL,64,S1,283
TEL,65,S1,283
BTN,24,S1,PRESSED
TEL,66,S1,283
BTN,25,S1,PRESSED
TEL,67,S1,286
TEL,68,S1,286
BTN,26,S1,PRESSED
TEL,69,S1,283
TEL,70,S1,286
BTN,27,S1,PRESSED
TEL,71,S1,283
BTN,28,S1,PRESSED
TEL,72,S1,286
TEL,73,S1,286
TEL,74,S1,286
BTN,29,S1,PRESSED
TEL,75,S1,286
TEL,76,S1,286
BTN,30,S1,PRESSED
TEL,77,S1,286
TEL,78,S1,286
TEL,79,S1,283
TEL,80,S1,286
TEL,81,S1,283
TEL,82,S1,283
TEL,83,S1,286
TEL,84,S1,286
TEL,85,S1,283
TEL,86,S1,286
TEL,87,S1,283
TEL,88,S1,286
TEL,89,S1,286
TEL,90,S1,283
TEL,91,S1,286
TEL,92,S1,283
>> CMD,STOP
TEL,93,S1,286
ACK,STOP
>> CMD,DUMP
ACK,DUMP,30
VER,nogit,Debug,00
REC,1,S1,875288379,26,51,49,5560,0
PRE,1,16,O,51,0,0,0,0
REC,2,S1,875424209,30,51,49,5560,0
PRE,2,17,O,51,0,0,0,0
REC,3,S1,875579302,26,51,49,5560,0
PRE,3,16,O,51,0,0,0,0
REC,4,S1,875725516,26,51,49,5560,0
PRE,4,16,O,51,0,0,0,0
REC,5,S1,875858774,27,50,49,5560,0
PRE,5,17,O,50,0,0,0,0
REC,6,S1,876009401,26,51,49,5560,0
PRE,6,17,O,51,0,0,0,0
REC,7,S1,876169711,27,50,49,5560,0
PRE,7,17,O,50,0,0,0,0
REC,8,S1,876314114,27,50,53,5560,0
PRE,8,17,O,50,0,0,0,0
REC,9,S1,876483926,26,55,49,5560,0
PRE,9,16,O,55,0,0,0,0
REC,10,S1,876620801,27,51,49,5560,0
PRE,10,17,O,51,0,0,0,0
REC,11,S1,876792607,27,51,49,5560,0
PRE,11,17,O,51,0,0,0,0
REC,12,S1,876973335,27,50,50,5559,0
PRE,12,17,O,50,0,0,0,0
REC,13,S1,877096313,27,50,50,5559,0
PRE,13,17,O,50,0,0,0,0
REC,14,S1,877251558,27,50,50,5559,0
PRE,14,17,O,50,0,0,0,0
REC,15,S1,877411416,27,50,50,5559,0
PRE,15,17,O,50,0,0,0,0
REC,16,S1,877577862,27,51,52,5560,0
PRE,16,17,O,51,0,0,0,0
REC,17,S1,877765790,27,50,393,5559,0
PRE,17,17,O,50,0,0,0,0
REC,18,S1,877921681,27,50,50,5559,0
PRE,18,17,O,50,0,0,0,0
REC,19,S1,878096200,30,51,49,5560,0
PRE,19,16,O,51,0,0,0,0
REC,20,S1,878237732,26,51,49,5560,0
PRE,20,17,O,51,0,0,0,0
REC,21,S1,878408602,27,50,50,5559,0
PRE,21,17,O,50,0,0,0,0
REC,22,S1,878567634,26,51,49,5560,0
PRE,22,16,O,51,0,0,0,0
REC,23,S1,878726334,26,51,49,5560,0
PRE,23,16,O,51,0,0,0,0
REC,24,S1,878896405,26,51,49,5560,0
PRE,24,16,O,51,0,0,0,0
REC,25,S1,879041406,27,50,50,5559,0
PRE,25,17,O,50,0,0,0,0
REC,26,S1,879208360,27,51,49,5560,0
PRE,26,17,O,51,0,0,0,0
REC,27,S1,879366161,26,65,50,5560,0
PRE,27,16,O,65,0,0,0,0
REC,28,S1,879541180,27,54,49,5560,0
PRE,28,17,O,54,0,0,0,0
REC,29,S1,879821289,27,51,49,5560,0
PRE,29,17,O,51,0,0,0,0
REC,30,S1,879979827,27,51,49,5560,0
PRE,30,17,O,51,0,0,0,0
SUM,S1,30,94,0,0,1,0,0,0
CAL,0,0,0,573,4485
MEM,15192,211,88,302
RTS,UartTxTask,47099,4
RTS,IDLE,9324011,988
RTS,TelemetryTask,62512,6
RTS,Tmr Svc,0,0
RTS,ButtonTask,2737,0
END,DUMP
# PC bad_frames=0 tel_rx=94 pc_lost=0
