ACK,START,S2
TEL,0,S2,286
TEL,1,S2,286
TEL,2,S2,286
TEL,3,S2,286
TEL,4,S2,286
TEL,5,S2,286
TEL,6,S2,292
TEL,7,S2,286
TEL,8,S2,286
TEL,9,S2,286
TEL,10,S2,286
TEL,11,S2,286
TEL,12,S2,286
TEL,13,S2,286
TEL,14,S2,292
TEL,15,S2,286
TEL,16,S2,295
TEL,17,S2,286
TEL,18,S2,292
TEL,19,S2,292
TEL,20,S2,286
TEL,21,S2,292
TEL,22,S2,292
TEL,23,S2,292
TEL,24,S2,295
TEL,25,S2,286
TEL,26,S2,286
TEL,27,S2,286
TEL,28,S2,292
TEL,29,S2,286
TEL,30,S2,286
TEL,31,S2,292
TEL,32,S2,286
TEL,33,S2,286
TEL,34,S2,286
TEL,35,S2,286
TEL,36,S2,292
TEL,37,S2,292
TEL,38,S2,286
TEL,39,S2,286
TEL,40,S2,286
TEL,41,S2,286
TEL,42,S2,295
TEL,43,S2,292
TEL,44,S2,292
TEL,45,S2,286
TEL,46,S2,292
TEL,47,S2,286
TEL,48,S2,292
TEL,49,S2,286
TEL,50,S2,286
TEL,51,S2,292
TEL,52,S2,292
TEL,53,S2,286
TEL,54,S2,286
BTN,1,S2,PRESSED
TEL,55,S2,286
TEL,56,S2,292
TEL,57,S2,286
TEL,58,S2,286
TEL,59,S2,292
TEL,60,S2,292
TEL,61,S2,286
TEL,62,S2,295
BTN,2,S2,PRESSED
TEL,63,S2,283
TEL,64,S2,292
TEL,65,S2,292
TEL,66,S2,295
TEL,67,S2,286
TEL,68,S2,292
TEL,69,S2,286
TEL,70,S2,292
TEL,71,S2,292
BTN,3,S2,PRESSED
TEL,72,S2,292
TEL,73,S2,286
TEL,74,S2,286
TEL,75,S2,292
TEL,76,S2,286
TEL,77,S2,295
TEL,78,S2,286
TEL,79,S2,286
BTN,4,S2,PRESSED
TEL,80,S2,286
TEL,81,S2,286
TEL,82,S2,286
TEL,83,S2,286
TEL,84,S2,286
TEL,85,S2,286
TEL,86,S2,286
TEL,87,S2,286
TEL,88,S2,292
TEL,89,S2,292
BTN,5,S2,PRESSED
TEL,90,S2,292
TEL,91,S2,295
TEL,92,S2,286
TEL,93,S2,292
TEL,94,S2,286
TEL,95,S2,292
TEL,96,S2,295
TEL,97,S2,292
TEL,98,S2,286
TEL,99,S2,286
TEL,100,S2,286
TEL,101,S2,286
TEL,102,S2,295
TEL,103,S2,295
TEL,104,S2,295
BTN,6,S2,PRESSED
TEL,105,S2,286
TEL,106,S2,286
TEL,107,S2,286
TEL,108,S2,286
TEL,109,S2,286
TEL,110,S2,295
TEL,111,S2,286
TEL,112,S2,283
TEL,113,S2,286
TEL,114,S2,286
TEL,115,S2,292
TEL,116,S2,286
TEL,117,S2,286
TEL,118,S2,286
TEL,119,S2,295
TEL,120,S2,286
TEL,121,S2,292
TEL,122,S2,292
BTN,7,S2,PRESSED
TEL,123,S2,286
TEL,124,S2,295
TEL,125,S2,292
TEL,126,S2,286
TEL,127,S2,286
TEL,128,S2,292
TEL,129,S2,292
TEL,130,S2,292
TEL,131,S2,286
TEL,132,S2,292
BTN,8,S2,PRESSED
TEL,133,S2,292
TEL,134,S2,292
TEL,135,S2,286
TEL,136,S2,292
TEL,137,S2,292
TEL,138,S2,292
TEL,139,S2,286
TEL,140,S2,286
TEL,141,S2,292
BTN,9,S2,PRESSED
TEL,142,S2,292
TEL,143,S2,295
TEL,144,S2,286
TEL,145,S2,286
TEL,146,S2,286
TEL,147,S2,286
TEL,148,S2,286
TEL,149,S2,292
BTN,10,S2,PRESSED
TEL,150,S2,292
TEL,151,S2,292
TEL,152,S2,295
TEL,153,S2,292
TEL,154,S2,286
TEL,155,S2,286
TEL,156,S2,292
TEL,157,S2,292
TEL,158,S2,292
BTN,11,S2,PRESSED
TEL,159,S2,292
TEL,160,S2,286
TEL,161,S2,295
TEL,162,S2,286
TEL,163,S2,286
TEL,164,S2,295
TEL,165,S2,286
TEL,166,S2,292
TEL,167,S2,283
BTN,12,S2,PRESSED
TEL,168,S2,295
TEL,169,S2,286
TEL,170,S2,286
TEL,171,S2,292
TEL,172,S2,286
TEL,173,S2,292
TEL,174,S2,292
BTN,13,S2,PRESSED
TEL,175,S2,292
TEL,176,S2,286
TEL,177,S2,292
TEL,178,S2,292
TEL,179,S2,292
TEL,180,S2,286
TEL,181,S2,286
TEL,182,S2,292
TEL,183,S2,286
TEL,184,S2,283
BTN,14,S2,PRESSED
TEL,185,S2,292
TEL,186,S2,292
TEL,187,S2,283
TEL,188,S2,292
TEL,189,S2,292
TEL,190,S2,286
TEL,191,S2,292
TEL,192,S2,292
TEL,193,S2,292
BTN,15,S2,PRESSED
TEL,194,S2,286
TEL,195,S2,295
TEL,196,S2,286
TEL,197,S2,292
TEL,198,S2,292
TEL,199,S2,286
TEL,200,S2,292
TEL,201,S2,286
BTN,16,S2,PRESSED
TEL,202,S2,292
TEL,203,S2,295
TEL,204,S2,292
TEL,205,S2,286
TEL,206,S2,286
TEL,207,S2,286
TEL,208,S2,292
TEL,209,S2,286
TEL,210,S2,286
BTN,17,S2,PRESSED
TEL,211,S2,286
TEL,212,S2,292
TEL,213,S2,292
TEL,214,S2,292
TEL,215,S2,292
TEL,216,S2,286
TEL,217,S2,286
TEL,218,S2,286
TEL,219,S2,292
BTN,18,S2,PRESSED
TEL,220,S2,292
TEL,221,S2,286
TEL,222,S2,286
TEL,223,S2,286
TEL,224,S2,286
TEL,225,S2,295
TEL,226,S2,286
TEL,227,S2,292
BTN,19,S2,PRESSED
TEL,228,S2,292
TEL,229,S2,286
TEL,230,S2,292
TEL,231,S2,286
TEL,232,S2,292
TEL,233,S2,292
TEL,234,S2,292
TEL,235,S2,292
TEL,236,S2,292
BTN,20,S2,PRESSED
TEL,237,S2,292
TEL,238,S2,292
TEL,239,S2,286
TEL,240,S2,292
TEL,241,S2,286
TEL,242,S2,286
TEL,243,S2,292
TEL,244,S2,286
TEL,245,S2,286
BTN,21,S2,PRESSED
TEL,246,S2,286
TEL,247,S2,292
TEL,248,S2,286
TEL,249,S2,286
TEL,250,S2,292
TEL,251,S2,286
TEL,252,S2,286
TEL,253,S2,292
BTN,22,S2,PRESSED
TEL,254,S2,286
TEL,255,S2,295
TEL,256,S2,286
TEL,257,S2,286
TEL,258,S2,286
TEL,259,S2,292
TEL,260,S2,286
TEL,261,S2,292
TEL,262,S2,286
BTN,23,S2,PRESSED
TEL,263,S2,295
TEL,264,S2,286
TEL,265,S2,286
TEL,266,S2,286
TEL,267,S2,286
TEL,268,S2,286
TEL,269,S2,292
TEL,270,S2,292
TEL,271,S2,292
BTN,24,S2,PRESSED
TEL,272,S2,292
TEL,273,S2,286
TEL,274,S2,292
TEL,275,S2,286
TEL,276,S2,292
TEL,277,S2,286
TEL,278,S2,286
TEL,279,S2,286
BTN,25,S2,PRESSED
TEL,280,S2,286
TEL,281,S2,295
TEL,282,S2,292
TEL,283,S2,286
TEL,284,S2,286
TEL,285,S2,286
TEL,286,S2,286
TEL,287,S2,286
BTN,26,S2,PRESSED
TEL,288,S2,295
TEL,289,S2,286
TEL,290,S2,286
TEL,291,S2,292
TEL,292,S2,286
TEL,293,S2,286
TEL,294,S2,292
TEL,295,S2,286
TEL,296,S2,295
BTN,27,S2,PRESSED
TEL,297,S2,295
TEL,298,S2,286
TEL,299,S2,286
TEL,300,S2,295
TEL,301,S2,292
TEL,302,S2,286
TEL,303,S2,286
TEL,304,S2,286
TEL,305,S2,286
BTN,28,S2,PRESSED
TEL,306,S2,286
TEL,307,S2,292
TEL,308,S2,286
TEL,309,S2,286
TEL,310,S2,292
TEL,311,S2,286
TEL,312,S2,286
TEL,313,S2,286
TEL,314,S2,286
BTN,29,S2,PRESSED
TEL,315,S2,283
TEL,316,S2,286
TEL,317,S2,286
TEL,318,S2,286
TEL,319,S2,286
TEL,320,S2,286
TEL,321,S2,286
TEL,322,S2,292
BTN,30,S2,PRESSED
TEL,323,S2,286
TEL,324,S2,286
TEL,325,S2,292
TEL,326,S2,286
TEL,327,S2,286
TEL,328,S2,286
TEL,329,S2,286
TEL,330,S2,292
TEL,331,S2,286
TEL,332,S2,292
TEL,333,S2,292
TEL,334,S2,292
TEL,335,S2,292
TEL,336,S2,286
TEL,337,S2,286
TEL,338,S2,292
TEL,339,S2,286
TEL,340,S2,286
TEL,341,S2,286
TEL,342,S2,286
TEL,343,S2,292
TEL,344,S2,286
TEL,345,S2,292
TEL,346,S2,292
TEL,347,S2,286
TEL,348,S2,286
TEL,349,S2,292
TEL,350,S2,286
TEL,351,S2,295
TEL,352,S2,292
TEL,353,S2,292
TEL,354,S2,292
TEL,355,S2,286
TEL,356,S2,292
TEL,357,S2,292
TEL,358,S2,286
TEL,359,S2,292
TEL,360,S2,286
TEL,361,S2,286
TEL,362,S2,286
TEL,363,S2,286
TEL,364,S2,286
TEL,365,S2,286
TEL,366,S2,292
TEL,367,S2,286
TEL,368,S2,292
TEL,369,S2,286
TEL,370,S2,286
TEL,371,S2,286
TEL,372,S2,286
TEL,373,S2,286
TEL,374,S2,292
TEL,375,S2,286
TEL,376,S2,286
TEL,377,S2,286
TEL,378,S2,292
TEL,379,S2,292
TEL,380,S2,292
TEL,381,S2,292
TEL,382,S2,286
TEL,383,S2,286
TEL,384,S2,295
TEL,385,S2,286
TEL,386,S2,292
TEL,387,S2,292
TEL,388,S2,292
TEL,389,S2,292
TEL,390,S2,286
TEL,391,S2,286
TEL,392,S2,292
TEL,393,S2,295
TEL,394,S2,286
TEL,395,S2,283
TEL,396,S2,292
TEL,397,S2,283
TEL,398,S2,286
TEL,399,S2,286
TEL,400,S2,292
TEL,401,S2,292
TEL,402,S2,286
TEL,403,S2,292
TEL,404,S2,286
TEL,405,S2,286
TEL,406,S2,292
TEL,407,S2,286
TEL,408,S2,292
TEL,409,S2,292
TEL,410,S2,292
TEL,411,S2,286
TEL,412,S2,286
TEL,413,S2,292
TEL,414,S2,286
TEL,415,S2,286
TEL,416,S2,292
TEL,417,S2,286
TEL,418,S2,286
TEL,419,S2,286
>> CMD,STOP
TEL,420,S2,286
TEL,421,S2,295
TEL,422,S2,286
TEL,423,S2,295
TEL,424,S2,286
TEL,425,S2,286
TEL,426,S2,286
TEL,427,S2,286
ACK,STOP
>> CMD,DUMP
ACK,DUMP,30
VER,nogit,Debug,00
REC,1,S2,370699821,26,51,49,5560,0
PRE,1,16,O,51,0,0,0,0
REC,2,S2,370863901,27,51,49,5559,0
PRE,2,17,O,51,0,0,0,0
REC,3,S2,371033840,26,51,2877,5560,0
PRE,3,16,O,51,0,0,0,0
REC,4,S2,371205631,26,51,49,5560,0
PRE,4,16,O,51,0,0,0,0
REC,5,S2,371393073,27,50,3644,5560,0
PRE,5,17,O,50,0,0,0,0
REC,6,S2,371709483,26,54,49,5560,0
PRE,6,16,O,54,0,0,0,0
REC,7,S2,372060002,27,51,49,5559,0
PRE,7,17,O,51,0,0,0,0
REC,8,S2,372264808,26,51,49,5560,0
PRE,8,16,O,51,0,0,0,0
REC,9,S2,372444982,26,51,49,5560,0
PRE,9,16,O,51,0,0,0,0
REC,10,S2,372606011,27,51,49,5560,0
PRE,10,17,O,51,0,0,0,0
REC,11,S2,372774614,27,51,2102,5560,0
PRE,11,17,O,51,0,0,0,0
REC,12,S2,372951217,30,51,5496,5560,0
PRE,12,16,U,51,0,0,0,0
REC,13,S2,373110042,26,51,49,5560,0
PRE,13,16,O,51,0,0,0,0
REC,14,S2,373297859,27,50,50,5559,0
PRE,14,17,O,50,0,0,0,0
REC,15,S2,373473500,30,51,3213,5560,0
PRE,15,17,O,51,0,0,0,0
REC,16,S2,373645956,26,51,49,5560,0
PRE,16,16,O,51,0,0,0,0
REC,17,S2,373813373,27,50,3344,5560,0
PRE,17,17,O,50,0,0,0,0
REC,18,S2,374003302,27,50,50,5559,0
PRE,18,17,O,50,0,0,0,0
REC,19,S2,374168975,27,50,50,5559,0
PRE,19,17,O,50,0,0,0,0
REC,20,S2,374341950,26,51,49,5560,0
PRE,20,16,O,51,0,0,0,0
REC,21,S2,374522498,30,51,49,5560,0
PRE,21,17,O,51,0,0,0,0
REC,22,S2,374684386,27,50,50,5563,0
PRE,22,17,O,50,0,0,0,0
REC,23,S2,374868549,27,51,49,5560,0
PRE,23,17,O,51,0,0,0,0
REC,24,S2,375034876,26,51,1841,5560,0
PRE,24,16,O,51,0,0,0,0
REC,25,S2,375201001,27,50,50,5559,0
PRE,25,17,O,50,0,0,0,0
REC,26,S2,375355090,26,51,1627,5560,0
PRE,26,16,O,51,0,0,0,0
REC,27,S2,375531436,27,51,5280,5560,0
PRE,27,17,O,51,0,0,0,0
REC,28,S2,375719398,27,51,52,5560,0
PRE,28,17,O,51,0,0,0,0
REC,29,S2,375892923,27,51,3793,5560,0
PRE,29,17,O,51,0,0,0,0
REC,30,S2,376067129,27,50,54,5559,0
PRE,30,17,O,50,0,0,0,0
SUM,S2,30,428,0,0,1,0,0,0
CAL,0,0,0,569,4485
MEM,15192,211,88,302
RTS,UartTxTask,50250,5
RTS,IDLE,8240628,960
RTS,TelemetryTask,282795,32
RTS,Tmr Svc,0,0
RTS,ButtonTask,2697,0
END,DUMP
# PC bad_frames=0 tel_rx=428 pc_lost=0
