ACK,START,S2
TEL,0,S2,283
TEL,1,S2,286
TEL,2,S2,286
TEL,3,S2,286
TEL,4,S2,286
TEL,5,S2,286
TEL,6,S2,286
TEL,7,S2,286
TEL,8,S2,286
TEL,9,S2,286
TEL,10,S2,292
TEL,11,S2,286
TEL,12,S2,286
TEL,13,S2,286
TEL,14,S2,286
TEL,15,S2,286
TEL,16,S2,286
TEL,17,S2,286
TEL,18,S2,286
TEL,19,S2,286
TEL,20,S2,286
TEL,21,S2,286
TEL,22,S2,286
TEL,23,S2,286
TEL,24,S2,286
TEL,25,S2,283
TEL,26,S2,286
TEL,27,S2,283
TEL,28,S2,283
TEL,29,S2,286
TEL,30,S2,283
TEL,31,S2,286
TEL,32,S2,286
TEL,33,S2,283
TEL,34,S2,286
TEL,35,S2,286
TEL,36,S2,286
TEL,37,S2,286
TEL,38,S2,286
TEL,39,S2,286
TEL,40,S2,283
TEL,41,S2,286
TEL,42,S2,283
TEL,43,S2,286
TEL,44,S2,283
TEL,45,S2,286
TEL,46,S2,286
TEL,47,S2,286
TEL,48,S2,286
TEL,49,S2,286
TEL,50,S2,283
TEL,51,S2,286
TEL,52,S2,286
TEL,53,S2,286
TEL,54,S2,283
TEL,55,S2,286
TEL,56,S2,286
TEL,57,S2,286
TEL,58,S2,286
TEL,59,S2,286
TEL,60,S2,295
TEL,61,S2,286
TEL,62,S2,283
TEL,63,S2,286
TEL,64,S2,286
TEL,65,S2,286
TEL,66,S2,286
TEL,67,S2,286
BTN,1,S2,PRESSED
TEL,68,S2,286
TEL,69,S2,286
TEL,70,S2,283
TEL,71,S2,286
TEL,72,S2,286
TEL,73,S2,283
TEL,74,S2,286
TEL,75,S2,286
TEL,76,S2,286
TEL,77,S2,283
BTN,2,S2,PRESSED
TEL,78,S2,286
TEL,79,S2,283
TEL,80,S2,283
TEL,81,S2,286
TEL,82,S2,283
TEL,83,S2,283
TEL,84,S2,286
TEL,85,S2,286
BTN,3,S2,PRESSED
TEL,86,S2,283
TEL,87,S2,286
TEL,88,S2,286
TEL,89,S2,286
TEL,90,S2,283
TEL,91,S2,286
BTN,4,S2,PRESSED
TEL,92,S2,286
TEL,93,S2,286
TEL,94,S2,283
TEL,95,S2,283
TEL,96,S2,283
TEL,97,S2,292
TEL,98,S2,283
TEL,99,S2,286
BTN,5,S2,PRESSED
TEL,100,S2,286
TEL,101,S2,286
TEL,102,S2,286
TEL,103,S2,286
TEL,104,S2,283
TEL,105,S2,283
TEL,106,S2,286
TEL,107,S2,286
BTN,6,S2,PRESSED
TEL,108,S2,283
TEL,109,S2,286
TEL,110,S2,286
TEL,111,S2,286
TEL,112,S2,286
TEL,113,S2,286
TEL,114,S2,286
BTN,7,S2,PRESSED
TEL,115,S2,286
TEL,116,S2,286
TEL,117,S2,286
TEL,118,S2,286
TEL,119,S2,286
TEL,120,S2,283
TEL,121,S2,292
TEL,122,S2,283
BTN,8,S2,PRESSED
TEL,123,S2,286
TEL,124,S2,292
TEL,125,S2,286
TEL,126,S2,283
TEL,127,S2,286
TEL,128,S2,286
TEL,129,S2,283
BTN,9,S2,PRESSED
TEL,130,S2,286
TEL,131,S2,283
TEL,132,S2,286
TEL,133,S2,286
TEL,134,S2,283
TEL,135,S2,283
TEL,136,S2,283
TEL,137,S2,280
BTN,10,S2,PRESSED
TEL,138,S2,286
TEL,139,S2,283
TEL,140,S2,286
TEL,141,S2,286
TEL,142,S2,286
TEL,143,S2,283
TEL,144,S2,286
TEL,145,S2,286
BTN,11,S2,PRESSED
TEL,146,S2,286
TEL,147,S2,286
TEL,148,S2,286
TEL,149,S2,286
TEL,150,S2,283
TEL,151,S2,283
TEL,152,S2,286
TEL,153,S2,286
TEL,154,S2,286
BTN,12,S2,PRESSED
TEL,155,S2,286
TEL,156,S2,286
TEL,157,S2,283
TEL,158,S2,286
TEL,159,S2,286
TEL,160,S2,286
TEL,161,S2,286
BTN,13,S2,PRESSED
TEL,162,S2,286
TEL,163,S2,286
TEL,164,S2,286
TEL,165,S2,286
TEL,166,S2,286
TEL,167,S2,286
TEL,168,S2,286
BTN,14,S2,PRESSED
TEL,169,S2,286
TEL,170,S2,286
TEL,171,S2,283
TEL,172,S2,286
TEL,173,S2,286
TEL,174,S2,286
TEL,175,S2,286
TEL,176,S2,286
BTN,15,S2,PRESSED
TEL,177,S2,286
TEL,178,S2,286
TEL,179,S2,286
TEL,180,S2,286
TEL,181,S2,286
TEL,182,S2,286
TEL,183,S2,286
BTN,16,S2,PRESSED
TEL,184,S2,283
TEL,185,S2,292
TEL,186,S2,286
TEL,187,S2,286
TEL,188,S2,283
TEL,189,S2,286
TEL,190,S2,295
TEL,191,S2,283
TEL,192,S2,286
TEL,193,S2,292
TEL,194,S2,286
TEL,195,S2,286
TEL,196,S2,283
TEL,197,S2,286
TEL,198,S2,286
BTN,17,S2,PRESSED
TEL,199,S2,286
TEL,200,S2,286
TEL,201,S2,286
TEL,202,S2,286
TEL,203,S2,283
TEL,204,S2,283
TEL,205,S2,292
BTN,18,S2,PRESSED
TEL,206,S2,286
TEL,207,S2,286
TEL,208,S2,286
TEL,209,S2,286
TEL,210,S2,286
TEL,211,S2,286
TEL,212,S2,286
TEL,213,S2,286
BTN,19,S2,PRESSED
TEL,214,S2,286
TEL,215,S2,286
TEL,216,S2,286
TEL,217,S2,283
TEL,218,S2,286
TEL,219,S2,286
TEL,220,S2,286
TEL,221,S2,286
BTN,20,S2,PRESSED
TEL,222,S2,286
TEL,223,S2,286
TEL,224,S2,283
TEL,225,S2,286
TEL,226,S2,286
TEL,227,S2,286
TEL,228,S2,283
TEL,229,S2,283
BTN,21,S2,PRESSED
TEL,230,S2,286
TEL,231,S2,286
TEL,232,S2,283
TEL,233,S2,286
TEL,234,S2,292
TEL,235,S2,286
TEL,236,S2,286
TEL,237,S2,286
BTN,22,S2,PRESSED
TEL,238,S2,286
TEL,239,S2,292
TEL,240,S2,286
TEL,241,S2,286
TEL,242,S2,286
TEL,243,S2,286
TEL,244,S2,283
TEL,245,S2,286
BTN,23,S2,PRESSED
TEL,246,S2,286
TEL,247,S2,292
TEL,248,S2,286
TEL,249,S2,286
TEL,250,S2,286
TEL,251,S2,286
TEL,252,S2,283
TEL,253,S2,286
BTN,24,S2,PRESSED
TEL,254,S2,292
TEL,255,S2,286
TEL,256,S2,286
TEL,257,S2,286
TEL,258,S2,286
TEL,259,S2,283
TEL,260,S2,286
BTN,25,S2,PRESSED
TEL,261,S2,286
TEL,262,S2,286
TEL,263,S2,286
TEL,264,S2,283
TEL,265,S2,286
TEL,266,S2,286
TEL,267,S2,286
TEL,268,S2,286
TEL,269,S2,286
TEL,270,S2,286
BTN,26,S2,PRESSED
TEL,271,S2,286
TEL,272,S2,286
TEL,273,S2,283
TEL,274,S2,292
TEL,275,S2,286
TEL,276,S2,283
TEL,277,S2,283
TEL,278,S2,286
TEL,279,S2,283
TEL,280,S2,286
TEL,281,S2,286
TEL,282,S2,286
TEL,283,S2,286
TEL,284,S2,286
TEL,285,S2,286
TEL,286,S2,286
TEL,287,S2,286
TEL,288,S2,286
TEL,289,S2,286
TEL,290,S2,283
TEL,291,S2,286
TEL,292,S2,286
TEL,293,S2,286
TEL,294,S2,292
TEL,295,S2,286
TEL,296,S2,286
TEL,297,S2,286
TEL,298,S2,286
TEL,299,S2,286
TEL,300,S2,286
TEL,301,S2,286
TEL,302,S2,286
TEL,303,S2,286
TEL,304,S2,286
TEL,305,S2,286
TEL,306,S2,286
TEL,307,S2,286
TEL,308,S2,283
TEL,309,S2,286
TEL,310,S2,286
TEL,311,S2,286
TEL,312,S2,286
TEL,313,S2,286
TEL,314,S2,286
TEL,315,S2,283
TEL,316,S2,286
TEL,317,S2,286
TEL,318,S2,292
TEL,319,S2,286
TEL,320,S2,286
TEL,321,S2,283
BTN,27,S2,PRESSED
TEL,322,S2,286
TEL,323,S2,286
TEL,324,S2,286
TEL,325,S2,286
TEL,326,S2,286
TEL,327,S2,283
TEL,328,S2,286
TEL,329,S2,286
TEL,330,S2,286
TEL,331,S2,292
BTN,28,S2,PRESSED
TEL,332,S2,283
TEL,333,S2,286
TEL,334,S2,286
TEL,335,S2,286
TEL,336,S2,283
TEL,337,S2,286
TEL,338,S2,286
TEL,339,S2,286
TEL,340,S2,286
TEL,341,S2,283
BTN,29,S2,PRESSED
TEL,342,S2,286
TEL,343,S2,286
TEL,344,S2,286
TEL,345,S2,286
TEL,346,S2,286
TEL,347,S2,283
TEL,348,S2,286
TEL,349,S2,286
TEL,350,S2,286
TEL,351,S2,283
TEL,352,S2,286
TEL,353,S2,286
TEL,354,S2,286
TEL,355,S2,286
TEL,356,S2,286
TEL,357,S2,286
TEL,358,S2,286
BTN,30,S2,PRESSED
TEL,359,S2,286
TEL,360,S2,286
TEL,361,S2,292
TEL,362,S2,286
TEL,363,S2,286
TEL,364,S2,283
TEL,365,S2,286
TEL,366,S2,286
TEL,367,S2,286
TEL,368,S2,286
TEL,369,S2,292
TEL,370,S2,286
TEL,371,S2,286
TEL,372,S2,292
TEL,373,S2,286
TEL,374,S2,286
TEL,375,S2,286
TEL,376,S2,286
TEL,377,S2,283
TEL,378,S2,286
TEL,379,S2,286
TEL,380,S2,283
TEL,381,S2,286
TEL,382,S2,286
TEL,383,S2,286
TEL,384,S2,286
TEL,385,S2,286
TEL,386,S2,283
TEL,387,S2,286
TEL,388,S2,283
TEL,389,S2,286
TEL,390,S2,286
TEL,391,S2,283
TEL,392,S2,286
TEL,393,S2,292
TEL,394,S2,283
TEL,395,S2,286
TEL,396,S2,286
TEL,397,S2,286
TEL,398,S2,286
TEL,399,S2,286
TEL,400,S2,286
TEL,401,S2,286
TEL,402,S2,283
TEL,403,S2,286
TEL,404,S2,283
TEL,405,S2,286
TEL,406,S2,286
TEL,407,S2,286
TEL,408,S2,286
TEL,409,S2,283
TEL,410,S2,286
TEL,411,S2,283
TEL,412,S2,286
TEL,413,S2,286
TEL,414,S2,286
TEL,415,S2,286
TEL,416,S2,286
TEL,417,S2,286
TEL,418,S2,283
TEL,419,S2,292
TEL,420,S2,286
TEL,421,S2,286
TEL,422,S2,286
TEL,423,S2,283
TEL,424,S2,286
TEL,425,S2,286
TEL,426,S2,286
TEL,427,S2,283
TEL,428,S2,286
TEL,429,S2,286
TEL,430,S2,286
TEL,431,S2,286
>> CMD,STOP
TEL,432,S2,286
TEL,433,S2,286
TEL,434,S2,283
TEL,435,S2,286
ACK,STOP
>> CMD,DUMP
ACK,DUMP,30
VER,nogit,Debug,00
REC,1,S2,891529124,27,50,54,5559,0
PRE,1,17,O,50,0,0,0,0
REC,2,S2,891723586,26,51,3596,5560,0
PRE,2,16,O,51,0,0,0,0
REC,3,S2,891883077,27,51,4104,5560,0
PRE,3,17,O,51,0,0,0,0
REC,4,S2,892013677,27,50,49,5560,0
PRE,4,17,O,50,0,0,0,0
REC,5,S2,892171076,27,50,49,5560,0
PRE,5,17,O,50,0,0,0,0
REC,6,S2,892326456,26,51,727,5559,0
PRE,6,16,O,51,0,0,0,0
REC,7,S2,892469568,26,51,49,5560,0
PRE,7,17,O,51,0,0,0,0
REC,8,S2,892625096,26,51,2087,5559,0
PRE,8,16,O,51,0,0,0,0
REC,9,S2,892780022,27,50,50,5559,0
PRE,9,17,O,50,0,0,0,0
REC,10,S2,892938910,27,54,49,5560,0
PRE,10,17,O,54,0,0,0,0
REC,11,S2,893091314,26,51,49,5560,0
PRE,11,16,O,51,0,0,0,0
REC,12,S2,893262911,27,54,4268,5559,0
PRE,12,17,O,54,0,0,0,0
REC,13,S2,893403623,27,51,3559,5559,0
PRE,13,17,O,51,0,0,0,0
REC,14,S2,893556564,26,51,49,5560,0
PRE,14,16,O,51,0,0,0,0
REC,15,S2,893709455,27,51,49,5560,0
PRE,15,17,O,51,0,0,0,0
REC,16,S2,893841596,82,51,5635,5559,0
PRE,16,70,T,51,0,0,0,0
REC,17,S2,894143757,26,51,3426,5559,0
PRE,17,16,O,51,0,0,0,0
REC,18,S2,894300178,26,55,49,5560,0
PRE,18,16,O,55,0,0,0,0
REC,19,S2,894460071,27,50,50,5559,0
PRE,19,17,O,50,0,0,0,0
REC,20,S2,894617151,26,55,49,5560,0
PRE,20,16,O,55,0,0,0,0
REC,21,S2,894775768,27,51,49,5560,0
PRE,21,17,O,51,0,0,0,0
REC,22,S2,894935855,26,51,53,5559,0
PRE,22,16,O,51,0,0,0,0
REC,23,S2,895096078,26,51,49,5560,0
PRE,23,16,O,51,0,0,0,0
REC,24,S2,895250024,27,50,50,5559,0
PRE,24,17,O,50,0,0,0,0
REC,25,S2,895400181,26,55,49,5560,0
PRE,25,16,O,55,0,0,0,0
REC,26,S2,895588195,31,50,50,5559,0
PRE,26,17,O,50,0,0,0,0
REC,27,S2,896609809,27,51,49,5560,0
PRE,27,17,O,51,0,0,0,0
REC,28,S2,896811499,27,50,50,5559,0
PRE,28,17,O,50,0,0,0,0
REC,29,S2,897012731,27,51,49,5560,0
PRE,29,17,O,51,0,0,0,0
REC,30,S2,897353735,27,51,49,5560,0
PRE,30,17,O,51,0,0,0,0
SUM,S2,30,436,0,0,2,0,0,0
CAL,0,0,0,573,4485
MEM,15192,205,88,302
RTS,UartTxTask,50751,5
RTS,IDLE,8392957,960
RTS,TelemetryTask,289949,33
RTS,Tmr Svc,0,0
RTS,ButtonTask,2712,0
END,DUMP
# PC bad_frames=0 tel_rx=436 pc_lost=0
