ACK,START,S2
TEL,0,S2,277
TEL,1,S2,277
TEL,2,S2,283
TEL,3,S2,274
TEL,4,S2,277
TEL,5,S2,277
TEL,6,S2,277
TEL,7,S2,280
TEL,8,S2,280
TEL,9,S2,274
TEL,10,S2,280
TEL,11,S2,280
TEL,12,S2,277
TEL,13,S2,280
TEL,14,S2,277
TEL,15,S2,280
TEL,16,S2,277
TEL,17,S2,277
TEL,18,S2,277
TEL,19,S2,280
TEL,20,S2,277
TEL,21,S2,277
TEL,22,S2,280
TEL,23,S2,280
TEL,24,S2,274
TEL,25,S2,280
TEL,26,S2,280
TEL,27,S2,277
TEL,28,S2,280
TEL,29,S2,277
TEL,30,S2,277
TEL,31,S2,280
TEL,32,S2,277
TEL,33,S2,277
TEL,34,S2,277
TEL,35,S2,277
TEL,36,S2,280
TEL,37,S2,277
TEL,38,S2,280
TEL,39,S2,280
TEL,40,S2,274
TEL,41,S2,277
TEL,42,S2,277
TEL,43,S2,274
TEL,44,S2,277
TEL,45,S2,277
TEL,46,S2,274
TEL,47,S2,280
TEL,48,S2,277
TEL,49,S2,277
TEL,50,S2,277
TEL,51,S2,280
TEL,52,S2,277
TEL,53,S2,277
TEL,54,S2,274
TEL,55,S2,274
TEL,56,S2,277
TEL,57,S2,277
TEL,58,S2,280
TEL,59,S2,277
TEL,60,S2,277
TEL,61,S2,280
TEL,62,S2,277
TEL,63,S2,277
TEL,64,S2,280
TEL,65,S2,277
TEL,66,S2,277
TEL,67,S2,274
TEL,68,S2,277
TEL,69,S2,277
TEL,70,S2,277
TEL,71,S2,280
TEL,72,S2,277
TEL,73,S2,280
TEL,74,S2,277
TEL,75,S2,277
TEL,76,S2,277
TEL,77,S2,280
TEL,78,S2,280
TEL,79,S2,277
TEL,80,S2,277
TEL,81,S2,277
TEL,82,S2,280
TEL,83,S2,277
TEL,84,S2,280
TEL,85,S2,277
TEL,86,S2,277
TEL,87,S2,277
TEL,88,S2,280
TEL,89,S2,280
TEL,90,S2,277
TEL,91,S2,277
TEL,92,S2,277
TEL,93,S2,274
TEL,94,S2,280
TEL,95,S2,277
TEL,96,S2,277
TEL,97,S2,277
TEL,98,S2,277
TEL,99,S2,277
TEL,100,S2,280
TEL,101,S2,277
TEL,102,S2,277
TEL,103,S2,277
TEL,104,S2,280
TEL,105,S2,277
TEL,106,S2,274
TEL,107,S2,280
TEL,108,S2,280
TEL,109,S2,277
TEL,110,S2,280
TEL,111,S2,283
TEL,112,S2,277
TEL,113,S2,277
TEL,114,S2,277
TEL,115,S2,277
TEL,116,S2,277
TEL,117,S2,277
TEL,118,S2,277
TEL,119,S2,280
TEL,120,S2,274
TEL,121,S2,277
TEL,122,S2,277
TEL,123,S2,277
TEL,124,S2,280
TEL,125,S2,283
TEL,126,S2,280
TEL,127,S2,277
TEL,128,S2,280
TEL,129,S2,277
TEL,130,S2,277
TEL,131,S2,277
TEL,132,S2,277
TEL,133,S2,280
TEL,134,S2,277
TEL,135,S2,277
TEL,136,S2,280
TEL,137,S2,277
TEL,138,S2,277
TEL,139,S2,277
TEL,140,S2,277
TEL,141,S2,280
BTN,1,S2,PRESSED
TEL,142,S2,277
TEL,143,S2,277
TEL,144,S2,277
TEL,145,S2,277
TEL,146,S2,277
TEL,147,S2,280
TEL,148,S2,277
BTN,2,S2,PRESSED
TEL,149,S2,277
TEL,150,S2,277
TEL,151,S2,277
TEL,152,S2,277
TEL,153,S2,277
TEL,154,S2,277
TEL,155,S2,277
TEL,156,S2,277
TEL,157,S2,280
BTN,3,S2,PRESSED
TEL,158,S2,277
TEL,159,S2,277
TEL,160,S2,277
TEL,161,S2,277
TEL,162,S2,277
TEL,163,S2,280
TEL,164,S2,274
TEL,165,S2,280
BTN,4,S2,PRESSED
TEL,166,S2,280
TEL,167,S2,277
TEL,168,S2,280
TEL,169,S2,277
TEL,170,S2,274
TEL,171,S2,274
TEL,172,S2,280
TEL,173,S2,277
BTN,5,S2,PRESSED
TEL,174,S2,274
TEL,175,S2,277
TEL,176,S2,280
TEL,177,S2,277
TEL,178,S2,277
TEL,179,S2,277
TEL,180,S2,280
TEL,181,S2,280
TEL,182,S2,277
BTN,6,S2,PRESSED
TEL,183,S2,277
TEL,184,S2,280
TEL,185,S2,280
TEL,186,S2,277
TEL,187,S2,277
TEL,188,S2,280
TEL,189,S2,277
TEL,190,S2,277
BTN,7,S2,PRESSED
TEL,191,S2,277
TEL,192,S2,277
TEL,193,S2,277
TEL,194,S2,280
TEL,195,S2,283
TEL,196,S2,277
TEL,197,S2,283
TEL,198,S2,277
TEL,199,S2,280
TEL,200,S2,280
BTN,8,S2,PRESSED
TEL,201,S2,277
TEL,202,S2,280
TEL,203,S2,277
TEL,204,S2,277
TEL,205,S2,280
TEL,206,S2,280
TEL,207,S2,280
BTN,9,S2,PRESSED
TEL,208,S2,277
TEL,209,S2,280
TEL,210,S2,280
TEL,211,S2,277
TEL,212,S2,277
TEL,213,S2,277
TEL,214,S2,280
TEL,215,S2,280
BTN,10,S2,PRESSED
TEL,216,S2,280
TEL,217,S2,283
TEL,218,S2,277
TEL,219,S2,283
TEL,220,S2,277
TEL,221,S2,277
TEL,222,S2,280
TEL,223,S2,277
TEL,224,S2,277
BTN,11,S2,PRESSED
TEL,225,S2,274
TEL,226,S2,277
TEL,227,S2,277
TEL,228,S2,274
TEL,229,S2,277
TEL,230,S2,277
TEL,231,S2,277
TEL,232,S2,280
TEL,233,S2,280
BTN,12,S2,PRESSED
TEL,234,S2,277
TEL,235,S2,280
TEL,236,S2,280
TEL,237,S2,277
TEL,238,S2,283
TEL,239,S2,280
TEL,240,S2,277
TEL,241,S2,277
BTN,13,S2,PRESSED
TEL,242,S2,283
TEL,243,S2,277
TEL,244,S2,277
TEL,245,S2,283
TEL,246,S2,277
TEL,247,S2,277
TEL,248,S2,280
TEL,249,S2,277
TEL,250,S2,280
BTN,14,S2,PRESSED
TEL,251,S2,277
TEL,252,S2,277
TEL,253,S2,280
TEL,254,S2,277
TEL,255,S2,277
TEL,256,S2,280
TEL,257,S2,277
TEL,258,S2,280
BTN,15,S2,PRESSED
TEL,259,S2,280
TEL,260,S2,277
TEL,261,S2,277
TEL,262,S2,277
TEL,263,S2,280
TEL,264,S2,277
TEL,265,S2,277
TEL,266,S2,280
BTN,16,S2,PRESSED
TEL,267,S2,280
TEL,268,S2,274
TEL,269,S2,277
TEL,270,S2,277
TEL,271,S2,280
TEL,272,S2,277
TEL,273,S2,277
TEL,274,S2,280
TEL,275,S2,280
BTN,17,S2,PRESSED
TEL,276,S2,277
TEL,277,S2,283
TEL,278,S2,277
TEL,279,S2,277
TEL,280,S2,280
TEL,281,S2,277
TEL,282,S2,277
TEL,283,S2,280
TEL,284,S2,280
BTN,18,S2,PRESSED
TEL,285,S2,274
TEL,286,S2,277
TEL,287,S2,277
TEL,288,S2,277
TEL,289,S2,277
TEL,290,S2,280
TEL,291,S2,277
TEL,292,S2,277
TEL,293,S2,277
BTN,19,S2,PRESSED
TEL,294,S2,277
TEL,295,S2,280
TEL,296,S2,280
TEL,297,S2,280
TEL,298,S2,277
TEL,299,S2,277
TEL,300,S2,277
TEL,301,S2,277
BTN,20,S2,PRESSED
TEL,302,S2,280
TEL,303,S2,277
TEL,304,S2,280
TEL,305,S2,277
TEL,306,S2,277
TEL,307,S2,277
TEL,308,S2,280
TEL,309,S2,277
BTN,21,S2,PRESSED
TEL,310,S2,280
TEL,311,S2,280
TEL,312,S2,277
TEL,313,S2,277
TEL,314,S2,280
TEL,315,S2,277
TEL,316,S2,280
TEL,317,S2,277
TEL,318,S2,277
BTN,22,S2,PRESSED
TEL,319,S2,274
TEL,320,S2,280
TEL,321,S2,277
TEL,322,S2,277
TEL,323,S2,280
TEL,324,S2,280
TEL,325,S2,274
TEL,326,S2,277
BTN,23,S2,PRESSED
TEL,327,S2,277
TEL,328,S2,277
TEL,329,S2,280
TEL,330,S2,280
TEL,331,S2,280
TEL,332,S2,280
TEL,333,S2,277
TEL,334,S2,280
TEL,335,S2,277
TEL,336,S2,280
BTN,24,S2,PRESSED
TEL,337,S2,277
TEL,338,S2,280
TEL,339,S2,280
TEL,340,S2,277
TEL,341,S2,280
TEL,342,S2,277
TEL,343,S2,277
TEL,344,S2,277
TEL,345,S2,280
BTN,25,S2,PRESSED
TEL,346,S2,277
TEL,347,S2,280
TEL,348,S2,280
TEL,349,S2,277
TEL,350,S2,277
TEL,351,S2,274
TEL,352,S2,277
TEL,353,S2,280
TEL,354,S2,277
BTN,26,S2,PRESSED
TEL,355,S2,283
TEL,356,S2,277
TEL,357,S2,277
TEL,358,S2,280
TEL,359,S2,280
TEL,360,S2,280
TEL,361,S2,277
TEL,362,S2,277
TEL,363,S2,277
BTN,27,S2,PRESSED
TEL,364,S2,280
TEL,365,S2,280
TEL,366,S2,277
TEL,367,S2,277
TEL,368,S2,280
TEL,369,S2,277
TEL,370,S2,280
TEL,371,S2,283
BTN,28,S2,PRESSED
TEL,372,S2,280
TEL,373,S2,280
TEL,374,S2,277
TEL,375,S2,280
TEL,376,S2,280
TEL,377,S2,280
TEL,378,S2,277
TEL,379,S2,274
TEL,380,S2,277
BTN,29,S2,PRESSED
TEL,381,S2,280
TEL,382,S2,280
TEL,383,S2,277
TEL,384,S2,277
TEL,385,S2,277
TEL,386,S2,280
TEL,387,S2,280
TEL,388,S2,280
TEL,389,S2,277
TEL,390,S2,280
TEL,391,S2,280
TEL,392,S2,277
TEL,393,S2,280
TEL,394,S2,280
TEL,395,S2,280
TEL,396,S2,280
TEL,397,S2,277
TEL,398,S2,277
TEL,399,S2,277
TEL,400,S2,274
TEL,401,S2,277
TEL,402,S2,277
TEL,403,S2,277
TEL,404,S2,274
TEL,405,S2,283
TEL,406,S2,280
TEL,407,S2,277
TEL,408,S2,283
TEL,409,S2,277
TEL,410,S2,277
TEL,411,S2,277
TEL,412,S2,280
TEL,413,S2,277
TEL,414,S2,277
TEL,415,S2,280
TEL,416,S2,280
TEL,417,S2,277
TEL,418,S2,283
TEL,419,S2,274
TEL,420,S2,280
TEL,421,S2,280
TEL,422,S2,280
TEL,423,S2,280
TEL,424,S2,277
TEL,425,S2,283
TEL,426,S2,280
TEL,427,S2,283
TEL,428,S2,280
TEL,429,S2,277
TEL,430,S2,277
TEL,431,S2,277
TEL,432,S2,277
TEL,433,S2,280
TEL,434,S2,283
BTN,30,S2,PRESSED
TEL,435,S2,277
TEL,436,S2,277
TEL,437,S2,280
TEL,438,S2,277
TEL,439,S2,280
TEL,440,S2,280
TEL,441,S2,277
TEL,442,S2,280
TEL,443,S2,277
TEL,444,S2,277
TEL,445,S2,280
TEL,446,S2,283
TEL,447,S2,277
TEL,448,S2,280
TEL,449,S2,280
TEL,450,S2,280
TEL,451,S2,280
TEL,452,S2,280
TEL,453,S2,280
TEL,454,S2,280
TEL,455,S2,283
TEL,456,S2,280
TEL,457,S2,280
TEL,458,S2,280
TEL,459,S2,277
TEL,460,S2,277
TEL,461,S2,280
TEL,462,S2,280
TEL,463,S2,280
TEL,464,S2,280
TEL,465,S2,277
TEL,466,S2,277
TEL,467,S2,280
TEL,468,S2,280
TEL,469,S2,280
TEL,470,S2,277
TEL,471,S2,277
TEL,472,S2,280
TEL,473,S2,277
TEL,474,S2,280
TEL,475,S2,280
TEL,476,S2,280
TEL,477,S2,280
TEL,478,S2,280
TEL,479,S2,277
TEL,480,S2,274
TEL,481,S2,280
TEL,482,S2,280
TEL,483,S2,277
TEL,484,S2,277
TEL,485,S2,283
TEL,486,S2,277
TEL,487,S2,277
TEL,488,S2,280
TEL,489,S2,280
TEL,490,S2,280
TEL,491,S2,277
TEL,492,S2,280
TEL,493,S2,277
TEL,494,S2,280
TEL,495,S2,280
TEL,496,S2,280
TEL,497,S2,277
TEL,498,S2,280
TEL,499,S2,280
TEL,500,S2,280
TEL,501,S2,277
TEL,502,S2,277
TEL,503,S2,280
TEL,504,S2,277
TEL,505,S2,277
TEL,506,S2,280
TEL,507,S2,280
TEL,508,S2,280
TEL,509,S2,277
TEL,510,S2,277
>> CMD,STOP
TEL,511,S2,280
TEL,512,S2,280
TEL,513,S2,277
TEL,514,S2,277
TEL,515,S2,280
TEL,516,S2,277
ACK,STOP
>> CMD,DUMP
ACK,DUMP,30
VER,nogit,Debug,00
REC,1,S2,110118656,532,55,5635,5560,0
PRE,1,520,T,55,0,0,0,0
REC,2,S2,110275847,26,51,49,5560,0
PRE,2,16,O,51,0,0,0,0
REC,3,S2,110445079,27,50,49,5560,0
PRE,3,17,O,50,0,0,0,0
REC,4,S2,110604003,27,51,690,5560,0
PRE,4,17,O,51,0,0,0,0
REC,5,S2,110774348,26,51,49,5560,0
PRE,5,16,O,51,0,0,0,0
REC,6,S2,110939399,26,51,5295,5560,0
PRE,6,16,O,51,0,0,0,0
REC,7,S2,111111827,26,51,49,5560,0
PRE,7,16,O,51,0,0,0,0
REC,8,S2,111304209,31,50,481,5560,0
PRE,8,17,O,50,0,0,0,0
REC,9,S2,111453611,26,51,49,5560,0
PRE,9,17,O,51,0,0,0,0
REC,10,S2,111617364,27,50,50,5563,0
PRE,10,17,O,50,0,0,0,0
REC,11,S2,111788855,27,51,49,5560,0
PRE,11,17,O,51,0,0,0,0
REC,12,S2,111960621,27,50,4073,5560,0
PRE,12,17,O,50,0,0,0,0
REC,13,S2,112123253,26,51,1441,5560,0
PRE,13,16,O,51,0,0,0,0
REC,14,S2,112301167,27,55,3522,5560,0
PRE,14,17,O,55,0,0,0,0
REC,15,S2,112468942,26,51,49,5560,0
PRE,15,16,O,51,0,0,0,0
REC,16,S2,112638374,27,51,727,5560,0
PRE,16,17,O,51,0,0,1,667
REC,17,S2,112802988,27,51,1705,5560,0
PRE,17,17,O,51,0,0,0,0
REC,18,S2,112985506,27,51,49,5560,0
PRE,18,17,O,51,0,0,0,0
REC,19,S2,113162020,26,51,2674,5560,0
PRE,19,16,O,51,0,0,0,0
REC,20,S2,113336166,26,56,49,5560,0
PRE,20,17,O,56,0,0,0,0
REC,21,S2,113498132,27,50,54,5559,0
PRE,21,17,O,50,0,0,0,0
REC,22,S2,113677661,27,50,50,5559,0
PRE,22,17,O,50,0,0,0,0
REC,23,S2,113833788,27,51,49,5560,0
PRE,23,17,O,51,0,0,0,0
REC,24,S2,114023287,26,51,1407,5560,0
PRE,24,16,O,51,0,0,0,0
REC,25,S2,114214268,27,50,50,5559,0
PRE,25,17,O,50,0,0,0,0
REC,26,S2,114389076,27,50,50,5559,0
PRE,26,17,O,50,0,0,0,0
REC,27,S2,114566948,27,51,49,5560,0
PRE,27,17,O,51,0,0,0,0
REC,28,S2,114735007,27,51,49,5560,0
PRE,28,17,O,51,0,0,0,0
REC,29,S2,114912497,27,51,49,5560,0
PRE,29,17,O,51,0,0,0,0
REC,30,S2,115989182,27,55,49,5560,0
PRE,30,17,O,55,0,0,0,0
SUM,S2,30,517,0,0,2,0,0,0
CAL,0,0,0,569,4485
MEM,15192,211,81,302
RTS,UartTxTask,60167,5
RTS,IDLE,9942016,960
RTS,TelemetryTask,341728,33
RTS,Tmr Svc,0,0
RTS,ButtonTask,2707,0
END,DUMP
# PC bad_frames=0 tel_rx=517 pc_lost=0
