ACK,START,S2
TEL,0,S2,283
TEL,1,S2,292
TEL,2,S2,286
TEL,3,S2,286
TEL,4,S2,292
TEL,5,S2,286
TEL,6,S2,286
TEL,7,S2,286
TEL,8,S2,286
TEL,9,S2,286
TEL,10,S2,286
TEL,11,S2,286
TEL,12,S2,286
TEL,13,S2,286
TEL,14,S2,286
TEL,15,S2,286
TEL,16,S2,283
TEL,17,S2,283
TEL,18,S2,283
TEL,19,S2,286
TEL,20,S2,286
TEL,21,S2,286
TEL,22,S2,286
TEL,23,S2,286
TEL,24,S2,283
TEL,25,S2,286
TEL,26,S2,283
TEL,27,S2,286
TEL,28,S2,286
TEL,29,S2,286
TEL,30,S2,286
TEL,31,S2,286
TEL,32,S2,286
TEL,33,S2,283
TEL,34,S2,286
TEL,35,S2,286
TEL,36,S2,283
TEL,37,S2,283
TEL,38,S2,286
TEL,39,S2,283
TEL,40,S2,286
TEL,41,S2,286
TEL,42,S2,286
TEL,43,S2,283
TEL,44,S2,283
TEL,45,S2,283
TEL,46,S2,286
TEL,47,S2,286
TEL,48,S2,283
TEL,49,S2,286
TEL,50,S2,286
TEL,51,S2,283
TEL,52,S2,292
TEL,53,S2,286
TEL,54,S2,286
TEL,55,S2,286
TEL,56,S2,286
TEL,57,S2,286
TEL,58,S2,283
TEL,59,S2,286
TEL,60,S2,283
TEL,61,S2,286
TEL,62,S2,286
TEL,63,S2,286
TEL,64,S2,286
TEL,65,S2,286
TEL,66,S2,286
TEL,67,S2,286
TEL,68,S2,286
TEL,69,S2,286
TEL,70,S2,292
TEL,71,S2,286
TEL,72,S2,286
TEL,73,S2,286
TEL,74,S2,292
TEL,75,S2,286
TEL,76,S2,286
TEL,77,S2,283
TEL,78,S2,286
TEL,79,S2,286
TEL,80,S2,286
TEL,81,S2,286
TEL,82,S2,286
TEL,83,S2,283
TEL,84,S2,286
TEL,85,S2,286
TEL,86,S2,286
TEL,87,S2,286
TEL,88,S2,286
TEL,89,S2,283
TEL,90,S2,286
TEL,91,S2,292
TEL,92,S2,286
TEL,93,S2,286
TEL,94,S2,286
TEL,95,S2,286
TEL,96,S2,286
TEL,97,S2,283
TEL,98,S2,286
TEL,99,S2,286
TEL,100,S2,286
TEL,101,S2,283
TEL,102,S2,286
TEL,103,S2,286
TEL,104,S2,283
TEL,105,S2,286
TEL,106,S2,286
TEL,107,S2,286
TEL,108,S2,286
TEL,109,S2,286
TEL,110,S2,286
TEL,111,S2,283
TEL,112,S2,286
TEL,113,S2,286
TEL,114,S2,283
TEL,115,S2,283
TEL,116,S2,286
TEL,117,S2,286
TEL,118,S2,286
TEL,119,S2,292
TEL,120,S2,286
TEL,121,S2,286
TEL,122,S2,286
TEL,123,S2,286
TEL,124,S2,283
TEL,125,S2,283
TEL,126,S2,286
TEL,127,S2,286
TEL,128,S2,286
TEL,129,S2,286
TEL,130,S2,286
TEL,131,S2,286
TEL,132,S2,283
TEL,133,S2,286
TEL,134,S2,286
TEL,135,S2,286
TEL,136,S2,292
TEL,137,S2,286
TEL,138,S2,283
TEL,139,S2,286
TEL,140,S2,286
TEL,141,S2,292
TEL,142,S2,286
TEL,143,S2,286
TEL,144,S2,283
TEL,145,S2,286
TEL,146,S2,286
TEL,147,S2,292
TEL,148,S2,286
TEL,149,S2,286
TEL,150,S2,286
TEL,151,S2,283
TEL,152,S2,283
TEL,153,S2,286
TEL,154,S2,286
TEL,155,S2,292
TEL,156,S2,286
TEL,157,S2,286
TEL,158,S2,286
TEL,159,S2,286
TEL,160,S2,286
TEL,161,S2,292
TEL,162,S2,286
TEL,163,S2,286
TEL,164,S2,286
TEL,165,S2,286
TEL,166,S2,283
TEL,167,S2,286
TEL,168,S2,286
TEL,169,S2,292
TEL,170,S2,292
TEL,171,S2,286
TEL,172,S2,286
TEL,173,S2,292
TEL,174,S2,286
TEL,175,S2,286
TEL,176,S2,286
TEL,177,S2,286
TEL,178,S2,286
TEL,179,S2,292
TEL,180,S2,283
TEL,181,S2,283
TEL,182,S2,283
TEL,183,S2,283
TEL,184,S2,286
TEL,185,S2,283
TEL,186,S2,286
TEL,187,S2,286
TEL,188,S2,286
TEL,189,S2,286
TEL,190,S2,286
TEL,191,S2,286
TEL,192,S2,280
TEL,193,S2,286
TEL,194,S2,295
TEL,195,S2,286
TEL,196,S2,283
TEL,197,S2,286
TEL,198,S2,286
TEL,199,S2,286
TEL,200,S2,286
TEL,201,S2,292
TEL,202,S2,286
TEL,203,S2,286
TEL,204,S2,292
TEL,205,S2,286
TEL,206,S2,286
TEL,207,S2,286
TEL,208,S2,286
TEL,209,S2,283
TEL,210,S2,286
TEL,211,S2,286
TEL,212,S2,292
TEL,213,S2,286
TEL,214,S2,286
TEL,215,S2,286
TEL,216,S2,283
TEL,217,S2,286
TEL,218,S2,286
TEL,219,S2,286
TEL,220,S2,286
TEL,221,S2,292
TEL,222,S2,286
TEL,223,S2,283
TEL,224,S2,286
TEL,225,S2,286
TEL,226,S2,286
TEL,227,S2,286
TEL,228,S2,286
TEL,229,S2,286
TEL,230,S2,286
TEL,231,S2,286
TEL,232,S2,283
TEL,233,S2,286
TEL,234,S2,286
TEL,235,S2,286
TEL,236,S2,286
TEL,237,S2,286
TEL,238,S2,283
TEL,239,S2,286
TEL,240,S2,292
TEL,241,S2,286
TEL,242,S2,286
TEL,243,S2,286
TEL,244,S2,286
TEL,245,S2,283
TEL,246,S2,286
TEL,247,S2,286
TEL,248,S2,286
TEL,249,S2,286
TEL,250,S2,292
TEL,251,S2,286
TEL,252,S2,286
TEL,253,S2,286
TEL,254,S2,286
TEL,255,S2,283
TEL,256,S2,286
TEL,257,S2,286
TEL,258,S2,292
TEL,259,S2,283
TEL,260,S2,286
TEL,261,S2,286
TEL,262,S2,286
TEL,263,S2,292
TEL,264,S2,286
TEL,265,S2,286
TEL,266,S2,286
TEL,267,S2,286
TEL,268,S2,286
TEL,269,S2,286
TEL,270,S2,286
TEL,271,S2,286
TEL,272,S2,286
TEL,273,S2,286
TEL,274,S2,286
TEL,275,S2,286
TEL,276,S2,286
BTN,1,S2,PRESSED
TEL,277,S2,286
TEL,278,S2,286
TEL,279,S2,283
TEL,280,S2,286
TEL,281,S2,286
TEL,282,S2,283
TEL,283,S2,286
TEL,284,S2,286
TEL,285,S2,286
TEL,286,S2,286
TEL,287,S2,292
TEL,288,S2,286
TEL,289,S2,286
TEL,290,S2,283
TEL,291,S2,286
TEL,292,S2,283
TEL,293,S2,283
TEL,294,S2,286
TEL,295,S2,286
TEL,296,S2,286
TEL,297,S2,286
BTN,2,S2,PRESSED
TEL,298,S2,286
TEL,299,S2,286
TEL,300,S2,286
TEL,301,S2,286
TEL,302,S2,286
TEL,303,S2,283
TEL,304,S2,286
TEL,305,S2,286
TEL,306,S2,286
BTN,3,S2,PRESSED
TEL,307,S2,286
TEL,308,S2,283
TEL,309,S2,286
TEL,310,S2,283
TEL,311,S2,286
TEL,312,S2,292
TEL,313,S2,283
TEL,314,S2,286
BTN,4,S2,PRESSED
TEL,315,S2,286
TEL,316,S2,286
TEL,317,S2,286
TEL,318,S2,286
TEL,319,S2,283
TEL,320,S2,286
TEL,321,S2,286
TEL,322,S2,286
BTN,5,S2,PRESSED
TEL,323,S2,286
TEL,324,S2,286
TEL,325,S2,286
TEL,326,S2,283
TEL,327,S2,286
TEL,328,S2,286
TEL,329,S2,286
BTN,6,S2,PRESSED
TEL,330,S2,286
TEL,331,S2,283
TEL,332,S2,286
TEL,333,S2,286
TEL,334,S2,286
TEL,335,S2,292
TEL,336,S2,286
TEL,337,S2,295
TEL,338,S2,283
TEL,339,S2,283
TEL,340,S2,286
TEL,341,S2,286
TEL,342,S2,286
TEL,343,S2,283
TEL,344,S2,286
TEL,345,S2,286
TEL,346,S2,286
TEL,347,S2,286
TEL,348,S2,286
TEL,349,S2,286
TEL,350,S2,286
TEL,351,S2,286
BTN,7,S2,PRESSED
TEL,352,S2,283
TEL,353,S2,286
TEL,354,S2,286
TEL,355,S2,286
TEL,356,S2,286
TEL,357,S2,283
TEL,358,S2,283
TEL,359,S2,283
TEL,360,S2,286
BTN,8,S2,PRESSED
TEL,361,S2,286
TEL,362,S2,286
TEL,363,S2,286
TEL,364,S2,286
TEL,365,S2,286
TEL,366,S2,286
TEL,367,S2,292
TEL,368,S2,283
TEL,369,S2,286
BTN,9,S2,PRESSED
TEL,370,S2,286
TEL,371,S2,286
TEL,372,S2,286
TEL,373,S2,286
TEL,374,S2,286
TEL,375,S2,286
TEL,376,S2,292
TEL,377,S2,286
BTN,10,S2,PRESSED
TEL,378,S2,286
TEL,379,S2,286
TEL,380,S2,286
TEL,381,S2,283
TEL,382,S2,286
TEL,383,S2,292
TEL,384,S2,283
TEL,385,S2,286
BTN,11,S2,PRESSED
TEL,386,S2,286
TEL,387,S2,286
TEL,388,S2,286
TEL,389,S2,286
TEL,390,S2,283
TEL,391,S2,286
TEL,392,S2,286
BTN,12,S2,PRESSED
TEL,393,S2,283
TEL,394,S2,286
TEL,395,S2,286
TEL,396,S2,286
TEL,397,S2,286
TEL,398,S2,286
TEL,399,S2,286
BTN,13,S2,PRESSED
TEL,400,S2,286
TEL,401,S2,292
TEL,402,S2,286
TEL,403,S2,286
TEL,404,S2,283
TEL,405,S2,286
TEL,406,S2,286
TEL,407,S2,283
BTN,14,S2,PRESSED
TEL,408,S2,286
TEL,409,S2,292
TEL,410,S2,286
TEL,411,S2,286
TEL,412,S2,286
TEL,413,S2,286
TEL,414,S2,286
BTN,15,S2,PRESSED
TEL,415,S2,286
TEL,416,S2,292
TEL,417,S2,286
TEL,418,S2,292
TEL,419,S2,286
TEL,420,S2,286
TEL,421,S2,283
BTN,16,S2,PRESSED
TEL,422,S2,286
TEL,423,S2,286
TEL,424,S2,295
TEL,425,S2,286
TEL,426,S2,286
TEL,427,S2,286
TEL,428,S2,283
BTN,17,S2,PRESSED
TEL,429,S2,286
TEL,430,S2,286
TEL,431,S2,283
TEL,432,S2,286
TEL,433,S2,286
TEL,434,S2,286
TEL,435,S2,286
TEL,436,S2,292
TEL,437,S2,286
BTN,18,S2,PRESSED
TEL,438,S2,286
TEL,439,S2,286
TEL,440,S2,286
TEL,441,S2,283
TEL,442,S2,286
TEL,443,S2,286
TEL,444,S2,286
BTN,19,S2,PRESSED
TEL,445,S2,286
TEL,446,S2,286
TEL,447,S2,286
TEL,448,S2,286
TEL,449,S2,286
TEL,450,S2,292
TEL,451,S2,286
TEL,452,S2,286
TEL,453,S2,286
BTN,20,S2,PRESSED
TEL,454,S2,286
TEL,455,S2,283
TEL,456,S2,286
TEL,457,S2,286
TEL,458,S2,286
TEL,459,S2,286
TEL,460,S2,286
BTN,21,S2,PRESSED
TEL,461,S2,286
TEL,462,S2,283
TEL,463,S2,286
TEL,464,S2,286
TEL,465,S2,286
TEL,466,S2,283
TEL,467,S2,286
TEL,468,S2,286
BTN,22,S2,PRESSED
TEL,469,S2,292
TEL,470,S2,286
TEL,471,S2,286
TEL,472,S2,286
TEL,473,S2,292
TEL,474,S2,286
TEL,475,S2,286
BTN,23,S2,PRESSED
TEL,476,S2,286
TEL,477,S2,286
TEL,478,S2,286
TEL,479,S2,286
TEL,480,S2,286
TEL,481,S2,292
TEL,482,S2,283
TEL,483,S2,286
BTN,24,S2,PRESSED
TEL,484,S2,295
TEL,485,S2,286
TEL,486,S2,283
TEL,487,S2,286
TEL,488,S2,286
TEL,489,S2,286
TEL,490,S2,286
BTN,25,S2,PRESSED
TEL,491,S2,286
TEL,492,S2,292
TEL,493,S2,286
TEL,494,S2,286
TEL,495,S2,286
TEL,496,S2,286
TEL,497,S2,286
BTN,26,S2,PRESSED
TEL,498,S2,286
TEL,499,S2,286
TEL,500,S2,286
TEL,501,S2,292
TEL,502,S2,286
TEL,503,S2,286
TEL,504,S2,286
TEL,505,S2,286
TEL,506,S2,286
BTN,27,S2,PRESSED
TEL,507,S2,286
TEL,508,S2,286
TEL,509,S2,292
TEL,510,S2,286
TEL,511,S2,286
TEL,512,S2,292
TEL,513,S2,286
TEL,514,S2,283
BTN,28,S2,PRESSED
TEL,515,S2,286
TEL,516,S2,286
TEL,517,S2,286
TEL,518,S2,283
TEL,519,S2,286
TEL,520,S2,286
TEL,521,S2,286
TEL,522,S2,286
BTN,29,S2,PRESSED
TEL,523,S2,286
TEL,524,S2,286
TEL,525,S2,286
TEL,526,S2,286
TEL,527,S2,286
TEL,528,S2,286
TEL,529,S2,292
TEL,530,S2,286
TEL,531,S2,286
TEL,532,S2,286
TEL,533,S2,286
TEL,534,S2,283
TEL,535,S2,286
TEL,536,S2,283
TEL,537,S2,286
TEL,538,S2,286
TEL,539,S2,286
TEL,540,S2,286
TEL,541,S2,286
TEL,542,S2,283
TEL,543,S2,286
TEL,544,S2,292
TEL,545,S2,286
TEL,546,S2,286
TEL,547,S2,286
TEL,548,S2,286
TEL,549,S2,292
TEL,550,S2,286
TEL,551,S2,286
TEL,552,S2,286
TEL,553,S2,283
TEL,554,S2,286
TEL,555,S2,286
TEL,556,S2,292
BTN,30,S2,PRESSED
TEL,557,S2,286
TEL,558,S2,286
TEL,559,S2,286
TEL,560,S2,286
TEL,561,S2,283
TEL,562,S2,286
TEL,563,S2,292
TEL,564,S2,283
TEL,565,S2,286
TEL,566,S2,286
TEL,567,S2,283
TEL,568,S2,286
TEL,569,S2,283
TEL,570,S2,286
TEL,571,S2,283
TEL,572,S2,286
TEL,573,S2,283
TEL,574,S2,286
TEL,575,S2,286
TEL,576,S2,286
TEL,577,S2,292
TEL,578,S2,283
TEL,579,S2,286
TEL,580,S2,283
TEL,581,S2,286
TEL,582,S2,286
TEL,583,S2,286
TEL,584,S2,286
TEL,585,S2,286
TEL,586,S2,286
TEL,587,S2,286
TEL,588,S2,283
TEL,589,S2,283
TEL,590,S2,286
TEL,591,S2,286
TEL,592,S2,286
TEL,593,S2,286
TEL,594,S2,286
TEL,595,S2,286
TEL,596,S2,283
TEL,597,S2,283
TEL,598,S2,283
TEL,599,S2,286
TEL,600,S2,292
TEL,601,S2,286
TEL,602,S2,286
TEL,603,S2,286
TEL,604,S2,286
TEL,605,S2,286
TEL,606,S2,283
TEL,607,S2,286
TEL,608,S2,286
TEL,609,S2,292
TEL,610,S2,286
TEL,611,S2,286
TEL,612,S2,286
TEL,613,S2,286
TEL,614,S2,283
TEL,615,S2,292
TEL,616,S2,286
TEL,617,S2,283
TEL,618,S2,286
TEL,619,S2,283
TEL,620,S2,283
TEL,621,S2,286
TEL,622,S2,283
TEL,623,S2,280
TEL,624,S2,283
TEL,625,S2,286
TEL,626,S2,286
TEL,627,S2,286
TEL,628,S2,286
TEL,629,S2,283
TEL,630,S2,286
TEL,631,S2,286
TEL,632,S2,292
TEL,633,S2,283
TEL,634,S2,283
TEL,635,S2,286
TEL,636,S2,286
TEL,637,S2,286
TEL,638,S2,286
TEL,639,S2,286
TEL,640,S2,286
TEL,641,S2,292
TEL,642,S2,286
TEL,643,S2,286
>> CMD,STOP
TEL,644,S2,286
TEL,645,S2,283
TEL,646,S2,286
TEL,647,S2,286
TEL,648,S2,283
ACK,STOP
>> CMD,DUMP
ACK,DUMP,30
VER,nogit,Debug,00
REC,1,S2,924204053,26,54,49,5560,0
PRE,1,16,O,54,0,0,0,0
REC,2,S2,924630827,27,50,50,5559,0
PRE,2,17,O,50,0,0,0,0
REC,3,S2,924795694,26,51,1596,5560,0
PRE,3,16,O,51,0,0,0,0
REC,4,S2,924957764,26,51,49,5560,0
PRE,4,16,O,51,0,0,0,0
REC,5,S2,925121921,27,50,49,5560,0
PRE,5,17,O,50,0,0,0,0
REC,6,S2,925257007,27,54,279,5560,0
PRE,6,17,O,54,0,0,0,0
REC,7,S2,925707942,27,50,50,5559,0
PRE,7,17,O,50,0,0,0,0
REC,8,S2,925877653,26,51,49,5560,0
PRE,8,16,O,51,0,0,0,0
REC,9,S2,926053847,26,51,3443,5560,0
PRE,9,16,O,51,0,0,0,0
REC,10,S2,926212711,27,51,4578,5560,0
PRE,10,17,O,51,0,0,0,0
REC,11,S2,926372379,27,50,4911,5560,0
PRE,11,17,O,50,0,0,0,0
REC,12,S2,926520979,27,50,53,5560,0
PRE,12,17,O,50,0,0,0,0
REC,13,S2,926667430,26,51,49,5560,0
PRE,13,16,O,51,0,0,0,0
REC,14,S2,926816056,27,54,1230,5560,0
PRE,14,17,O,54,0,0,0,0
REC,15,S2,926952780,26,51,4510,5560,0
PRE,15,16,O,51,0,0,0,0
REC,16,S2,927105562,26,51,49,5560,0
PRE,16,16,O,51,0,0,0,0
REC,17,S2,927247373,27,50,50,5559,0
PRE,17,17,O,50,0,0,0,0
REC,18,S2,927424046,26,55,49,5560,0
PRE,18,16,O,55,0,0,0,0
REC,19,S2,927568530,27,51,49,5560,0
PRE,19,17,O,51,0,0,0,0
REC,20,S2,927732336,27,51,4953,5560,0
PRE,20,17,O,51,0,0,0,0
REC,21,S2,927885295,27,51,49,5560,0
PRE,21,17,O,51,0,0,0,0
REC,22,S2,928037344,27,51,50,5559,0
PRE,22,17,O,51,0,0,0,0
REC,23,S2,928184201,30,51,49,5560,0
PRE,23,17,O,51,0,0,0,0
REC,24,S2,928335985,27,51,1304,5560,0
PRE,24,17,O,51,0,0,0,0
REC,25,S2,928485611,26,51,49,5560,0
PRE,25,16,O,51,0,0,0,0
REC,26,S2,928628794,27,51,49,5560,0
PRE,26,17,O,51,0,0,0,0
REC,27,S2,928794441,26,51,2849,5560,0
PRE,27,16,O,51,0,0,0,0
REC,28,S2,928969531,27,50,50,5559,0
PRE,28,17,O,50,0,0,0,0
REC,29,S2,929124869,26,51,50,5559,0
PRE,29,16,O,51,0,0,0,0
REC,30,S2,929795407,27,50,1883,5560,0
PRE,30,17,O,50,0,0,0,0
SUM,S2,30,649,0,0,1,0,0,0
CAL,0,0,0,572,4485
MEM,15192,211,88,304
RTS,UartTxTask,75954,5
RTS,IDLE,12486692,960
RTS,TelemetryTask,431039,33
RTS,Tmr Svc,0,0
RTS,ButtonTask,2685,0
END,DUMP
# PC bad_frames=0 tel_rx=649 pc_lost=0
