ACK,START,S3
TEL,0,S3,271
TEL,1,S3,274
TEL,2,S3,274
TEL,3,S3,274
TEL,4,S3,277
TEL,5,S3,274
TEL,6,S3,274
TEL,7,S3,277
TEL,8,S3,274
TEL,9,S3,277
TEL,10,S3,274
TEL,11,S3,274
TEL,12,S3,277
TEL,13,S3,274
TEL,14,S3,274
TEL,15,S3,274
TEL,16,S3,274
TEL,17,S3,274
TEL,18,S3,277
TEL,19,S3,274
TEL,20,S3,277
TEL,21,S3,274
TEL,22,S3,274
TEL,23,S3,277
TEL,24,S3,274
TEL,25,S3,277
TEL,26,S3,274
TEL,27,S3,280
TEL,28,S3,277
TEL,29,S3,274
TEL,30,S3,277
TEL,31,S3,274
TEL,32,S3,274
TEL,33,S3,274
TEL,34,S3,277
TEL,35,S3,274
TEL,36,S3,274
TEL,37,S3,274
TEL,38,S3,274
TEL,39,S3,277
TEL,40,S3,274
TEL,41,S3,271
TEL,42,S3,277
TEL,43,S3,274
TEL,44,S3,277
TEL,45,S3,277
TEL,46,S3,277
TEL,47,S3,274
TEL,48,S3,274
TEL,49,S3,274
TEL,50,S3,274
TEL,51,S3,274
TEL,52,S3,277
TEL,53,S3,280
TEL,54,S3,274
TEL,55,S3,277
TEL,56,S3,277
TEL,57,S3,271
TEL,58,S3,277
TEL,59,S3,271
TEL,60,S3,274
TEL,61,S3,277
TEL,62,S3,277
TEL,63,S3,274
TEL,64,S3,277
TEL,65,S3,274
TEL,66,S3,274
TEL,67,S3,277
TEL,68,S3,274
TEL,69,S3,274
TEL,70,S3,274
TEL,71,S3,274
TEL,72,S3,274
TEL,73,S3,274
TEL,74,S3,277
TEL,75,S3,277
TEL,76,S3,277
TEL,77,S3,274
TEL,78,S3,277
TEL,79,S3,274
TEL,80,S3,277
TEL,81,S3,277
TEL,82,S3,277
TEL,83,S3,277
TEL,84,S3,274
TEL,85,S3,277
TEL,86,S3,274
TEL,87,S3,277
TEL,88,S3,274
TEL,89,S3,274
TEL,90,S3,271
TEL,91,S3,274
TEL,92,S3,274
TEL,93,S3,274
TEL,94,S3,277
TEL,95,S3,277
TEL,96,S3,277
TEL,97,S3,274
TEL,98,S3,274
TEL,99,S3,274
TEL,100,S3,274
TEL,101,S3,280
TEL,102,S3,274
TEL,103,S3,280
TEL,104,S3,274
TEL,105,S3,274
TEL,106,S3,277
TEL,107,S3,277
TEL,108,S3,274
TEL,109,S3,274
TEL,110,S3,277
TEL,111,S3,274
TEL,112,S3,271
TEL,113,S3,274
TEL,114,S3,277
TEL,115,S3,274
TEL,116,S3,280
TEL,117,S3,277
TEL,118,S3,277
TEL,119,S3,274
TEL,120,S3,274
TEL,121,S3,274
TEL,122,S3,277
TEL,123,S3,271
TEL,124,S3,274
TEL,125,S3,277
TEL,126,S3,277
TEL,127,S3,274
TEL,128,S3,268
TEL,129,S3,274
TEL,130,S3,277
TEL,131,S3,274
TEL,132,S3,274
TEL,133,S3,274
TEL,134,S3,277
TEL,135,S3,274
TEL,136,S3,274
TEL,137,S3,277
TEL,138,S3,274
TEL,139,S3,274
TEL,140,S3,271
TEL,141,S3,277
TEL,142,S3,277
TEL,143,S3,274
TEL,144,S3,277
TEL,145,S3,271
TEL,146,S3,277
TEL,147,S3,274
TEL,148,S3,274
TEL,149,S3,274
TEL,150,S3,277
TEL,151,S3,274
TEL,152,S3,274
TEL,153,S3,271
TEL,154,S3,274
TEL,155,S3,274
TEL,156,S3,280
TEL,157,S3,280
TEL,158,S3,274
TEL,159,S3,274
TEL,160,S3,271
TEL,161,S3,277
TEL,162,S3,274
TEL,163,S3,274
TEL,164,S3,274
TEL,165,S3,274
TEL,166,S3,274
TEL,167,S3,274
TEL,168,S3,274
TEL,169,S3,277
TEL,170,S3,277
TEL,171,S3,274
TEL,172,S3,274
TEL,173,S3,274
TEL,174,S3,277
TEL,175,S3,274
TEL,176,S3,274
TEL,177,S3,274
TEL,178,S3,277
TEL,179,S3,277
TEL,180,S3,277
TEL,181,S3,277
TEL,182,S3,274
TEL,183,S3,277
TEL,184,S3,274
TEL,185,S3,277
TEL,186,S3,277
TEL,187,S3,274
TEL,188,S3,274
TEL,189,S3,274
TEL,190,S3,277
TEL,191,S3,274
TEL,192,S3,277
TEL,193,S3,274
TEL,194,S3,277
TEL,195,S3,274
TEL,196,S3,280
TEL,197,S3,274
TEL,198,S3,277
TEL,199,S3,277
TEL,200,S3,271
TEL,201,S3,274
TEL,202,S3,274
TEL,203,S3,274
TEL,204,S3,274
TEL,205,S3,274
TEL,206,S3,274
TEL,207,S3,277
TEL,208,S3,274
TEL,209,S3,277
TEL,210,S3,274
TEL,211,S3,274
TEL,212,S3,274
TEL,213,S3,271
TEL,214,S3,274
TEL,215,S3,274
TEL,216,S3,274
TEL,217,S3,274
TEL,218,S3,274
TEL,219,S3,274
TEL,220,S3,274
TEL,221,S3,274
TEL,222,S3,277
TEL,223,S3,271
TEL,224,S3,274
TEL,225,S3,274
TEL,226,S3,274
TEL,227,S3,274
TEL,228,S3,277
TEL,229,S3,274
TEL,230,S3,271
TEL,231,S3,274
TEL,232,S3,277
TEL,233,S3,274
TEL,234,S3,277
TEL,235,S3,274
TEL,236,S3,277
TEL,237,S3,274
TEL,238,S3,277
TEL,239,S3,274
TEL,240,S3,274
TEL,241,S3,274
TEL,242,S3,274
TEL,243,S3,274
TEL,244,S3,277
TEL,245,S3,274
TEL,246,S3,274
TEL,247,S3,277
TEL,248,S3,274
TEL,249,S3,277
TEL,250,S3,274
TEL,251,S3,274
TEL,252,S3,277
TEL,253,S3,274
TEL,254,S3,277
TEL,255,S3,277
TEL,256,S3,274
TEL,257,S3,274
TEL,258,S3,277
TEL,259,S3,274
TEL,260,S3,277
TEL,261,S3,277
TEL,262,S3,277
TEL,263,S3,274
TEL,264,S3,277
TEL,265,S3,274
TEL,266,S3,277
TEL,267,S3,280
TEL,268,S3,274
TEL,269,S3,274
TEL,270,S3,274
TEL,271,S3,274
TEL,272,S3,277
TEL,273,S3,277
TEL,274,S3,274
TEL,275,S3,274
TEL,276,S3,277
TEL,277,S3,274
TEL,278,S3,274
TEL,279,S3,277
TEL,280,S3,274
TEL,281,S3,274
TEL,282,S3,277
TEL,283,S3,271
TEL,284,S3,274
TEL,285,S3,277
TEL,286,S3,274
TEL,287,S3,277
TEL,288,S3,277
TEL,289,S3,274
TEL,290,S3,277
TEL,291,S3,277
TEL,292,S3,274
TEL,293,S3,274
TEL,294,S3,274
TEL,295,S3,274
TEL,296,S3,277
TEL,297,S3,277
TEL,298,S3,271
TEL,299,S3,277
TEL,300,S3,274
TEL,301,S3,277
TEL,302,S3,274
TEL,303,S3,274
TEL,304,S3,280
TEL,305,S3,277
TEL,306,S3,277
TEL,307,S3,274
TEL,308,S3,277
TEL,309,S3,277
TEL,310,S3,274
TEL,311,S3,277
TEL,312,S3,274
TEL,313,S3,274
TEL,314,S3,277
TEL,315,S3,277
TEL,316,S3,274
TEL,317,S3,274
TEL,318,S3,277
TEL,319,S3,274
TEL,320,S3,277
TEL,321,S3,274
TEL,322,S3,274
TEL,323,S3,274
TEL,324,S3,274
TEL,325,S3,274
TEL,326,S3,274
TEL,327,S3,274
TEL,328,S3,277
TEL,329,S3,274
TEL,330,S3,274
TEL,331,S3,274
TEL,332,S3,274
TEL,333,S3,277
TEL,334,S3,277
TEL,335,S3,280
TEL,336,S3,274
TEL,337,S3,274
TEL,338,S3,274
TEL,339,S3,277
TEL,340,S3,274
TEL,341,S3,274
TEL,342,S3,274
TEL,343,S3,274
TEL,344,S3,274
TEL,345,S3,274
TEL,346,S3,277
TEL,347,S3,277
TEL,348,S3,277
TEL,349,S3,274
TEL,350,S3,274
TEL,351,S3,277
TEL,352,S3,277
TEL,353,S3,280
TEL,354,S3,274
TEL,355,S3,277
TEL,356,S3,274
TEL,357,S3,274
TEL,358,S3,274
TEL,359,S3,274
TEL,360,S3,277
TEL,361,S3,277
TEL,362,S3,274
TEL,363,S3,274
TEL,364,S3,274
TEL,365,S3,274
TEL,366,S3,277
TEL,367,S3,274
TEL,368,S3,277
TEL,369,S3,277
TEL,370,S3,274
TEL,371,S3,274
TEL,372,S3,277
TEL,373,S3,274
TEL,374,S3,274
TEL,375,S3,274
TEL,376,S3,274
TEL,377,S3,277
TEL,378,S3,277
TEL,379,S3,277
TEL,380,S3,277
TEL,381,S3,274
TEL,382,S3,277
TEL,383,S3,274
TEL,384,S3,274
TEL,385,S3,274
TEL,386,S3,277
TEL,387,S3,277
TEL,388,S3,280
TEL,389,S3,277
TEL,390,S3,274
TEL,391,S3,277
TEL,392,S3,274
TEL,393,S3,274
TEL,394,S3,274
TEL,395,S3,274
TEL,396,S3,271
TEL,397,S3,277
TEL,398,S3,277
TEL,399,S3,277
TEL,400,S3,277
TEL,401,S3,277
TEL,402,S3,274
TEL,403,S3,277
TEL,404,S3,277
TEL,405,S3,274
TEL,406,S3,277
TEL,407,S3,277
TEL,408,S3,274
TEL,409,S3,274
TEL,410,S3,274
TEL,411,S3,271
TEL,412,S3,277
TEL,413,S3,277
TEL,414,S3,277
TEL,415,S3,277
TEL,416,S3,277
TEL,417,S3,274
TEL,418,S3,277
TEL,419,S3,274
TEL,420,S3,274
TEL,421,S3,274
TEL,422,S3,277
TEL,423,S3,274
TEL,424,S3,277
TEL,425,S3,274
TEL,426,S3,277
TEL,427,S3,277
TEL,428,S3,274
TEL,429,S3,277
TEL,430,S3,277
TEL,431,S3,274
TEL,432,S3,277
TEL,433,S3,274
TEL,434,S3,277
TEL,435,S3,274
TEL,436,S3,277
TEL,437,S3,274
TEL,438,S3,277
TEL,439,S3,277
TEL,440,S3,280
TEL,441,S3,277
TEL,442,S3,277
TEL,443,S3,274
TEL,444,S3,274
TEL,445,S3,274
TEL,446,S3,274
TEL,447,S3,274
TEL,448,S3,277
TEL,449,S3,277
TEL,450,S3,274
TEL,451,S3,274
TEL,452,S3,274
TEL,453,S3,277
TEL,454,S3,277
TEL,455,S3,274
TEL,456,S3,274
TEL,457,S3,277
BTN,1,S3,PRESSED
TEL,458,S3,277
TEL,459,S3,277
TEL,460,S3,277
TEL,461,S3,274
TEL,462,S3,274
TEL,463,S3,277
TEL,464,S3,274
TEL,465,S3,274
TEL,466,S3,274
TEL,467,S3,274
TEL,468,S3,274
TEL,469,S3,277
TEL,470,S3,280
TEL,471,S3,277
TEL,472,S3,274
TEL,473,S3,274
TEL,474,S3,277
TEL,475,S3,274
TEL,476,S3,274
BTN,2,S3,PRESSED
TEL,477,S3,277
TEL,478,S3,277
TEL,479,S3,274
TEL,480,S3,280
TEL,481,S3,274
TEL,482,S3,274
TEL,483,S3,277
TEL,484,S3,274
TEL,485,S3,274
TEL,486,S3,277
TEL,487,S3,277
TEL,488,S3,277
TEL,489,S3,277
TEL,490,S3,280
TEL,491,S3,280
TEL,492,S3,274
TEL,493,S3,274
BTN,3,S3,PRESSED
TEL,494,S3,277
TEL,495,S3,274
TEL,496,S3,274
TEL,497,S3,277
TEL,498,S3,274
TEL,499,S3,274
TEL,500,S3,277
TEL,501,S3,277
TEL,502,S3,277
TEL,503,S3,277
TEL,504,S3,271
TEL,505,S3,277
TEL,506,S3,277
TEL,507,S3,274
TEL,508,S3,277
TEL,509,S3,274
TEL,510,S3,274
TEL,511,S3,277
BTN,4,S3,PRESSED
TEL,512,S3,277
TEL,513,S3,277
TEL,514,S3,274
TEL,515,S3,271
TEL,516,S3,274
TEL,517,S3,274
TEL,518,S3,277
TEL,519,S3,277
TEL,520,S3,277
TEL,521,S3,274
TEL,522,S3,280
TEL,523,S3,277
TEL,524,S3,274
TEL,525,S3,277
TEL,526,S3,274
TEL,527,S3,274
BTN,5,S3,PRESSED
TEL,528,S3,274
TEL,529,S3,274
TEL,530,S3,277
TEL,531,S3,274
TEL,532,S3,277
TEL,533,S3,271
TEL,534,S3,274
TEL,535,S3,274
TEL,536,S3,274
TEL,537,S3,274
TEL,538,S3,274
TEL,539,S3,277
TEL,540,S3,277
TEL,541,S3,274
TEL,542,S3,277
TEL,543,S3,274
TEL,544,S3,280
BTN,6,S3,PRESSED
TEL,545,S3,277
TEL,546,S3,271
TEL,547,S3,280
TEL,548,S3,274
TEL,549,S3,274
TEL,550,S3,274
TEL,551,S3,277
TEL,552,S3,277
TEL,553,S3,277
TEL,554,S3,274
TEL,555,S3,277
TEL,556,S3,274
TEL,557,S3,274
TEL,558,S3,277
TEL,559,S3,277
TEL,560,S3,277
TEL,561,S3,274
TEL,562,S3,274
TEL,563,S3,280
BTN,7,S3,PRESSED
TEL,564,S3,274
TEL,565,S3,277
TEL,566,S3,274
TEL,567,S3,277
TEL,568,S3,274
TEL,569,S3,274
TEL,570,S3,271
TEL,571,S3,277
TEL,572,S3,274
TEL,573,S3,274
TEL,574,S3,280
TEL,575,S3,277
TEL,576,S3,280
TEL,577,S3,277
TEL,578,S3,274
TEL,579,S3,274
TEL,580,S3,277
TEL,581,S3,277
TEL,582,S3,274
BTN,8,S3,PRESSED
TEL,583,S3,274
TEL,584,S3,277
TEL,585,S3,277
TEL,586,S3,274
TEL,587,S3,277
TEL,588,S3,277
TEL,589,S3,277
TEL,590,S3,277
TEL,591,S3,277
TEL,592,S3,274
TEL,593,S3,277
TEL,594,S3,274
TEL,595,S3,280
TEL,596,S3,277
TEL,597,S3,271
TEL,598,S3,280
TEL,599,S3,274
BTN,9,S3,PRESSED
TEL,600,S3,277
TEL,601,S3,277
TEL,602,S3,280
TEL,603,S3,277
TEL,604,S3,277
TEL,605,S3,277
TEL,606,S3,280
TEL,607,S3,274
TEL,608,S3,271
TEL,609,S3,277
TEL,610,S3,277
TEL,611,S3,277
TEL,612,S3,280
TEL,613,S3,277
TEL,614,S3,277
TEL,615,S3,277
TEL,616,S3,277
TEL,617,S3,271
BTN,10,S3,PRESSED
TEL,618,S3,274
TEL,619,S3,277
TEL,620,S3,274
TEL,621,S3,277
TEL,622,S3,277
TEL,623,S3,277
TEL,624,S3,271
TEL,625,S3,274
TEL,626,S3,277
TEL,627,S3,274
TEL,628,S3,280
TEL,629,S3,277
TEL,630,S3,277
TEL,631,S3,277
TEL,632,S3,274
TEL,633,S3,280
TEL,634,S3,277
BTN,11,S3,PRESSED
TEL,635,S3,277
TEL,636,S3,274
TEL,637,S3,280
TEL,638,S3,274
TEL,639,S3,277
TEL,640,S3,277
TEL,641,S3,274
TEL,642,S3,274
TEL,643,S3,277
TEL,644,S3,277
TEL,645,S3,277
TEL,646,S3,274
TEL,647,S3,274
TEL,648,S3,277
TEL,649,S3,274
TEL,650,S3,277
TEL,651,S3,277
TEL,652,S3,274
BTN,12,S3,PRESSED
TEL,653,S3,277
TEL,654,S3,277
TEL,655,S3,277
TEL,656,S3,274
TEL,657,S3,277
TEL,658,S3,277
TEL,659,S3,274
TEL,660,S3,277
TEL,661,S3,277
TEL,662,S3,274
TEL,663,S3,274
TEL,664,S3,274
TEL,665,S3,274
TEL,666,S3,277
TEL,667,S3,277
TEL,668,S3,277
TEL,669,S3,274
TEL,670,S3,277
BTN,13,S3,PRESSED
TEL,671,S3,274
TEL,672,S3,274
TEL,673,S3,277
TEL,674,S3,274
TEL,675,S3,274
TEL,676,S3,277
TEL,677,S3,274
TEL,678,S3,277
TEL,679,S3,277
TEL,680,S3,274
TEL,681,S3,277
TEL,682,S3,277
TEL,683,S3,277
TEL,684,S3,277
TEL,685,S3,274
TEL,686,S3,274
BTN,14,S3,PRESSED
TEL,687,S3,277
TEL,688,S3,274
TEL,689,S3,277
TEL,690,S3,274
TEL,691,S3,277
TEL,692,S3,277
TEL,693,S3,277
TEL,694,S3,274
TEL,695,S3,277
TEL,696,S3,277
TEL,697,S3,274
TEL,698,S3,274
TEL,699,S3,277
TEL,700,S3,277
TEL,701,S3,274
TEL,702,S3,274
TEL,703,S3,274
TEL,704,S3,277
BTN,15,S3,PRESSED
TEL,705,S3,274
TEL,706,S3,274
TEL,707,S3,274
TEL,708,S3,274
TEL,709,S3,277
TEL,710,S3,277
TEL,711,S3,274
TEL,712,S3,277
TEL,713,S3,274
TEL,714,S3,277
TEL,715,S3,274
TEL,716,S3,277
TEL,717,S3,280
TEL,718,S3,277
TEL,719,S3,280
TEL,720,S3,277
TEL,721,S3,274
TEL,722,S3,277
BTN,16,S3,PRESSED
TEL,723,S3,280
TEL,724,S3,277
TEL,725,S3,277
TEL,726,S3,277
TEL,727,S3,274
TEL,728,S3,277
TEL,729,S3,271
TEL,730,S3,274
TEL,731,S3,277
TEL,732,S3,274
TEL,733,S3,274
TEL,734,S3,277
TEL,735,S3,271
TEL,736,S3,277
TEL,737,S3,277
TEL,738,S3,277
TEL,739,S3,277
TEL,740,S3,274
BTN,17,S3,PRESSED
TEL,741,S3,280
TEL,742,S3,277
TEL,743,S3,274
TEL,744,S3,277
TEL,745,S3,274
TEL,746,S3,277
TEL,747,S3,277
TEL,748,S3,274
TEL,749,S3,274
TEL,750,S3,274
TEL,751,S3,274
TEL,752,S3,277
TEL,753,S3,274
TEL,754,S3,277
TEL,755,S3,277
TEL,756,S3,277
TEL,757,S3,277
TEL,758,S3,277
BTN,18,S3,PRESSED
TEL,759,S3,277
TEL,760,S3,280
TEL,761,S3,274
TEL,762,S3,274
TEL,763,S3,274
TEL,764,S3,280
TEL,765,S3,277
TEL,766,S3,277
TEL,767,S3,277
TEL,768,S3,274
TEL,769,S3,274
TEL,770,S3,274
TEL,771,S3,277
TEL,772,S3,280
TEL,773,S3,277
TEL,774,S3,277
TEL,775,S3,274
TEL,776,S3,274
TEL,777,S3,277
TEL,778,S3,274
TEL,779,S3,274
TEL,780,S3,277
TEL,781,S3,277
TEL,782,S3,274
TEL,783,S3,280
TEL,784,S3,271
TEL,785,S3,277
TEL,786,S3,277
TEL,787,S3,277
TEL,788,S3,280
TEL,789,S3,277
TEL,790,S3,277
TEL,791,S3,274
TEL,792,S3,277
BTN,19,S3,PRESSED
TEL,793,S3,277
TEL,794,S3,274
TEL,795,S3,274
TEL,796,S3,277
TEL,797,S3,277
TEL,798,S3,271
TEL,799,S3,277
TEL,800,S3,277
TEL,801,S3,277
TEL,802,S3,274
TEL,803,S3,274
TEL,804,S3,280
TEL,805,S3,277
TEL,806,S3,280
TEL,807,S3,277
TEL,808,S3,277
TEL,809,S3,274
TEL,810,S3,271
TEL,811,S3,277
BTN,20,S3,PRESSED
TEL,812,S3,277
TEL,813,S3,277
TEL,814,S3,277
TEL,815,S3,274
TEL,816,S3,277
TEL,817,S3,274
TEL,818,S3,280
TEL,819,S3,274
TEL,820,S3,277
TEL,821,S3,277
TEL,822,S3,274
TEL,823,S3,277
TEL,824,S3,277
TEL,825,S3,277
TEL,826,S3,277
TEL,827,S3,277
TEL,828,S3,271
TEL,829,S3,277
BTN,21,S3,PRESSED
TEL,830,S3,274
TEL,831,S3,274
TEL,832,S3,277
TEL,833,S3,277
TEL,834,S3,274
TEL,835,S3,277
TEL,836,S3,274
TEL,837,S3,277
TEL,838,S3,277
TEL,839,S3,274
TEL,840,S3,277
TEL,841,S3,277
TEL,842,S3,274
TEL,843,S3,268
TEL,844,S3,274
TEL,845,S3,274
TEL,846,S3,277
BTN,22,S3,PRESSED
TEL,847,S3,277
TEL,848,S3,277
TEL,849,S3,277
TEL,850,S3,274
TEL,851,S3,274
TEL,852,S3,271
TEL,853,S3,277
TEL,854,S3,277
TEL,855,S3,277
TEL,856,S3,277
TEL,857,S3,274
TEL,858,S3,277
TEL,859,S3,274
TEL,860,S3,277
TEL,861,S3,277
TEL,862,S3,277
TEL,863,S3,274
TEL,864,S3,277
BTN,23,S3,PRESSED
TEL,865,S3,277
TEL,866,S3,277
TEL,867,S3,274
TEL,868,S3,277
TEL,869,S3,277
TEL,870,S3,277
TEL,871,S3,277
TEL,872,S3,277
TEL,873,S3,277
TEL,874,S3,274
TEL,875,S3,280
TEL,876,S3,277
TEL,877,S3,277
TEL,878,S3,277
TEL,879,S3,277
TEL,880,S3,277
TEL,881,S3,277
TEL,882,S3,280
TEL,883,S3,280
BTN,24,S3,PRESSED
TEL,884,S3,280
TEL,885,S3,277
TEL,886,S3,274
TEL,887,S3,274
TEL,888,S3,271
TEL,889,S3,274
TEL,890,S3,277
TEL,891,S3,274
TEL,892,S3,274
TEL,893,S3,274
TEL,894,S3,277
TEL,895,S3,274
TEL,896,S3,277
TEL,897,S3,280
TEL,898,S3,277
TEL,899,S3,277
TEL,900,S3,277
BTN,25,S3,PRESSED
TEL,901,S3,277
TEL,902,S3,274
TEL,903,S3,274
TEL,904,S3,280
TEL,905,S3,280
TEL,906,S3,274
TEL,907,S3,280
TEL,908,S3,277
TEL,909,S3,277
TEL,910,S3,277
TEL,911,S3,280
TEL,912,S3,274
TEL,913,S3,280
TEL,914,S3,277
TEL,915,S3,277
TEL,916,S3,280
TEL,917,S3,277
TEL,918,S3,280
TEL,919,S3,277
TEL,920,S3,277
BTN,26,S3,PRESSED
TEL,921,S3,274
TEL,922,S3,274
TEL,923,S3,277
TEL,924,S3,274
TEL,925,S3,277
TEL,926,S3,277
TEL,927,S3,277
TEL,928,S3,277
TEL,929,S3,277
TEL,930,S3,277
TEL,931,S3,277
TEL,932,S3,277
TEL,933,S3,274
TEL,934,S3,274
TEL,935,S3,277
TEL,936,S3,277
TEL,937,S3,277
TEL,938,S3,274
TEL,939,S3,277
TEL,940,S3,274
BTN,27,S3,PRESSED
TEL,941,S3,277
TEL,942,S3,274
TEL,943,S3,277
TEL,944,S3,280
TEL,945,S3,280
TEL,946,S3,277
TEL,947,S3,277
TEL,948,S3,274
TEL,949,S3,274
TEL,950,S3,277
TEL,951,S3,271
TEL,952,S3,277
TEL,953,S3,274
TEL,954,S3,277
TEL,955,S3,274
TEL,956,S3,280
TEL,957,S3,280
TEL,958,S3,274
TEL,959,S3,277
TEL,960,S3,274
BTN,28,S3,PRESSED
TEL,961,S3,277
TEL,962,S3,277
TEL,963,S3,277
TEL,964,S3,280
TEL,965,S3,277
TEL,966,S3,277
TEL,967,S3,274
TEL,968,S3,277
TEL,969,S3,277
TEL,970,S3,277
TEL,971,S3,274
TEL,972,S3,277
TEL,973,S3,277
TEL,974,S3,274
TEL,975,S3,277
TEL,976,S3,277
TEL,977,S3,280
BTN,29,S3,PRESSED
TEL,978,S3,274
TEL,979,S3,280
TEL,980,S3,274
TEL,981,S3,277
TEL,982,S3,280
TEL,983,S3,277
TEL,984,S3,274
TEL,985,S3,277
TEL,986,S3,277
TEL,987,S3,274
TEL,988,S3,277
TEL,989,S3,277
TEL,990,S3,274
TEL,991,S3,277
TEL,992,S3,274
TEL,993,S3,277
TEL,994,S3,280
TEL,995,S3,280
TEL,996,S3,274
TEL,997,S3,277
BTN,30,S3,PRESSED
TEL,998,S3,277
TEL,999,S3,277
TEL,1000,S3,280
TEL,1001,S3,277
TEL,1002,S3,280
TEL,1003,S3,274
TEL,1004,S3,277
TEL,1005,S3,274
TEL,1006,S3,277
TEL,1007,S3,274
TEL,1008,S3,274
TEL,1009,S3,277
TEL,1010,S3,274
TEL,1011,S3,280
TEL,1012,S3,271
TEL,1013,S3,277
TEL,1014,S3,277
TEL,1015,S3,283
TEL,1016,S3,277
TEL,1017,S3,274
TEL,1018,S3,274
TEL,1019,S3,274
TEL,1020,S3,280
TEL,1021,S3,277
TEL,1022,S3,274
TEL,1023,S3,277
TEL,1024,S3,277
TEL,1025,S3,277
TEL,1026,S3,280
TEL,1027,S3,277
TEL,1028,S3,274
TEL,1029,S3,277
TEL,1030,S3,277
TEL,1031,S3,277
TEL,1032,S3,280
TEL,1033,S3,274
TEL,1034,S3,280
TEL,1035,S3,277
TEL,1036,S3,277
BTN,31,S3,PRESSED
TEL,1037,S3,277
TEL,1038,S3,277
TEL,1039,S3,277
TEL,1040,S3,274
TEL,1041,S3,277
TEL,1042,S3,274
TEL,1043,S3,277
TEL,1044,S3,274
TEL,1045,S3,274
TEL,1046,S3,280
TEL,1047,S3,274
TEL,1048,S3,274
TEL,1049,S3,274
TEL,1050,S3,277
TEL,1051,S3,277
TEL,1052,S3,277
TEL,1053,S3,277
TEL,1054,S3,277
TEL,1055,S3,277
TEL,1056,S3,277
TEL,1057,S3,277
TEL,1058,S3,277
TEL,1059,S3,277
TEL,1060,S3,277
TEL,1061,S3,277
TEL,1062,S3,274
TEL,1063,S3,277
TEL,1064,S3,274
TEL,1065,S3,277
TEL,1066,S3,274
TEL,1067,S3,274
TEL,1068,S3,280
TEL,1069,S3,280
TEL,1070,S3,277
TEL,1071,S3,277
TEL,1072,S3,277
TEL,1073,S3,277
TEL,1074,S3,277
TEL,1075,S3,277
TEL,1076,S3,277
TEL,1077,S3,277
TEL,1078,S3,277
TEL,1079,S3,274
TEL,1080,S3,274
TEL,1081,S3,277
TEL,1082,S3,277
TEL,1083,S3,277
TEL,1084,S3,277
TEL,1085,S3,274
TEL,1086,S3,274
TEL,1087,S3,274
TEL,1088,S3,280
TEL,1089,S3,277
TEL,1090,S3,277
TEL,1091,S3,277
TEL,1092,S3,271
TEL,1093,S3,277
TEL,1094,S3,280
TEL,1095,S3,277
TEL,1096,S3,274
TEL,1097,S3,277
TEL,1098,S3,277
TEL,1099,S3,277
TEL,1100,S3,277
TEL,1101,S3,277
TEL,1102,S3,277
TEL,1103,S3,277
TEL,1104,S3,277
TEL,1105,S3,277
TEL,1106,S3,277
TEL,1107,S3,277
TEL,1108,S3,277
TEL,1109,S3,277
TEL,1110,S3,274
TEL,1111,S3,277
TEL,1112,S3,274
TEL,1113,S3,277
TEL,1114,S3,277
TEL,1115,S3,277
TEL,1116,S3,277
TEL,1117,S3,274
TEL,1118,S3,277
TEL,1119,S3,277
TEL,1120,S3,277
TEL,1121,S3,277
TEL,1122,S3,277
TEL,1123,S3,277
TEL,1124,S3,274
TEL,1125,S3,274
TEL,1126,S3,274
TEL,1127,S3,277
TEL,1128,S3,274
TEL,1129,S3,274
TEL,1130,S3,277
TEL,1131,S3,277
TEL,1132,S3,277
TEL,1133,S3,274
TEL,1134,S3,280
TEL,1135,S3,274
TEL,1136,S3,277
TEL,1137,S3,274
TEL,1138,S3,280
TEL,1139,S3,274
TEL,1140,S3,274
>> CMD,STOP
TEL,1141,S3,274
TEL,1142,S3,274
TEL,1143,S3,274
TEL,1144,S3,274
TEL,1145,S3,274
TEL,1146,S3,277
TEL,1147,S3,274
TEL,1148,S3,274
TEL,1149,S3,280
TEL,1150,S3,280
ACK,STOP
>> CMD,DUMP
ACK,DUMP,31
VER,nogit,Debug,00
REC,1,S3,60500682,27,50,1012,5560,0
PRE,1,17,O,50,0,0,0,0
REC,2,S3,60685430,26,732,5639,5560,0
PRE,2,16,O,62,1,670,0,0
REC,3,S3,60864697,26,51,49,5560,0
PRE,3,16,O,51,0,0,0,0
REC,4,S3,61039075,27,50,2619,5560,0
PRE,4,17,O,50,0,0,0,0
REC,5,S3,61198376,26,51,3318,5560,0
PRE,5,16,O,51,0,0,0,0
REC,6,S3,61369037,27,50,2657,5560,0
PRE,6,17,O,50,0,0,0,0
REC,7,S3,61563011,26,51,49,5560,0
PRE,7,16,O,51,0,0,0,0
REC,8,S3,61747008,26,51,4686,5560,0
PRE,8,16,O,51,0,0,0,0
REC,9,S3,61921115,26,51,579,5560,0
PRE,9,16,O,51,0,0,0,0
REC,10,S3,62102118,26,51,53,5560,0
PRE,10,16,O,51,0,0,0,0
REC,11,S3,62274376,26,51,53,5559,0
PRE,11,16,O,51,0,0,0,0
REC,12,S3,62449630,27,51,2063,5560,0
PRE,12,17,O,51,0,0,0,0
REC,13,S3,62632040,27,50,50,5559,0
PRE,13,17,O,50,0,0,0,0
REC,14,S3,62792267,27,51,49,5559,0
PRE,14,17,O,51,0,0,0,0
REC,15,S3,62969240,27,50,2454,5560,0
PRE,15,17,O,50,0,0,0,0
REC,16,S3,63151249,26,51,445,5560,0
PRE,16,16,O,51,0,0,0,0
REC,17,S3,63333048,26,51,49,5560,0
PRE,17,16,O,51,0,0,0,0
REC,18,S3,63510638,27,51,1055,5560,0
PRE,18,17,O,51,0,0,0,0
REC,19,S3,63848941,26,51,2753,5560,0
PRE,19,16,O,51,0,0,0,0
REC,20,S3,64042459,26,55,49,5560,0
PRE,20,16,O,55,0,0,0,0
REC,21,S3,64218859,27,51,2834,5560,0
PRE,21,17,O,51,0,0,0,0
REC,22,S3,64394739,27,50,50,5559,0
PRE,22,17,O,50,0,0,0,0
REC,23,S3,64571891,26,51,50,5559,0
PRE,23,16,O,51,0,0,0,0
REC,24,S3,64757341,27,51,4352,5560,0
PRE,24,17,O,51,0,0,0,0
REC,25,S3,64933776,27,51,49,5560,0
PRE,25,17,O,51,0,0,0,0
REC,26,S3,65128715,27,53,2976,5560,0
PRE,26,17,O,53,0,0,0,0
REC,27,S3,65330335,27,51,1358,5560,0
PRE,27,17,O,51,0,0,0,0
REC,28,S3,65526331,26,51,5363,5560,0
PRE,28,17,O,51,0,0,0,0
REC,29,S3,65703746,27,50,50,5559,0
PRE,29,17,O,50,0,0,0,0
REC,30,S3,65897297,27,50,4397,5560,0
PRE,30,17,O,50,0,0,0,0
REC,31,S3,66291350,26,51,344,5560,0
PRE,31,16,O,51,0,0,0,0
SUM,S3,31,1151,0,0,2,0,0,0
CAL,0,0,0,569,4485
MEM,15192,211,81,302
RTS,UartTxTask,79942,6
RTS,IDLE,10673187,926
RTS,TelemetryTask,760737,66
RTS,Tmr Svc,0,0
RTS,ButtonTask,2752,0
END,DUMP
# PC bad_frames=0 tel_rx=1151 pc_lost=0
