ACK,START,S3
TEL,0,S3,292
TEL,1,S3,283
TEL,2,S3,286
TEL,3,S3,286
TEL,4,S3,286
TEL,5,S3,286
TEL,6,S3,283
TEL,7,S3,283
TEL,8,S3,286
TEL,9,S3,286
TEL,10,S3,283
TEL,11,S3,286
TEL,12,S3,286
TEL,13,S3,286
TEL,14,S3,283
TEL,15,S3,286
TEL,16,S3,286
TEL,17,S3,286
TEL,18,S3,283
TEL,19,S3,286
TEL,20,S3,292
TEL,21,S3,283
TEL,22,S3,286
TEL,23,S3,286
TEL,24,S3,286
TEL,25,S3,286
TEL,26,S3,286
TEL,27,S3,286
TEL,28,S3,286
TEL,29,S3,286
TEL,30,S3,286
TEL,31,S3,286
TEL,32,S3,295
TEL,33,S3,286
TEL,34,S3,286
TEL,35,S3,292
TEL,36,S3,286
TEL,37,S3,283
TEL,38,S3,286
TEL,39,S3,283
TEL,40,S3,286
TEL,41,S3,286
TEL,42,S3,286
TEL,43,S3,286
TEL,44,S3,286
TEL,45,S3,286
TEL,46,S3,286
TEL,47,S3,286
TEL,48,S3,286
TEL,49,S3,283
TEL,50,S3,286
TEL,51,S3,286
TEL,52,S3,286
TEL,53,S3,286
TEL,54,S3,286
TEL,55,S3,286
TEL,56,S3,286
TEL,57,S3,286
TEL,58,S3,286
TEL,59,S3,286
TEL,60,S3,283
TEL,61,S3,286
TEL,62,S3,286
TEL,63,S3,286
TEL,64,S3,286
TEL,65,S3,283
TEL,66,S3,283
TEL,67,S3,286
TEL,68,S3,286
TEL,69,S3,286
TEL,70,S3,286
TEL,71,S3,283
TEL,72,S3,283
TEL,73,S3,286
TEL,74,S3,286
TEL,75,S3,286
TEL,76,S3,286
TEL,77,S3,283
TEL,78,S3,283
TEL,79,S3,283
TEL,80,S3,286
TEL,81,S3,286
TEL,82,S3,286
TEL,83,S3,292
TEL,84,S3,286
TEL,85,S3,286
TEL,86,S3,283
TEL,87,S3,286
TEL,88,S3,286
TEL,89,S3,286
TEL,90,S3,286
TEL,91,S3,286
TEL,92,S3,286
TEL,93,S3,286
TEL,94,S3,283
TEL,95,S3,283
TEL,96,S3,286
TEL,97,S3,286
TEL,98,S3,283
TEL,99,S3,286
TEL,100,S3,286
TEL,101,S3,286
TEL,102,S3,286
TEL,103,S3,286
TEL,104,S3,283
TEL,105,S3,286
TEL,106,S3,283
TEL,107,S3,286
TEL,108,S3,286
TEL,109,S3,286
TEL,110,S3,283
TEL,111,S3,286
TEL,112,S3,286
TEL,113,S3,286
TEL,114,S3,286
TEL,115,S3,286
TEL,116,S3,286
TEL,117,S3,286
TEL,118,S3,292
TEL,119,S3,286
TEL,120,S3,283
TEL,121,S3,283
TEL,122,S3,286
TEL,123,S3,286
TEL,124,S3,286
TEL,125,S3,286
TEL,126,S3,286
TEL,127,S3,286
TEL,128,S3,286
TEL,129,S3,283
TEL,130,S3,286
TEL,131,S3,286
BTN,1,S3,PRESSED
TEL,132,S3,286
TEL,133,S3,283
TEL,134,S3,286
TEL,135,S3,286
TEL,136,S3,286
TEL,137,S3,286
TEL,138,S3,286
TEL,139,S3,280
TEL,140,S3,286
TEL,141,S3,286
TEL,142,S3,286
TEL,143,S3,286
TEL,144,S3,286
TEL,145,S3,286
TEL,146,S3,286
TEL,147,S3,286
TEL,148,S3,286
BTN,2,S3,PRESSED
TEL,149,S3,286
TEL,150,S3,283
TEL,151,S3,286
TEL,152,S3,286
TEL,153,S3,286
TEL,154,S3,286
TEL,155,S3,286
TEL,156,S3,286
TEL,157,S3,286
TEL,158,S3,286
TEL,159,S3,286
TEL,160,S3,283
TEL,161,S3,286
TEL,162,S3,286
TEL,163,S3,286
TEL,164,S3,286
TEL,165,S3,286
TEL,166,S3,286
TEL,167,S3,283
TEL,168,S3,283
TEL,169,S3,286
TEL,170,S3,286
TEL,171,S3,286
TEL,172,S3,286
TEL,173,S3,286
TEL,174,S3,292
TEL,175,S3,286
BTN,3,S3,PRESSED
TEL,176,S3,286
TEL,177,S3,286
TEL,178,S3,286
TEL,179,S3,286
TEL,180,S3,286
TEL,181,S3,286
TEL,182,S3,283
TEL,183,S3,283
TEL,184,S3,286
TEL,185,S3,283
TEL,186,S3,292
TEL,187,S3,286
TEL,188,S3,286
TEL,189,S3,286
TEL,190,S3,286
TEL,191,S3,286
BTN,4,S3,PRESSED
TEL,192,S3,286
TEL,193,S3,286
TEL,194,S3,286
TEL,195,S3,286
TEL,196,S3,283
TEL,197,S3,283
TEL,198,S3,286
TEL,199,S3,286
TEL,200,S3,286
TEL,201,S3,286
TEL,202,S3,286
TEL,203,S3,283
TEL,204,S3,283
TEL,205,S3,286
TEL,206,S3,286
TEL,207,S3,286
TEL,208,S3,286
TEL,209,S3,283
BTN,5,S3,PRESSED
TEL,210,S3,286
TEL,211,S3,283
TEL,212,S3,286
TEL,213,S3,283
TEL,214,S3,286
TEL,215,S3,292
TEL,216,S3,286
TEL,217,S3,280
TEL,218,S3,286
TEL,219,S3,286
TEL,220,S3,286
TEL,221,S3,286
TEL,222,S3,286
TEL,223,S3,283
TEL,224,S3,286
BTN,6,S3,PRESSED
TEL,225,S3,286
TEL,226,S3,283
TEL,227,S3,286
TEL,228,S3,286
TEL,229,S3,286
TEL,230,S3,286
TEL,231,S3,286
TEL,232,S3,286
TEL,233,S3,286
TEL,234,S3,283
TEL,235,S3,286
TEL,236,S3,286
TEL,237,S3,283
TEL,238,S3,286
TEL,239,S3,286
TEL,240,S3,286
TEL,241,S3,283
TEL,242,S3,283
TEL,243,S3,286
TEL,244,S3,286
TEL,245,S3,286
TEL,246,S3,286
TEL,247,S3,283
TEL,248,S3,286
TEL,249,S3,292
TEL,250,S3,286
TEL,251,S3,286
BTN,7,S3,PRESSED
TEL,252,S3,286
TEL,253,S3,286
TEL,254,S3,283
TEL,255,S3,283
TEL,256,S3,286
TEL,257,S3,286
TEL,258,S3,286
TEL,259,S3,283
TEL,260,S3,286
TEL,261,S3,286
TEL,262,S3,286
TEL,263,S3,283
TEL,264,S3,286
TEL,265,S3,283
TEL,266,S3,286
BTN,8,S3,PRESSED
TEL,267,S3,286
TEL,268,S3,286
TEL,269,S3,286
TEL,270,S3,283
TEL,271,S3,286
TEL,272,S3,286
TEL,273,S3,283
TEL,274,S3,286
TEL,275,S3,286
TEL,276,S3,286
TEL,277,S3,283
TEL,278,S3,286
TEL,279,S3,286
TEL,280,S3,286
TEL,281,S3,286
TEL,282,S3,283
TEL,283,S3,283
TEL,284,S3,292
TEL,285,S3,286
TEL,286,S3,286
TEL,287,S3,286
TEL,288,S3,286
TEL,289,S3,283
TEL,290,S3,286
TEL,291,S3,286
TEL,292,S3,286
TEL,293,S3,283
TEL,294,S3,286
TEL,295,S3,286
BTN,9,S3,PRESSED
TEL,296,S3,286
TEL,297,S3,286
TEL,298,S3,286
TEL,299,S3,283
TEL,300,S3,286
TEL,301,S3,286
TEL,302,S3,283
TEL,303,S3,286
TEL,304,S3,286
TEL,305,S3,283
TEL,306,S3,286
TEL,307,S3,286
TEL,308,S3,286
TEL,309,S3,286
TEL,310,S3,286
TEL,311,S3,286
TEL,312,S3,283
BTN,10,S3,PRESSED
TEL,313,S3,286
TEL,314,S3,286
TEL,315,S3,283
TEL,316,S3,283
TEL,317,S3,283
TEL,318,S3,286
TEL,319,S3,286
TEL,320,S3,283
TEL,321,S3,283
TEL,322,S3,286
TEL,323,S3,286
TEL,324,S3,286
TEL,325,S3,286
TEL,326,S3,283
TEL,327,S3,283
TEL,328,S3,286
TEL,329,S3,283
TEL,330,S3,286
TEL,331,S3,286
BTN,11,S3,PRESSED
TEL,332,S3,286
TEL,333,S3,286
TEL,334,S3,286
TEL,335,S3,286
TEL,336,S3,292
TEL,337,S3,283
TEL,338,S3,286
TEL,339,S3,283
TEL,340,S3,283
TEL,341,S3,286
TEL,342,S3,286
TEL,343,S3,286
TEL,344,S3,283
TEL,345,S3,280
TEL,346,S3,283
BTN,12,S3,PRESSED
TEL,347,S3,286
TEL,348,S3,280
TEL,349,S3,286
TEL,350,S3,286
TEL,351,S3,283
TEL,352,S3,286
TEL,353,S3,283
TEL,354,S3,286
TEL,355,S3,286
TEL,356,S3,283
TEL,357,S3,286
TEL,358,S3,292
TEL,359,S3,286
TEL,360,S3,286
BTN,13,S3,PRESSED
TEL,361,S3,283
TEL,362,S3,286
TEL,363,S3,286
TEL,364,S3,283
TEL,365,S3,286
TEL,366,S3,286
TEL,367,S3,286
TEL,368,S3,286
TEL,369,S3,283
TEL,370,S3,286
TEL,371,S3,286
TEL,372,S3,286
TEL,373,S3,286
TEL,374,S3,286
TEL,375,S3,286
TEL,376,S3,283
TEL,377,S3,286
TEL,378,S3,286
TEL,379,S3,283
TEL,380,S3,286
TEL,381,S3,286
TEL,382,S3,286
TEL,383,S3,286
TEL,384,S3,286
TEL,385,S3,283
TEL,386,S3,286
TEL,387,S3,283
TEL,388,S3,286
TEL,389,S3,286
TEL,390,S3,286
TEL,391,S3,286
TEL,392,S3,283
BTN,14,S3,PRESSED
TEL,393,S3,292
TEL,394,S3,286
TEL,395,S3,283
TEL,396,S3,286
TEL,397,S3,286
TEL,398,S3,283
TEL,399,S3,286
TEL,400,S3,286
TEL,401,S3,286
TEL,402,S3,283
TEL,403,S3,286
TEL,404,S3,286
TEL,405,S3,283
TEL,406,S3,283
TEL,407,S3,283
TEL,408,S3,286
TEL,409,S3,283
TEL,410,S3,286
TEL,411,S3,283
TEL,412,S3,286
TEL,413,S3,283
TEL,414,S3,286
TEL,415,S3,286
TEL,416,S3,286
TEL,417,S3,286
TEL,418,S3,286
TEL,419,S3,286
TEL,420,S3,286
BTN,15,S3,PRESSED
TEL,421,S3,286
TEL,422,S3,283
TEL,423,S3,286
TEL,424,S3,286
TEL,425,S3,286
TEL,426,S3,286
TEL,427,S3,283
TEL,428,S3,286
TEL,429,S3,286
TEL,430,S3,283
TEL,431,S3,286
TEL,432,S3,286
TEL,433,S3,283
TEL,434,S3,286
TEL,435,S3,286
BTN,16,S3,PRESSED
TEL,436,S3,286
TEL,437,S3,286
TEL,438,S3,283
TEL,439,S3,286
TEL,440,S3,286
TEL,441,S3,286
TEL,442,S3,283
TEL,443,S3,286
TEL,444,S3,286
TEL,445,S3,286
TEL,446,S3,286
TEL,447,S3,286
TEL,448,S3,286
TEL,449,S3,286
TEL,450,S3,286
TEL,451,S3,286
TEL,452,S3,286
BTN,17,S3,PRESSED
TEL,453,S3,286
TEL,454,S3,286
TEL,455,S3,286
TEL,456,S3,286
TEL,457,S3,286
TEL,458,S3,286
TEL,459,S3,292
TEL,460,S3,286
TEL,461,S3,286
TEL,462,S3,283
TEL,463,S3,286
TEL,464,S3,292
TEL,465,S3,286
TEL,466,S3,286
TEL,467,S3,286
TEL,468,S3,286
BTN,18,S3,PRESSED
TEL,469,S3,286
TEL,470,S3,286
TEL,471,S3,286
TEL,472,S3,286
TEL,473,S3,286
TEL,474,S3,286
TEL,475,S3,286
TEL,476,S3,286
TEL,477,S3,286
TEL,478,S3,286
TEL,479,S3,286
TEL,480,S3,283
TEL,481,S3,286
TEL,482,S3,286
TEL,483,S3,286
TEL,484,S3,286
TEL,485,S3,286
TEL,486,S3,286
TEL,487,S3,283
TEL,488,S3,283
TEL,489,S3,286
TEL,490,S3,286
TEL,491,S3,286
TEL,492,S3,283
TEL,493,S3,286
TEL,494,S3,286
TEL,495,S3,286
TEL,496,S3,283
TEL,497,S3,286
TEL,498,S3,283
TEL,499,S3,286
TEL,500,S3,283
TEL,501,S3,283
TEL,502,S3,286
TEL,503,S3,292
TEL,504,S3,283
BTN,19,S3,PRESSED
TEL,505,S3,286
TEL,506,S3,286
TEL,507,S3,286
TEL,508,S3,286
TEL,509,S3,286
TEL,510,S3,286
TEL,511,S3,283
TEL,512,S3,283
TEL,513,S3,286
TEL,514,S3,283
TEL,515,S3,286
TEL,516,S3,286
TEL,517,S3,286
TEL,518,S3,286
TEL,519,S3,286
BTN,20,S3,PRESSED
TEL,520,S3,286
TEL,521,S3,283
TEL,522,S3,286
TEL,523,S3,286
TEL,524,S3,286
TEL,525,S3,286
TEL,526,S3,283
TEL,527,S3,283
TEL,528,S3,286
TEL,529,S3,286
TEL,530,S3,286
TEL,531,S3,286
TEL,532,S3,286
TEL,533,S3,286
TEL,534,S3,280
TEL,535,S3,286
TEL,536,S3,286
BTN,21,S3,PRESSED
TEL,537,S3,286
TEL,538,S3,283
TEL,539,S3,286
TEL,540,S3,286
TEL,541,S3,286
TEL,542,S3,283
TEL,543,S3,286
TEL,544,S3,283
TEL,545,S3,286
TEL,546,S3,286
TEL,547,S3,286
TEL,548,S3,286
TEL,549,S3,286
TEL,550,S3,283
TEL,551,S3,292
TEL,552,S3,286
TEL,553,S3,283
TEL,554,S3,286
BTN,22,S3,PRESSED
TEL,555,S3,286
TEL,556,S3,283
TEL,557,S3,283
TEL,558,S3,286
TEL,559,S3,286
TEL,560,S3,286
TEL,561,S3,286
TEL,562,S3,283
TEL,563,S3,286
TEL,564,S3,292
TEL,565,S3,286
TEL,566,S3,286
TEL,567,S3,283
BTN,23,S3,PRESSED
TEL,568,S3,286
TEL,569,S3,286
TEL,570,S3,286
TEL,571,S3,286
TEL,572,S3,286
TEL,573,S3,283
TEL,574,S3,283
TEL,575,S3,283
TEL,576,S3,286
TEL,577,S3,286
TEL,578,S3,283
TEL,579,S3,286
TEL,580,S3,286
TEL,581,S3,283
TEL,582,S3,286
TEL,583,S3,283
TEL,584,S3,286
TEL,585,S3,286
TEL,586,S3,283
TEL,587,S3,292
TEL,588,S3,286
TEL,589,S3,286
TEL,590,S3,292
TEL,591,S3,286
TEL,592,S3,286
TEL,593,S3,286
TEL,594,S3,286
TEL,595,S3,286
TEL,596,S3,283
TEL,597,S3,286
TEL,598,S3,286
TEL,599,S3,286
TEL,600,S3,286
TEL,601,S3,286
TEL,602,S3,286
TEL,603,S3,286
BTN,24,S3,PRESSED
TEL,604,S3,286
TEL,605,S3,286
TEL,606,S3,283
TEL,607,S3,286
TEL,608,S3,286
TEL,609,S3,286
TEL,610,S3,286
TEL,611,S3,286
TEL,612,S3,292
TEL,613,S3,283
TEL,614,S3,283
TEL,615,S3,286
TEL,616,S3,286
TEL,617,S3,286
BTN,25,S3,PRESSED
TEL,618,S3,286
TEL,619,S3,286
TEL,620,S3,283
TEL,621,S3,286
TEL,622,S3,286
TEL,623,S3,283
TEL,624,S3,283
TEL,625,S3,283
TEL,626,S3,286
TEL,627,S3,283
TEL,628,S3,286
TEL,629,S3,286
TEL,630,S3,283
TEL,631,S3,286
TEL,632,S3,286
TEL,633,S3,286
BTN,26,S3,PRESSED
TEL,634,S3,283
TEL,635,S3,286
TEL,636,S3,286
TEL,637,S3,283
TEL,638,S3,286
TEL,639,S3,283
TEL,640,S3,283
TEL,641,S3,286
TEL,642,S3,286
TEL,643,S3,286
TEL,644,S3,286
TEL,645,S3,286
TEL,646,S3,286
TEL,647,S3,286
BTN,27,S3,PRESSED
TEL,648,S3,283
TEL,649,S3,286
TEL,650,S3,286
TEL,651,S3,286
TEL,652,S3,283
TEL,653,S3,286
TEL,654,S3,286
TEL,655,S3,286
TEL,656,S3,292
TEL,657,S3,286
TEL,658,S3,286
TEL,659,S3,286
TEL,660,S3,286
TEL,661,S3,283
TEL,662,S3,286
BTN,28,S3,PRESSED
TEL,663,S3,286
TEL,664,S3,286
TEL,665,S3,286
TEL,666,S3,292
TEL,667,S3,283
TEL,668,S3,283
TEL,669,S3,286
TEL,670,S3,286
TEL,671,S3,283
TEL,672,S3,286
TEL,673,S3,292
TEL,674,S3,286
TEL,675,S3,292
TEL,676,S3,283
TEL,677,S3,286
TEL,678,S3,283
TEL,679,S3,292
TEL,680,S3,283
TEL,681,S3,286
TEL,682,S3,286
TEL,683,S3,286
TEL,684,S3,286
TEL,685,S3,286
TEL,686,S3,283
TEL,687,S3,286
TEL,688,S3,286
TEL,689,S3,286
TEL,690,S3,286
TEL,691,S3,286
TEL,692,S3,286
TEL,693,S3,286
TEL,694,S3,286
TEL,695,S3,286
TEL,696,S3,286
TEL,697,S3,286
TEL,698,S3,286
BTN,29,S3,PRESSED
TEL,699,S3,286
TEL,700,S3,286
TEL,701,S3,286
TEL,702,S3,292
TEL,703,S3,286
TEL,704,S3,286
TEL,705,S3,286
TEL,706,S3,286
TEL,707,S3,286
TEL,708,S3,286
TEL,709,S3,283
TEL,710,S3,283
TEL,711,S3,283
TEL,712,S3,292
TEL,713,S3,292
BTN,30,S3,PRESSED
TEL,714,S3,286
TEL,715,S3,286
TEL,716,S3,283
TEL,717,S3,286
TEL,718,S3,292
TEL,719,S3,286
TEL,720,S3,286
TEL,721,S3,286
TEL,722,S3,292
TEL,723,S3,286
TEL,724,S3,286
TEL,725,S3,283
TEL,726,S3,286
TEL,727,S3,286
TEL,728,S3,286
TEL,729,S3,286
TEL,730,S3,286
TEL,731,S3,292
TEL,732,S3,283
TEL,733,S3,286
TEL,734,S3,286
TEL,735,S3,283
TEL,736,S3,286
TEL,737,S3,286
TEL,738,S3,286
TEL,739,S3,286
TEL,740,S3,286
TEL,741,S3,286
TEL,742,S3,286
TEL,743,S3,286
TEL,744,S3,286
TEL,745,S3,286
TEL,746,S3,286
TEL,747,S3,286
TEL,748,S3,286
TEL,749,S3,286
TEL,750,S3,292
TEL,751,S3,286
TEL,752,S3,286
TEL,753,S3,286
TEL,754,S3,292
TEL,755,S3,286
TEL,756,S3,286
TEL,757,S3,286
TEL,758,S3,286
TEL,759,S3,286
TEL,760,S3,286
TEL,761,S3,292
TEL,762,S3,286
TEL,763,S3,286
TEL,764,S3,286
TEL,765,S3,286
TEL,766,S3,286
TEL,767,S3,283
TEL,768,S3,286
TEL,769,S3,286
TEL,770,S3,286
TEL,771,S3,286
TEL,772,S3,283
TEL,773,S3,283
TEL,774,S3,286
TEL,775,S3,286
TEL,776,S3,286
TEL,777,S3,286
TEL,778,S3,283
TEL,779,S3,286
TEL,780,S3,286
TEL,781,S3,283
TEL,782,S3,286
TEL,783,S3,286
TEL,784,S3,286
TEL,785,S3,286
TEL,786,S3,286
TEL,787,S3,283
TEL,788,S3,286
TEL,789,S3,286
TEL,790,S3,283
TEL,791,S3,286
TEL,792,S3,283
TEL,793,S3,286
TEL,794,S3,283
TEL,795,S3,286
TEL,796,S3,283
TEL,797,S3,286
TEL,798,S3,283
TEL,799,S3,283
TEL,800,S3,286
TEL,801,S3,292
TEL,802,S3,283
TEL,803,S3,286
TEL,804,S3,286
TEL,805,S3,286
TEL,806,S3,286
TEL,807,S3,286
TEL,808,S3,283
TEL,809,S3,286
TEL,810,S3,292
TEL,811,S3,286
TEL,812,S3,286
TEL,813,S3,283
TEL,814,S3,286
TEL,815,S3,286
TEL,816,S3,286
TEL,817,S3,292
TEL,818,S3,286
TEL,819,S3,286
TEL,820,S3,286
TEL,821,S3,286
TEL,822,S3,286
TEL,823,S3,286
TEL,824,S3,286
TEL,825,S3,286
TEL,826,S3,283
TEL,827,S3,286
TEL,828,S3,286
TEL,829,S3,286
TEL,830,S3,286
TEL,831,S3,286
TEL,832,S3,286
TEL,833,S3,286
TEL,834,S3,283
TEL,835,S3,283
TEL,836,S3,286
TEL,837,S3,283
TEL,838,S3,286
TEL,839,S3,286
TEL,840,S3,286
TEL,841,S3,286
TEL,842,S3,286
>> CMD,STOP
TEL,843,S3,286
TEL,844,S3,286
TEL,845,S3,286
TEL,846,S3,286
TEL,847,S3,286
TEL,848,S3,283
TEL,849,S3,286
TEL,850,S3,286
TEL,851,S3,283
TEL,852,S3,283
ACK,STOP
>> CMD,DUMP
ACK,DUMP,30
VER,nogit,Debug,00
REC,1,S3,1085068367,26,51,3816,5559,0
PRE,1,16,O,51,0,0,0,0
REC,2,S3,1085239451,27,50,2732,5559,0
PRE,2,17,O,50,0,0,0,0
REC,3,S3,1085510204,31,50,1975,5559,0
PRE,3,17,O,50,0,0,0,0
REC,4,S3,1085666750,27,51,5432,5559,0
PRE,4,17,O,51,0,0,0,0
REC,5,S3,1085847181,27,54,4998,5559,0
PRE,5,17,O,54,0,0,0,0
REC,6,S3,1085996024,653,51,5634,5560,0
PRE,6,641,T,51,0,0,0,0
REC,7,S3,1086270845,27,50,1338,5559,0
PRE,7,17,O,50,0,0,0,0
REC,8,S3,1086420632,27,50,1551,5559,0
PRE,8,17,O,50,0,0,0,0
REC,9,S3,1086711174,26,55,1005,5559,0
PRE,9,16,O,55,0,0,0,0
REC,10,S3,1086885309,27,50,50,5559,0
PRE,10,17,O,50,0,0,0,0
REC,11,S3,1087075433,26,51,49,5560,0
PRE,11,16,O,51,0,0,0,0
REC,12,S3,1087225753,27,51,49,5560,0
PRE,12,17,O,51,0,0,0,0
REC,13,S3,1087358600,26,51,3583,5559,0
PRE,13,16,O,51,0,0,0,0
REC,14,S3,1087679008,26,51,3175,5559,0
PRE,14,17,O,51,0,0,0,0
REC,15,S3,1087963652,26,51,49,5560,0
PRE,15,16,O,51,0,0,0,0
REC,16,S3,1088115373,27,50,50,5559,0
PRE,16,17,O,50,0,0,0,0
REC,17,S3,1088280696,26,51,1487,5559,0
PRE,17,16,O,51,0,0,0,0
REC,18,S3,1088437525,27,51,4657,5559,0
PRE,18,17,O,51,0,0,0,0
REC,19,S3,1088802744,26,51,50,5559,0
PRE,19,16,O,51,0,0,0,0
REC,20,S3,1088952823,27,51,49,5560,0
PRE,20,17,O,51,0,0,0,0
REC,21,S3,1089117844,26,51,4339,5559,0
PRE,21,17,O,51,0,0,0,0
REC,22,S3,1089295974,709,51,5635,5560,0
PRE,22,677,T,51,0,0,0,0
REC,23,S3,1089432757,27,51,49,5560,0
PRE,23,17,O,51,0,0,0,0
REC,24,S3,1089789413,27,51,2769,5559,0
PRE,24,17,O,51,0,0,0,0
REC,25,S3,1089935660,27,50,50,5559,0
PRE,25,17,O,50,0,0,0,0
REC,26,S3,1090092412,26,51,49,5560,0
PRE,26,16,O,51,0,0,0,0
REC,27,S3,1090230259,26,51,1924,5559,0
PRE,27,16,O,51,0,0,0,0
REC,28,S3,1090377433,26,51,4750,5559,0
PRE,28,16,O,51,0,0,0,0
REC,29,S3,1090743280,27,51,49,5560,0
PRE,29,17,O,51,0,0,0,0
REC,30,S3,1090893830,27,51,49,5560,0
PRE,30,17,O,51,0,0,0,0
SUM,S3,30,853,0,0,2,0,0,0
CAL,0,0,0,573,4485
MEM,15192,205,88,302
RTS,UartTxTask,58973,6
RTS,IDLE,7907806,926
RTS,TelemetryTask,567170,66
RTS,Tmr Svc,0,0
RTS,ButtonTask,2673,0
END,DUMP
# PC bad_frames=0 tel_rx=853 pc_lost=0
