ACK,START,S3
TEL,0,S3,280
TEL,1,S3,283
TEL,2,S3,286
TEL,3,S3,292
TEL,4,S3,286
TEL,5,S3,286
TEL,6,S3,283
TEL,7,S3,283
TEL,8,S3,286
TEL,9,S3,286
TEL,10,S3,286
TEL,11,S3,286
TEL,12,S3,286
TEL,13,S3,286
TEL,14,S3,286
TEL,15,S3,286
TEL,16,S3,286
TEL,17,S3,286
TEL,18,S3,283
TEL,19,S3,286
TEL,20,S3,286
TEL,21,S3,286
TEL,22,S3,286
TEL,23,S3,286
TEL,24,S3,286
TEL,25,S3,283
TEL,26,S3,286
TEL,27,S3,283
TEL,28,S3,286
TEL,29,S3,283
TEL,30,S3,283
TEL,31,S3,283
TEL,32,S3,286
TEL,33,S3,286
TEL,34,S3,283
TEL,35,S3,286
TEL,36,S3,286
TEL,37,S3,286
TEL,38,S3,283
TEL,39,S3,286
TEL,40,S3,286
TEL,41,S3,286
TEL,42,S3,286
TEL,43,S3,286
TEL,44,S3,286
TEL,45,S3,283
TEL,46,S3,286
TEL,47,S3,286
TEL,48,S3,286
TEL,49,S3,283
TEL,50,S3,286
TEL,51,S3,286
TEL,52,S3,286
TEL,53,S3,286
TEL,54,S3,286
TEL,55,S3,292
TEL,56,S3,283
TEL,57,S3,283
TEL,58,S3,283
TEL,59,S3,286
TEL,60,S3,286
TEL,61,S3,286
TEL,62,S3,286
TEL,63,S3,286
TEL,64,S3,286
TEL,65,S3,286
TEL,66,S3,283
TEL,67,S3,286
TEL,68,S3,283
TEL,69,S3,286
TEL,70,S3,286
TEL,71,S3,286
TEL,72,S3,286
TEL,73,S3,283
TEL,74,S3,286
TEL,75,S3,286
TEL,76,S3,286
TEL,77,S3,286
TEL,78,S3,286
TEL,79,S3,286
TEL,80,S3,283
TEL,81,S3,286
TEL,82,S3,286
TEL,83,S3,286
TEL,84,S3,283
TEL,85,S3,286
TEL,86,S3,283
TEL,87,S3,283
TEL,88,S3,283
TEL,89,S3,286
TEL,90,S3,286
TEL,91,S3,286
TEL,92,S3,286
TEL,93,S3,286
TEL,94,S3,286
TEL,95,S3,286
TEL,96,S3,283
TEL,97,S3,283
TEL,98,S3,286
TEL,99,S3,286
TEL,100,S3,286
TEL,101,S3,286
TEL,102,S3,286
TEL,103,S3,286
TEL,104,S3,286
TEL,105,S3,283
TEL,106,S3,286
TEL,107,S3,286
TEL,108,S3,286
TEL,109,S3,283
TEL,110,S3,292
TEL,111,S3,283
TEL,112,S3,286
TEL,113,S3,286
TEL,114,S3,286
TEL,115,S3,283
TEL,116,S3,283
TEL,117,S3,286
TEL,118,S3,286
TEL,119,S3,292
TEL,120,S3,286
TEL,121,S3,283
TEL,122,S3,286
TEL,123,S3,286
TEL,124,S3,286
TEL,125,S3,286
TEL,126,S3,286
TEL,127,S3,286
TEL,128,S3,286
TEL,129,S3,286
TEL,130,S3,286
TEL,131,S3,283
TEL,132,S3,283
TEL,133,S3,286
TEL,134,S3,283
TEL,135,S3,283
TEL,136,S3,283
TEL,137,S3,283
TEL,138,S3,283
TEL,139,S3,286
TEL,140,S3,286
TEL,141,S3,286
TEL,142,S3,286
TEL,143,S3,283
TEL,144,S3,286
TEL,145,S3,286
TEL,146,S3,286
TEL,147,S3,292
TEL,148,S3,286
TEL,149,S3,286
TEL,150,S3,283
TEL,151,S3,286
TEL,152,S3,286
TEL,153,S3,283
TEL,154,S3,286
TEL,155,S3,286
TEL,156,S3,286
TEL,157,S3,286
TEL,158,S3,286
TEL,159,S3,283
TEL,160,S3,286
TEL,161,S3,286
TEL,162,S3,286
TEL,163,S3,283
TEL,164,S3,286
TEL,165,S3,286
TEL,166,S3,286
TEL,167,S3,286
TEL,168,S3,283
TEL,169,S3,283
TEL,170,S3,286
TEL,171,S3,283
TEL,172,S3,286
TEL,173,S3,286
TEL,174,S3,283
TEL,175,S3,286
TEL,176,S3,283
TEL,177,S3,292
TEL,178,S3,286
TEL,179,S3,283
TEL,180,S3,286
TEL,181,S3,286
TEL,182,S3,286
TEL,183,S3,283
TEL,184,S3,286
TEL,185,S3,286
TEL,186,S3,286
BTN,1,S3,PRESSED
TEL,187,S3,286
TEL,188,S3,283
TEL,189,S3,286
TEL,190,S3,286
TEL,191,S3,286
TEL,192,S3,292
TEL,193,S3,283
TEL,194,S3,286
TEL,195,S3,295
TEL,196,S3,286
TEL,197,S3,286
TEL,198,S3,286
TEL,199,S3,283
TEL,200,S3,286
TEL,201,S3,286
TEL,202,S3,286
TEL,203,S3,286
BTN,2,S3,PRESSED
TEL,204,S3,283
TEL,205,S3,286
TEL,206,S3,283
TEL,207,S3,286
TEL,208,S3,286
TEL,209,S3,286
TEL,210,S3,286
TEL,211,S3,286
TEL,212,S3,283
TEL,213,S3,283
TEL,214,S3,283
TEL,215,S3,286
TEL,216,S3,286
TEL,217,S3,283
TEL,218,S3,286
BTN,3,S3,PRESSED
TEL,219,S3,286
TEL,220,S3,283
TEL,221,S3,286
TEL,222,S3,292
TEL,223,S3,295
TEL,224,S3,286
TEL,225,S3,283
TEL,226,S3,283
TEL,227,S3,292
TEL,228,S3,292
TEL,229,S3,286
TEL,230,S3,283
TEL,231,S3,283
BTN,4,S3,PRESSED
TEL,232,S3,286
TEL,233,S3,292
TEL,234,S3,286
TEL,235,S3,286
TEL,236,S3,283
TEL,237,S3,283
TEL,238,S3,286
TEL,239,S3,286
TEL,240,S3,283
TEL,241,S3,283
TEL,242,S3,286
TEL,243,S3,286
TEL,244,S3,286
TEL,245,S3,286
TEL,246,S3,286
TEL,247,S3,286
TEL,248,S3,283
TEL,249,S3,286
TEL,250,S3,286
TEL,251,S3,286
TEL,252,S3,283
TEL,253,S3,286
TEL,254,S3,286
TEL,255,S3,283
TEL,256,S3,286
TEL,257,S3,286
TEL,258,S3,286
TEL,259,S3,286
TEL,260,S3,286
TEL,261,S3,283
TEL,262,S3,286
TEL,263,S3,286
TEL,264,S3,286
TEL,265,S3,286
TEL,266,S3,286
TEL,267,S3,286
TEL,268,S3,286
TEL,269,S3,283
TEL,270,S3,283
TEL,271,S3,283
TEL,272,S3,286
TEL,273,S3,286
TEL,274,S3,286
TEL,275,S3,283
TEL,276,S3,286
TEL,277,S3,286
TEL,278,S3,283
TEL,279,S3,286
TEL,280,S3,286
TEL,281,S3,286
TEL,282,S3,286
TEL,283,S3,283
TEL,284,S3,286
TEL,285,S3,286
TEL,286,S3,283
TEL,287,S3,286
TEL,288,S3,286
TEL,289,S3,286
TEL,290,S3,286
TEL,291,S3,286
TEL,292,S3,292
TEL,293,S3,286
TEL,294,S3,286
TEL,295,S3,286
TEL,296,S3,286
TEL,297,S3,286
TEL,298,S3,286
TEL,299,S3,286
TEL,300,S3,283
TEL,301,S3,286
TEL,302,S3,286
TEL,303,S3,286
TEL,304,S3,286
TEL,305,S3,286
TEL,306,S3,286
TEL,307,S3,286
TEL,308,S3,283
TEL,309,S3,286
TEL,310,S3,283
TEL,311,S3,286
TEL,312,S3,286
TEL,313,S3,286
TEL,314,S3,286
TEL,315,S3,283
TEL,316,S3,286
TEL,317,S3,286
TEL,318,S3,286
TEL,319,S3,286
TEL,320,S3,292
TEL,321,S3,286
TEL,322,S3,283
TEL,323,S3,286
TEL,324,S3,283
TEL,325,S3,286
TEL,326,S3,286
TEL,327,S3,283
TEL,328,S3,292
TEL,329,S3,286
TEL,330,S3,283
TEL,331,S3,283
TEL,332,S3,286
TEL,333,S3,283
TEL,334,S3,283
TEL,335,S3,286
>> CMD,STOP
TEL,336,S3,286
TEL,337,S3,283
TEL,338,S3,283
TEL,339,S3,286
ACK,STOP
>> CMD,DUMP
ACK,DUMP,4
VER,nogit,Debug,00
REC,1,S3,1078974480,27,50,2703,5559,0
PRE,1,17,O,50,0,0,0,0
REC,2,S3,1079143709,27,50,3474,5559,0
PRE,2,17,O,50,0,0,0,0
REC,3,S3,1079298428,26,51,49,5560,0
PRE,3,16,O,51,0,0,0,0
REC,4,S3,1079424236,27,53,2944,5559,0
PRE,4,17,O,53,0,0,0,0
SUM,S3,4,340,0,0,1,0,0,0
CAL,0,0,0,573,4485
MEM,15192,205,88,302
RTS,UartTxTask,24129,7
RTS,IDLE,3156053,926
RTS,TelemetryTask,226144,66
RTS,Tmr Svc,0,0
RTS,ButtonTask,351,0
END,DUMP
# PC bad_frames=0 tel_rx=340 pc_lost=0
