ACK,DUMP,30
VER,nogit,Debug,00
REC,1,S3,1049240270,407,51,5634,5560,0
PRE,1,394,T,51,0,0,0,0
REC,2,S3,1049376666,27,50,49,5560,0
PRE,2,17,O,50,0,0,0,0
REC,3,S3,1049524387,27,50,1796,5559,0
PRE,3,17,O,50,0,0,0,0
REC,4,S3,1049696163,26,65,50,5559,0
PRE,4,16,O,65,0,0,0,0
REC,5,S3,1049856905,27,54,49,5559,0
PRE,5,17,O,54,0,0,0,0
REC,6,S3,1050016794,26,51,49,5560,0
PRE,6,16,O,51,0,0,0,0
REC,7,S3,1050170055,622,51,5634,5560,0
PRE,7,610,T,51,0,0,0,0
REC,8,S3,1050297612,26,51,49,5560,0
PRE,8,16,O,51,0,0,0,0
REC,9,S3,1050478320,26,51,49,5560,0
PRE,9,16,O,51,0,0,0,0
REC,10,S3,1050625816,26,51,367,5559,0
PRE,10,16,O,51,0,0,0,0
REC,11,S3,1050775201,30,51,978,5559,0
PRE,11,17,O,51,0,0,0,0
REC,12,S3,1050952960,30,51,3219,5559,0
PRE,12,17,O,51,0,0,0,0
REC,13,S3,1051101622,26,51,4561,5559,0
PRE,13,16,O,51,0,0,0,0
REC,14,S3,1051266766,26,51,49,5560,0
PRE,14,16,O,51,0,0,0,0
REC,15,S3,1051428248,26,51,49,5560,0
PRE,15,16,O,51,0,0,0,0
REC,16,S3,1051589795,27,51,49,5560,0
PRE,16,17,O,51,0,0,0,0
REC,17,S3,1051767428,27,51,49,5559,0
PRE,17,17,O,51,0,0,0,0
REC,18,S3,1051921415,27,51,4767,5559,0
PRE,18,17,O,51,0,0,0,0
REC,19,S3,1052091268,26,51,4915,5559,0
PRE,19,16,O,51,0,0,0,0
REC,20,S3,1052251661,27,50,4522,5559,0
PRE,20,17,O,50,0,0,0,0
REC,21,S3,1052442504,26,51,3679,5559,0
PRE,21,16,O,51,0,0,0,0
REC,22,S3,1052597634,26,51,49,5560,0
PRE,22,16,O,51,0,0,0,0
REC,23,S3,1052775425,26,51,758,5559,0
PRE,23,16,O,51,0,0,0,0
REC,24,S3,1052931375,26,51,4808,5559,0
PRE,24,16,O,51,0,0,0,0
REC,25,S3,1053101808,26,51,4375,5560,0
PRE,25,16,O,51,0,0,0,0
REC,26,S3,1053284733,27,51,1449,5559,0
PRE,26,17,O,51,0,0,0,0
REC,27,S3,1053458820,27,51,49,5559,0
PRE,27,17,O,51,0,0,0,0
REC,28,S3,1053638396,26,51,49,5560,0
PRE,28,16,O,51,0,0,0,0
REC,29,S3,1053819083,27,51,49,5559,0
PRE,29,17,O,51,0,0,0,0
REC,30,S3,1054346614,27,50,50,5559,0
PRE,30,17,O,50,0,0,0,0
SUM,S3,30,927,0,0,2,0,0,0
CAL,0,0,0,573,4485
MEM,15192,205,88,302
RTS,UartTxTask,64117,6
RTS,IDLE,8593432,926
RTS,TelemetryTask,616433,66
RTS,Tmr Svc,0,0
RTS,ButtonTask,2677,0
END,DUMP
# PC bad_frames=0 tel_rx=927 pc_lost=0
