ACK,START,S4
TEL,0,S4,280
TEL,1,S4,277
TEL,2,S4,277
TEL,3,S4,277
TEL,4,S4,277
TEL,5,S4,280
TEL,6,S4,277
TEL,7,S4,280
TEL,8,S4,277
TEL,9,S4,280
TEL,10,S4,277
TEL,11,S4,277
TEL,12,S4,277
TEL,13,S4,277
TEL,14,S4,280
TEL,15,S4,277
TEL,16,S4,280
TEL,17,S4,280
TEL,18,S4,280
TEL,19,S4,280
TEL,20,S4,280
TEL,21,S4,283
TEL,22,S4,277
TEL,23,S4,277
TEL,24,S4,280
TEL,25,S4,277
TEL,26,S4,277
TEL,27,S4,277
TEL,28,S4,280
TEL,29,S4,280
TEL,30,S4,280
TEL,31,S4,280
TEL,32,S4,283
TEL,33,S4,280
TEL,34,S4,274
TEL,35,S4,277
TEL,36,S4,283
TEL,37,S4,277
TEL,38,S4,280
TEL,39,S4,280
TEL,40,S4,280
TEL,41,S4,280
TEL,42,S4,280
TEL,43,S4,277
TEL,44,S4,277
TEL,45,S4,280
TEL,46,S4,280
TEL,47,S4,280
TEL,48,S4,280
TEL,49,S4,280
TEL,50,S4,274
TEL,51,S4,280
TEL,52,S4,280
TEL,53,S4,280
TEL,54,S4,283
TEL,55,S4,277
TEL,56,S4,280
TEL,57,S4,283
TEL,58,S4,277
TEL,59,S4,280
TEL,60,S4,280
TEL,61,S4,277
TEL,62,S4,283
TEL,63,S4,280
TEL,64,S4,280
TEL,65,S4,280
TEL,66,S4,280
TEL,67,S4,283
TEL,68,S4,277
TEL,69,S4,280
TEL,70,S4,280
TEL,71,S4,277
TEL,72,S4,280
TEL,73,S4,280
TEL,74,S4,280
TEL,75,S4,277
TEL,76,S4,283
TEL,77,S4,280
TEL,78,S4,280
TEL,79,S4,277
TEL,80,S4,280
TEL,81,S4,280
TEL,82,S4,280
TEL,83,S4,280
TEL,84,S4,277
TEL,85,S4,283
TEL,86,S4,280
TEL,87,S4,277
TEL,88,S4,277
TEL,89,S4,280
TEL,90,S4,277
TEL,91,S4,280
TEL,92,S4,280
TEL,93,S4,280
TEL,94,S4,283
TEL,95,S4,277
TEL,96,S4,280
TEL,97,S4,283
TEL,98,S4,277
TEL,99,S4,286
TEL,100,S4,280
TEL,101,S4,280
TEL,102,S4,280
TEL,103,S4,274
TEL,104,S4,277
TEL,105,S4,277
TEL,106,S4,280
TEL,107,S4,277
TEL,108,S4,277
TEL,109,S4,280
TEL,110,S4,280
TEL,111,S4,277
TEL,112,S4,280
TEL,113,S4,280
TEL,114,S4,277
TEL,115,S4,280
TEL,116,S4,277
TEL,117,S4,277
TEL,118,S4,283
TEL,119,S4,283
TEL,120,S4,280
TEL,121,S4,277
TEL,122,S4,280
TEL,123,S4,277
TEL,124,S4,283
TEL,125,S4,280
TEL,126,S4,277
TEL,127,S4,280
TEL,128,S4,280
TEL,129,S4,280
TEL,130,S4,280
TEL,131,S4,277
TEL,132,S4,277
TEL,133,S4,277
TEL,134,S4,274
TEL,135,S4,280
TEL,136,S4,280
TEL,137,S4,277
TEL,138,S4,277
TEL,139,S4,280
TEL,140,S4,277
TEL,141,S4,280
TEL,142,S4,280
TEL,143,S4,277
TEL,144,S4,277
TEL,145,S4,277
TEL,146,S4,280
TEL,147,S4,280
TEL,148,S4,277
TEL,149,S4,280
TEL,150,S4,277
TEL,151,S4,280
TEL,152,S4,277
TEL,153,S4,277
BTN,1,S4,PRESSED
TEL,154,S4,280
TEL,155,S4,274
TEL,156,S4,280
TEL,157,S4,277
TEL,158,S4,280
TEL,159,S4,277
TEL,160,S4,277
TEL,161,S4,277
TEL,162,S4,283
TEL,163,S4,283
TEL,164,S4,280
TEL,165,S4,280
TEL,166,S4,280
TEL,167,S4,280
TEL,168,S4,280
TEL,169,S4,277
TEL,170,S4,277
BTN,2,S4,PRESSED
TEL,171,S4,280
TEL,172,S4,280
TEL,173,S4,280
TEL,174,S4,280
TEL,175,S4,280
TEL,176,S4,280
TEL,177,S4,277
TEL,178,S4,277
TEL,179,S4,280
TEL,180,S4,280
TEL,181,S4,280
TEL,182,S4,277
TEL,183,S4,277
TEL,184,S4,277
TEL,185,S4,280
TEL,186,S4,277
TEL,187,S4,280
TEL,188,S4,277
BTN,3,S4,PRESSED
TEL,189,S4,280
TEL,190,S4,283
TEL,191,S4,280
TEL,192,S4,277
TEL,193,S4,277
TEL,194,S4,277
TEL,195,S4,277
TEL,196,S4,280
TEL,197,S4,277
TEL,198,S4,280
TEL,199,S4,280
TEL,200,S4,277
TEL,201,S4,280
TEL,202,S4,280
TEL,203,S4,280
BTN,4,S4,PRESSED
TEL,204,S4,280
TEL,205,S4,277
TEL,206,S4,277
TEL,207,S4,280
TEL,208,S4,277
TEL,209,S4,280
TEL,210,S4,280
TEL,211,S4,280
TEL,212,S4,280
TEL,213,S4,277
TEL,214,S4,280
TEL,215,S4,277
TEL,216,S4,280
TEL,217,S4,277
TEL,218,S4,280
TEL,219,S4,277
TEL,220,S4,277
TEL,221,S4,277
BTN,5,S4,PRESSED
TEL,222,S4,280
TEL,223,S4,280
TEL,224,S4,280
TEL,225,S4,277
TEL,226,S4,280
TEL,227,S4,280
TEL,228,S4,277
TEL,229,S4,277
TEL,230,S4,283
TEL,231,S4,283
TEL,232,S4,277
TEL,233,S4,280
TEL,234,S4,277
TEL,235,S4,280
TEL,236,S4,280
TEL,237,S4,277
TEL,238,S4,277
TEL,239,S4,277
BTN,6,S4,PRESSED
TEL,240,S4,280
TEL,241,S4,277
TEL,242,S4,277
TEL,243,S4,277
TEL,244,S4,277
TEL,245,S4,280
TEL,246,S4,283
TEL,247,S4,280
TEL,248,S4,280
TEL,249,S4,283
TEL,250,S4,277
TEL,251,S4,283
TEL,252,S4,283
TEL,253,S4,280
TEL,254,S4,277
TEL,255,S4,274
TEL,256,S4,277
TEL,257,S4,277
BTN,7,S4,PRESSED
TEL,258,S4,280
TEL,259,S4,280
TEL,260,S4,277
TEL,261,S4,280
TEL,262,S4,280
TEL,263,S4,280
TEL,264,S4,277
TEL,265,S4,280
TEL,266,S4,280
TEL,267,S4,280
TEL,268,S4,280
TEL,269,S4,280
TEL,270,S4,277
TEL,271,S4,283
TEL,272,S4,277
TEL,273,S4,277
TEL,274,S4,277
BTN,8,S4,PRESSED
TEL,275,S4,277
TEL,276,S4,277
TEL,277,S4,280
TEL,278,S4,277
TEL,279,S4,277
TEL,280,S4,280
TEL,281,S4,280
TEL,282,S4,280
TEL,283,S4,280
TEL,284,S4,280
TEL,285,S4,283
TEL,286,S4,277
TEL,287,S4,280
TEL,288,S4,280
TEL,289,S4,280
TEL,290,S4,280
TEL,291,S4,280
TEL,292,S4,280
BTN,9,S4,PRESSED
TEL,293,S4,280
TEL,294,S4,277
TEL,295,S4,277
TEL,296,S4,277
TEL,297,S4,280
TEL,298,S4,280
TEL,299,S4,280
TEL,300,S4,277
TEL,301,S4,283
TEL,302,S4,277
TEL,303,S4,277
TEL,304,S4,277
TEL,305,S4,283
TEL,306,S4,280
TEL,307,S4,277
TEL,308,S4,283
TEL,309,S4,280
TEL,310,S4,277
TEL,311,S4,280
TEL,312,S4,277
TEL,313,S4,277
TEL,314,S4,277
BTN,10,S4,PRESSED
TEL,315,S4,280
TEL,316,S4,283
TEL,317,S4,280
TEL,318,S4,280
TEL,319,S4,277
TEL,320,S4,280
TEL,321,S4,277
TEL,322,S4,277
TEL,323,S4,283
TEL,324,S4,277
TEL,325,S4,277
TEL,326,S4,280
TEL,327,S4,280
TEL,328,S4,277
TEL,329,S4,280
TEL,330,S4,277
TEL,331,S4,280
TEL,332,S4,280
BTN,11,S4,PRESSED
TEL,333,S4,280
TEL,334,S4,283
TEL,335,S4,277
TEL,336,S4,280
TEL,337,S4,280
TEL,338,S4,280
TEL,339,S4,277
TEL,340,S4,280
TEL,341,S4,280
TEL,342,S4,277
TEL,343,S4,277
TEL,344,S4,283
TEL,345,S4,280
TEL,346,S4,280
TEL,347,S4,280
TEL,348,S4,280
TEL,349,S4,277
TEL,350,S4,277
TEL,351,S4,280
TEL,352,S4,283
BTN,12,S4,PRESSED
TEL,353,S4,274
TEL,354,S4,280
TEL,355,S4,277
TEL,356,S4,277
TEL,357,S4,277
TEL,358,S4,280
TEL,359,S4,280
TEL,360,S4,280
TEL,361,S4,277
TEL,362,S4,277
TEL,363,S4,277
TEL,364,S4,277
TEL,365,S4,280
TEL,366,S4,280
TEL,367,S4,277
TEL,368,S4,280
TEL,369,S4,277
TEL,370,S4,280
TEL,371,S4,280
BTN,13,S4,PRESSED
TEL,372,S4,280
TEL,373,S4,280
TEL,374,S4,277
TEL,375,S4,280
TEL,376,S4,280
TEL,377,S4,277
TEL,378,S4,280
TEL,379,S4,277
TEL,380,S4,277
TEL,381,S4,280
TEL,382,S4,283
TEL,383,S4,277
TEL,384,S4,280
TEL,385,S4,280
TEL,386,S4,277
TEL,387,S4,283
TEL,388,S4,280
BTN,14,S4,PRESSED
TEL,389,S4,280
TEL,390,S4,277
TEL,391,S4,283
TEL,392,S4,280
TEL,393,S4,280
TEL,394,S4,280
TEL,395,S4,277
TEL,396,S4,277
TEL,397,S4,280
TEL,398,S4,277
TEL,399,S4,277
TEL,400,S4,277
TEL,401,S4,277
TEL,402,S4,280
TEL,403,S4,280
TEL,404,S4,280
TEL,405,S4,277
TEL,406,S4,277
BTN,15,S4,PRESSED
TEL,407,S4,277
TEL,408,S4,277
TEL,409,S4,277
TEL,410,S4,277
TEL,411,S4,280
TEL,412,S4,277
TEL,413,S4,280
TEL,414,S4,280
TEL,415,S4,280
TEL,416,S4,280
TEL,417,S4,277
TEL,418,S4,274
TEL,419,S4,280
TEL,420,S4,277
TEL,421,S4,280
TEL,422,S4,280
TEL,423,S4,277
TEL,424,S4,280
BTN,16,S4,PRESSED
TEL,425,S4,280
TEL,426,S4,277
TEL,427,S4,280
TEL,428,S4,280
TEL,429,S4,277
TEL,430,S4,280
TEL,431,S4,280
TEL,432,S4,277
TEL,433,S4,277
TEL,434,S4,277
TEL,435,S4,274
TEL,436,S4,280
TEL,437,S4,280
TEL,438,S4,277
TEL,439,S4,277
TEL,440,S4,277
TEL,441,S4,280
TEL,442,S4,274
TEL,443,S4,280
TEL,444,S4,280
TEL,445,S4,277
BTN,17,S4,PRESSED
TEL,446,S4,277
TEL,447,S4,280
TEL,448,S4,283
TEL,449,S4,280
TEL,450,S4,277
TEL,451,S4,277
TEL,452,S4,277
TEL,453,S4,280
TEL,454,S4,280
TEL,455,S4,280
TEL,456,S4,277
TEL,457,S4,277
TEL,458,S4,280
TEL,459,S4,280
TEL,460,S4,280
TEL,461,S4,280
TEL,462,S4,277
TEL,463,S4,277
BTN,18,S4,PRESSED
TEL,464,S4,280
TEL,465,S4,283
TEL,466,S4,280
TEL,467,S4,277
TEL,468,S4,277
TEL,469,S4,283
TEL,470,S4,277
TEL,471,S4,274
TEL,472,S4,274
TEL,473,S4,280
TEL,474,S4,277
TEL,475,S4,277
TEL,476,S4,280
TEL,477,S4,277
TEL,478,S4,277
TEL,479,S4,277
TEL,480,S4,280
TEL,481,S4,277
TEL,482,S4,277
TEL,483,S4,280
TEL,484,S4,277
TEL,485,S4,283
BTN,19,S4,PRESSED
TEL,486,S4,277
TEL,487,S4,280
TEL,488,S4,280
TEL,489,S4,274
TEL,490,S4,280
TEL,491,S4,280
TEL,492,S4,280
TEL,493,S4,283
TEL,494,S4,280
TEL,495,S4,280
TEL,496,S4,277
TEL,497,S4,277
TEL,498,S4,280
TEL,499,S4,277
TEL,500,S4,280
TEL,501,S4,280
TEL,502,S4,280
TEL,503,S4,280
TEL,504,S4,280
TEL,505,S4,280
BTN,20,S4,PRESSED
TEL,506,S4,277
TEL,507,S4,277
TEL,508,S4,277
TEL,509,S4,274
TEL,510,S4,280
TEL,511,S4,283
TEL,512,S4,277
TEL,513,S4,277
TEL,514,S4,280
TEL,515,S4,280
TEL,516,S4,280
TEL,517,S4,283
TEL,518,S4,277
TEL,519,S4,274
TEL,520,S4,280
TEL,521,S4,277
TEL,522,S4,277
TEL,523,S4,280
TEL,524,S4,280
BTN,21,S4,PRESSED
TEL,525,S4,283
TEL,526,S4,280
TEL,527,S4,280
TEL,528,S4,283
TEL,529,S4,277
TEL,530,S4,277
TEL,531,S4,280
TEL,532,S4,277
TEL,533,S4,277
TEL,534,S4,277
TEL,535,S4,277
TEL,536,S4,277
TEL,537,S4,283
TEL,538,S4,280
TEL,539,S4,280
TEL,540,S4,280
TEL,541,S4,277
TEL,542,S4,283
BTN,22,S4,PRESSED
TEL,543,S4,280
TEL,544,S4,283
TEL,545,S4,280
TEL,546,S4,280
TEL,547,S4,277
TEL,548,S4,280
TEL,549,S4,277
TEL,550,S4,277
TEL,551,S4,280
TEL,552,S4,277
TEL,553,S4,280
TEL,554,S4,277
TEL,555,S4,280
TEL,556,S4,277
TEL,557,S4,280
TEL,558,S4,277
TEL,559,S4,277
TEL,560,S4,277
BTN,23,S4,PRESSED
TEL,561,S4,280
TEL,562,S4,280
TEL,563,S4,280
TEL,564,S4,283
TEL,565,S4,283
TEL,566,S4,280
TEL,567,S4,280
TEL,568,S4,277
TEL,569,S4,283
TEL,570,S4,277
TEL,571,S4,283
TEL,572,S4,280
TEL,573,S4,277
TEL,574,S4,280
TEL,575,S4,280
TEL,576,S4,280
TEL,577,S4,277
TEL,578,S4,283
TEL,579,S4,280
BTN,24,S4,PRESSED
TEL,580,S4,283
TEL,581,S4,277
TEL,582,S4,277
TEL,583,S4,280
TEL,584,S4,280
TEL,585,S4,280
TEL,586,S4,283
TEL,587,S4,280
TEL,588,S4,280
TEL,589,S4,277
TEL,590,S4,280
TEL,591,S4,280
TEL,592,S4,280
TEL,593,S4,277
TEL,594,S4,280
TEL,595,S4,277
TEL,596,S4,283
TEL,597,S4,277
BTN,25,S4,PRESSED
TEL,598,S4,280
TEL,599,S4,280
TEL,600,S4,280
TEL,601,S4,280
TEL,602,S4,280
TEL,603,S4,280
TEL,604,S4,283
TEL,605,S4,277
TEL,606,S4,277
TEL,607,S4,280
TEL,608,S4,283
TEL,609,S4,280
TEL,610,S4,280
TEL,611,S4,283
TEL,612,S4,277
TEL,613,S4,280
TEL,614,S4,280
TEL,615,S4,277
TEL,616,S4,280
TEL,617,S4,283
BTN,26,S4,PRESSED
TEL,618,S4,280
TEL,619,S4,280
TEL,620,S4,277
TEL,621,S4,277
TEL,622,S4,277
TEL,623,S4,277
TEL,624,S4,280
TEL,625,S4,277
TEL,626,S4,280
TEL,627,S4,280
TEL,628,S4,277
TEL,629,S4,277
TEL,630,S4,277
TEL,631,S4,280
TEL,632,S4,277
TEL,633,S4,280
TEL,634,S4,283
TEL,635,S4,277
TEL,636,S4,277
TEL,637,S4,280
BTN,27,S4,PRESSED
TEL,638,S4,283
TEL,639,S4,280
TEL,640,S4,280
TEL,641,S4,283
TEL,642,S4,283
TEL,643,S4,280
TEL,644,S4,277
TEL,645,S4,280
TEL,646,S4,280
TEL,647,S4,277
TEL,648,S4,280
TEL,649,S4,280
TEL,650,S4,277
TEL,651,S4,280
TEL,652,S4,277
TEL,653,S4,280
TEL,654,S4,280
TEL,655,S4,280
BTN,28,S4,PRESSED
TEL,656,S4,280
TEL,657,S4,280
TEL,658,S4,283
TEL,659,S4,280
TEL,660,S4,283
TEL,661,S4,277
TEL,662,S4,280
TEL,663,S4,277
TEL,664,S4,277
TEL,665,S4,280
TEL,666,S4,277
TEL,667,S4,280
TEL,668,S4,277
TEL,669,S4,277
TEL,670,S4,283
TEL,671,S4,280
TEL,672,S4,277
TEL,673,S4,277
BTN,29,S4,PRESSED
TEL,674,S4,280
TEL,675,S4,283
TEL,676,S4,280
TEL,677,S4,277
TEL,678,S4,283
TEL,679,S4,277
TEL,680,S4,280
TEL,681,S4,280
TEL,682,S4,280
TEL,683,S4,277
TEL,684,S4,280
TEL,685,S4,277
TEL,686,S4,280
TEL,687,S4,277
TEL,688,S4,277
TEL,689,S4,283
TEL,690,S4,280
TEL,691,S4,277
TEL,692,S4,280
TEL,693,S4,280
BTN,30,S4,PRESSED
TEL,694,S4,280
TEL,695,S4,283
TEL,696,S4,280
TEL,697,S4,277
TEL,698,S4,277
TEL,699,S4,277
TEL,700,S4,280
TEL,701,S4,277
TEL,702,S4,277
TEL,703,S4,280
TEL,704,S4,280
TEL,705,S4,277
TEL,706,S4,277
TEL,707,S4,280
TEL,708,S4,280
TEL,709,S4,280
TEL,710,S4,280
TEL,711,S4,280
TEL,712,S4,280
TEL,713,S4,280
TEL,714,S4,283
TEL,715,S4,280
TEL,716,S4,280
TEL,717,S4,280
TEL,718,S4,277
TEL,719,S4,280
TEL,720,S4,280
TEL,721,S4,283
TEL,722,S4,280
TEL,723,S4,283
TEL,724,S4,280
TEL,725,S4,277
TEL,726,S4,280
TEL,727,S4,277
TEL,728,S4,277
TEL,729,S4,280
TEL,730,S4,283
TEL,731,S4,280
TEL,732,S4,274
TEL,733,S4,280
TEL,734,S4,280
TEL,735,S4,283
TEL,736,S4,280
TEL,737,S4,277
TEL,738,S4,277
TEL,739,S4,280
TEL,740,S4,283
TEL,741,S4,283
TEL,742,S4,280
TEL,743,S4,277
TEL,744,S4,280
TEL,745,S4,280
TEL,746,S4,277
TEL,747,S4,280
TEL,748,S4,280
TEL,749,S4,280
TEL,750,S4,277
TEL,751,S4,277
TEL,752,S4,280
TEL,753,S4,277
TEL,754,S4,280
TEL,755,S4,277
TEL,756,S4,280
TEL,757,S4,280
TEL,758,S4,280
TEL,759,S4,283
TEL,760,S4,280
TEL,761,S4,280
TEL,762,S4,280
TEL,763,S4,277
TEL,764,S4,280
TEL,765,S4,277
TEL,766,S4,277
TEL,767,S4,283
TEL,768,S4,280
TEL,769,S4,277
TEL,770,S4,277
TEL,771,S4,280
TEL,772,S4,280
TEL,773,S4,280
TEL,774,S4,280
TEL,775,S4,280
TEL,776,S4,277
TEL,777,S4,283
TEL,778,S4,280
TEL,779,S4,280
TEL,780,S4,280
TEL,781,S4,280
TEL,782,S4,277
TEL,783,S4,280
TEL,784,S4,280
TEL,785,S4,280
TEL,786,S4,280
TEL,787,S4,280
TEL,788,S4,280
TEL,789,S4,283
TEL,790,S4,280
TEL,791,S4,277
TEL,792,S4,280
TEL,793,S4,280
TEL,794,S4,283
TEL,795,S4,280
TEL,796,S4,280
TEL,797,S4,283
TEL,798,S4,277
TEL,799,S4,277
TEL,800,S4,280
TEL,801,S4,280
TEL,802,S4,277
TEL,803,S4,280
TEL,804,S4,283
TEL,805,S4,280
TEL,806,S4,280
TEL,807,S4,277
TEL,808,S4,280
TEL,809,S4,277
TEL,810,S4,280
TEL,811,S4,280
TEL,812,S4,280
TEL,813,S4,280
TEL,814,S4,280
TEL,815,S4,277
TEL,816,S4,280
TEL,817,S4,280
TEL,818,S4,280
TEL,819,S4,280
TEL,820,S4,280
TEL,821,S4,277
TEL,822,S4,283
TEL,823,S4,277
TEL,824,S4,277
TEL,825,S4,277
TEL,826,S4,277
TEL,827,S4,280
TEL,828,S4,277
TEL,829,S4,280
TEL,830,S4,283
TEL,831,S4,277
TEL,832,S4,280
TEL,833,S4,283
TEL,834,S4,280
TEL,835,S4,277
TEL,836,S4,277
TEL,837,S4,283
TEL,838,S4,277
TEL,839,S4,283
TEL,840,S4,280
TEL,841,S4,277
TEL,842,S4,280
TEL,843,S4,280
TEL,844,S4,283
TEL,845,S4,277
TEL,846,S4,280
TEL,847,S4,280
TEL,848,S4,283
TEL,849,S4,280
TEL,850,S4,283
TEL,851,S4,283
TEL,852,S4,280
TEL,853,S4,280
TEL,854,S4,280
TEL,855,S4,280
TEL,856,S4,277
TEL,857,S4,280
TEL,858,S4,280
TEL,859,S4,280
TEL,860,S4,280
TEL,861,S4,277
TEL,862,S4,277
TEL,863,S4,280
TEL,864,S4,280
TEL,865,S4,277
TEL,866,S4,280
TEL,867,S4,280
TEL,868,S4,277
TEL,869,S4,277
TEL,870,S4,283
TEL,871,S4,280
TEL,872,S4,280
TEL,873,S4,280
TEL,874,S4,280
TEL,875,S4,280
TEL,876,S4,283
TEL,877,S4,280
TEL,878,S4,277
TEL,879,S4,280
TEL,880,S4,280
TEL,881,S4,280
TEL,882,S4,283
TEL,883,S4,277
TEL,884,S4,280
TEL,885,S4,277
TEL,886,S4,280
TEL,887,S4,280
TEL,888,S4,277
TEL,889,S4,280
TEL,890,S4,277
TEL,891,S4,280
TEL,892,S4,283
TEL,893,S4,280
TEL,894,S4,280
TEL,895,S4,280
TEL,896,S4,277
TEL,897,S4,277
TEL,898,S4,280
TEL,899,S4,277
TEL,900,S4,280
TEL,901,S4,280
TEL,902,S4,280
TEL,903,S4,277
TEL,904,S4,277
>> CMD,STOP
TEL,905,S4,277
TEL,906,S4,280
TEL,907,S4,277
TEL,908,S4,280
TEL,909,S4,280
TEL,910,S4,280
TEL,911,S4,277
TEL,912,S4,277
TEL,913,S4,280
TEL,914,S4,283
TEL,915,S4,277
TEL,916,S4,280
ACK,STOP
>> CMD,DUMP
ACK,DUMP,30
VER,nogit,Debug,00
REC,1,S4,139247984,27,50,49,5560,0
PRE,1,17,O,50,0,0,0,0
REC,2,S4,139409922,2284,55,5634,5560,0
PRE,2,2272,T,55,0,0,0,0
REC,3,S4,139589812,2394,55,5634,5560,0
PRE,3,2382,T,55,0,0,0,0
REC,4,S4,139744486,30,50,3223,5560,0
PRE,4,16,O,50,0,0,0,0
REC,5,S4,139921638,568,55,5634,5560,0
PRE,5,556,T,55,0,0,0,0
REC,6,S4,140100187,2019,55,5634,5560,0
PRE,6,2007,T,55,0,0,0,0
REC,7,S4,140281556,650,55,5634,5560,0
PRE,7,638,T,55,0,0,0,0
REC,8,S4,140449935,2271,55,5634,5560,0
PRE,8,2259,T,55,0,0,0,0
REC,9,S4,140639197,30,51,49,5560,0
PRE,9,16,O,51,0,0,0,0
REC,10,S4,140852830,27,50,4882,5560,0
PRE,10,17,O,50,0,0,0,0
REC,11,S4,141036847,27,50,865,5560,0
PRE,11,17,O,50,0,0,0,0
REC,12,S4,141229917,2289,55,5635,5559,0
PRE,12,2277,T,55,0,0,0,0
REC,13,S4,141419873,2333,55,5635,5559,0
PRE,13,2321,T,55,0,0,0,0
REC,14,S4,141598184,26,55,49,5560,0
PRE,14,16,O,55,0,0,0,0
REC,15,S4,141771175,1032,55,5635,5559,0
PRE,15,1020,T,55,0,0,0,0
REC,16,S4,141957779,27,51,45,5559,0
PRE,16,17,U,51,0,0,0,0
REC,17,S4,142160850,1357,55,5634,5560,0
PRE,17,1345,T,55,0,0,0,0
REC,18,S4,142348942,27,51,49,5560,0
PRE,18,17,O,51,0,0,0,0
REC,19,S4,142559646,2560,55,5635,5559,0
PRE,19,2548,T,55,0,0,0,0
REC,20,S4,142765925,26,51,1787,5560,0
PRE,20,16,O,51,0,0,0,0
REC,21,S4,142951829,377,55,5634,5560,0
PRE,21,365,T,55,0,0,0,0
REC,22,S4,143133081,26,51,4631,5560,0
PRE,22,16,O,51,0,0,0,0
REC,23,S4,143312333,27,51,5378,5560,0
PRE,23,17,O,51,0,0,0,0
REC,24,S4,143506584,27,50,1128,5560,0
PRE,24,17,O,50,0,0,0,0
REC,25,S4,143684824,26,51,2888,5560,0
PRE,25,16,O,51,0,0,0,0
REC,26,S4,143881699,507,55,5634,5560,0
PRE,26,495,T,55,0,0,0,0
REC,27,S4,144087815,27,51,49,5559,0
PRE,27,17,O,51,0,0,0,0
REC,28,S4,144262929,27,51,4782,5560,0
PRE,28,17,O,51,0,0,0,0
REC,29,S4,144448726,27,51,49,5560,0
PRE,29,17,O,51,0,0,0,0
REC,30,S4,144643171,27,55,4536,5560,0
PRE,30,17,O,55,0,0,0,0
SUM,S4,30,917,0,0,2,0,0,0
CAL,2000,2017,2033,569,4485
MEM,15192,211,81,302
RTS,UartTxTask,63659,6
RTS,IDLE,6655411,725
RTS,TelemetryTask,2456855,267
RTS,Tmr Svc,0,0
RTS,ButtonTask,2719,0
END,DUMP
# PC bad_frames=0 tel_rx=917 pc_lost=0
