ACK,START,S4
TEL,0,S4,268
TEL,1,S4,268
TEL,2,S4,268
TEL,3,S4,268
TEL,4,S4,265
TEL,5,S4,268
TEL,6,S4,268
TEL,7,S4,268
TEL,8,S4,265
TEL,9,S4,268
TEL,10,S4,268
TEL,11,S4,268
TEL,12,S4,268
TEL,13,S4,265
TEL,14,S4,268
TEL,15,S4,268
TEL,16,S4,271
TEL,17,S4,271
TEL,18,S4,268
TEL,19,S4,268
TEL,20,S4,268
TEL,21,S4,268
TEL,22,S4,271
TEL,23,S4,268
TEL,24,S4,268
TEL,25,S4,268
TEL,26,S4,265
TEL,27,S4,268
TEL,28,S4,271
TEL,29,S4,268
TEL,30,S4,268
TEL,31,S4,268
TEL,32,S4,271
TEL,33,S4,271
TEL,34,S4,271
TEL,35,S4,271
TEL,36,S4,265
TEL,37,S4,265
TEL,38,S4,268
TEL,39,S4,271
TEL,40,S4,265
TEL,41,S4,268
TEL,42,S4,265
TEL,43,S4,268
TEL,44,S4,268
TEL,45,S4,268
TEL,46,S4,268
TEL,47,S4,268
TEL,48,S4,265
TEL,49,S4,265
TEL,50,S4,268
TEL,51,S4,265
TEL,52,S4,268
TEL,53,S4,268
TEL,54,S4,268
TEL,55,S4,268
TEL,56,S4,265
TEL,57,S4,265
TEL,58,S4,268
TEL,59,S4,265
TEL,60,S4,268
TEL,61,S4,268
TEL,62,S4,268
TEL,63,S4,265
TEL,64,S4,268
TEL,65,S4,268
TEL,66,S4,265
TEL,67,S4,268
TEL,68,S4,265
TEL,69,S4,268
TEL,70,S4,265
TEL,71,S4,271
TEL,72,S4,268
TEL,73,S4,268
TEL,74,S4,268
TEL,75,S4,265
TEL,76,S4,271
TEL,77,S4,271
TEL,78,S4,268
TEL,79,S4,268
TEL,80,S4,271
TEL,81,S4,268
TEL,82,S4,268
TEL,83,S4,268
TEL,84,S4,271
TEL,85,S4,265
TEL,86,S4,268
TEL,87,S4,268
TEL,88,S4,268
TEL,89,S4,265
TEL,90,S4,268
TEL,91,S4,268
TEL,92,S4,268
TEL,93,S4,265
TEL,94,S4,268
TEL,95,S4,271
TEL,96,S4,268
TEL,97,S4,268
TEL,98,S4,265
TEL,99,S4,268
TEL,100,S4,268
TEL,101,S4,265
TEL,102,S4,268
TEL,103,S4,265
TEL,104,S4,271
TEL,105,S4,268
TEL,106,S4,268
TEL,107,S4,271
TEL,108,S4,271
TEL,109,S4,268
TEL,110,S4,265
TEL,111,S4,271
TEL,112,S4,265
TEL,113,S4,268
TEL,114,S4,268
TEL,115,S4,271
TEL,116,S4,268
TEL,117,S4,265
TEL,118,S4,265
TEL,119,S4,268
TEL,120,S4,268
TEL,121,S4,268
TEL,122,S4,268
TEL,123,S4,271
TEL,124,S4,268
TEL,125,S4,265
TEL,126,S4,265
TEL,127,S4,265
TEL,128,S4,268
TEL,129,S4,268
TEL,130,S4,268
TEL,131,S4,268
TEL,132,S4,268
TEL,133,S4,268
TEL,134,S4,268
TEL,135,S4,268
TEL,136,S4,265
TEL,137,S4,268
TEL,138,S4,271
TEL,139,S4,268
TEL,140,S4,271
TEL,141,S4,268
TEL,142,S4,268
TEL,143,S4,268
TEL,144,S4,268
TEL,145,S4,268
TEL,146,S4,268
TEL,147,S4,268
TEL,148,S4,268
TEL,149,S4,268
TEL,150,S4,268
TEL,151,S4,268
TEL,152,S4,265
TEL,153,S4,268
TEL,154,S4,268
TEL,155,S4,268
TEL,156,S4,268
TEL,157,S4,268
TEL,158,S4,265
TEL,159,S4,268
TEL,160,S4,268
TEL,161,S4,268
TEL,162,S4,268
TEL,163,S4,268
TEL,164,S4,268
TEL,165,S4,268
TEL,166,S4,265
TEL,167,S4,268
TEL,168,S4,268
TEL,169,S4,268
TEL,170,S4,265
TEL,171,S4,268
TEL,172,S4,268
TEL,173,S4,268
TEL,174,S4,271
TEL,175,S4,268
TEL,176,S4,265
TEL,177,S4,265
TEL,178,S4,268
TEL,179,S4,268
TEL,180,S4,265
TEL,181,S4,271
TEL,182,S4,268
TEL,183,S4,268
TEL,184,S4,268
BTN,1,S4,PRESSED
TEL,185,S4,268
TEL,186,S4,268
TEL,187,S4,265
TEL,188,S4,265
TEL,189,S4,268
TEL,190,S4,268
TEL,191,S4,271
TEL,192,S4,268
TEL,193,S4,268
TEL,194,S4,271
TEL,195,S4,268
TEL,196,S4,268
TEL,197,S4,271
TEL,198,S4,268
TEL,199,S4,271
TEL,200,S4,271
TEL,201,S4,268
TEL,202,S4,268
BTN,2,S4,PRESSED
TEL,203,S4,268
TEL,204,S4,271
TEL,205,S4,268
TEL,206,S4,271
TEL,207,S4,268
TEL,208,S4,268
TEL,209,S4,265
TEL,210,S4,268
TEL,211,S4,268
TEL,212,S4,268
TEL,213,S4,268
TEL,214,S4,268
TEL,215,S4,268
TEL,216,S4,271
BTN,3,S4,PRESSED
TEL,217,S4,268
TEL,218,S4,268
TEL,219,S4,265
TEL,220,S4,268
TEL,221,S4,265
TEL,222,S4,268
TEL,223,S4,268
TEL,224,S4,274
TEL,225,S4,265
TEL,226,S4,268
TEL,227,S4,268
TEL,228,S4,268
TEL,229,S4,265
TEL,230,S4,268
TEL,231,S4,265
BTN,4,S4,PRESSED
TEL,232,S4,268
TEL,233,S4,268
TEL,234,S4,265
TEL,235,S4,271
TEL,236,S4,268
TEL,237,S4,268
TEL,238,S4,265
TEL,239,S4,271
TEL,240,S4,268
TEL,241,S4,268
TEL,242,S4,268
TEL,243,S4,271
TEL,244,S4,268
TEL,245,S4,268
TEL,246,S4,268
TEL,247,S4,268
TEL,248,S4,265
BTN,5,S4,PRESSED
TEL,249,S4,271
TEL,250,S4,268
TEL,251,S4,271
TEL,252,S4,265
TEL,253,S4,268
TEL,254,S4,268
TEL,255,S4,268
TEL,256,S4,265
TEL,257,S4,271
TEL,258,S4,271
TEL,259,S4,268
TEL,260,S4,268
TEL,261,S4,268
TEL,262,S4,268
TEL,263,S4,268
TEL,264,S4,268
BTN,6,S4,PRESSED
TEL,265,S4,268
TEL,266,S4,268
TEL,267,S4,265
TEL,268,S4,268
TEL,269,S4,268
TEL,270,S4,265
TEL,271,S4,268
TEL,272,S4,262
TEL,273,S4,271
TEL,274,S4,271
TEL,275,S4,268
TEL,276,S4,268
TEL,277,S4,268
TEL,278,S4,268
TEL,279,S4,271
BTN,7,S4,PRESSED
TEL,280,S4,268
TEL,281,S4,268
TEL,282,S4,268
TEL,283,S4,268
TEL,284,S4,268
TEL,285,S4,268
TEL,286,S4,265
TEL,287,S4,268
TEL,288,S4,265
TEL,289,S4,268
TEL,290,S4,268
TEL,291,S4,268
TEL,292,S4,265
TEL,293,S4,268
TEL,294,S4,268
TEL,295,S4,271
BTN,8,S4,PRESSED
TEL,296,S4,268
TEL,297,S4,271
TEL,298,S4,271
TEL,299,S4,271
TEL,300,S4,268
TEL,301,S4,271
TEL,302,S4,268
TEL,303,S4,268
TEL,304,S4,268
TEL,305,S4,271
TEL,306,S4,268
TEL,307,S4,268
TEL,308,S4,271
TEL,309,S4,268
TEL,310,S4,268
BTN,9,S4,PRESSED
TEL,311,S4,271
TEL,312,S4,271
TEL,313,S4,268
TEL,314,S4,268
TEL,315,S4,271
TEL,316,S4,268
TEL,317,S4,271
TEL,318,S4,268
TEL,319,S4,265
TEL,320,S4,268
TEL,321,S4,265
TEL,322,S4,268
TEL,323,S4,268
TEL,324,S4,268
TEL,325,S4,268
TEL,326,S4,268
BTN,10,S4,PRESSED
TEL,327,S4,268
TEL,328,S4,268
TEL,329,S4,268
TEL,330,S4,268
TEL,331,S4,268
TEL,332,S4,271
TEL,333,S4,271
TEL,334,S4,268
TEL,335,S4,268
TEL,336,S4,268
TEL,337,S4,268
TEL,338,S4,268
TEL,339,S4,268
TEL,340,S4,268
TEL,341,S4,271
TEL,342,S4,268
TEL,343,S4,271
BTN,11,S4,PRESSED
TEL,344,S4,268
TEL,345,S4,268
TEL,346,S4,268
TEL,347,S4,268
TEL,348,S4,268
TEL,349,S4,268
TEL,350,S4,268
TEL,351,S4,268
TEL,352,S4,271
TEL,353,S4,271
TEL,354,S4,271
TEL,355,S4,271
TEL,356,S4,268
TEL,357,S4,271
TEL,358,S4,268
TEL,359,S4,271
TEL,360,S4,268
TEL,361,S4,268
TEL,362,S4,268
TEL,363,S4,265
TEL,364,S4,271
TEL,365,S4,271
TEL,366,S4,268
TEL,367,S4,268
TEL,368,S4,268
TEL,369,S4,271
TEL,370,S4,271
TEL,371,S4,268
TEL,372,S4,271
TEL,373,S4,268
TEL,374,S4,268
TEL,375,S4,268
TEL,376,S4,268
TEL,377,S4,265
BTN,12,S4,PRESSED
TEL,378,S4,268
TEL,379,S4,268
TEL,380,S4,271
TEL,381,S4,268
TEL,382,S4,271
TEL,383,S4,268
TEL,384,S4,268
TEL,385,S4,268
TEL,386,S4,268
TEL,387,S4,268
TEL,388,S4,268
TEL,389,S4,268
TEL,390,S4,271
TEL,391,S4,265
TEL,392,S4,268
BTN,13,S4,PRESSED
TEL,393,S4,268
TEL,394,S4,268
TEL,395,S4,271
TEL,396,S4,271
TEL,397,S4,271
TEL,398,S4,268
TEL,399,S4,268
TEL,400,S4,268
TEL,401,S4,265
TEL,402,S4,268
TEL,403,S4,268
TEL,404,S4,268
TEL,405,S4,265
TEL,406,S4,271
TEL,407,S4,268
TEL,408,S4,268
BTN,14,S4,PRESSED
TEL,409,S4,268
TEL,410,S4,271
TEL,411,S4,268
TEL,412,S4,271
TEL,413,S4,271
TEL,414,S4,271
TEL,415,S4,271
TEL,416,S4,268
TEL,417,S4,265
TEL,418,S4,268
TEL,419,S4,271
TEL,420,S4,268
TEL,421,S4,268
TEL,422,S4,271
TEL,423,S4,268
TEL,424,S4,271
TEL,425,S4,268
BTN,15,S4,PRESSED
TEL,426,S4,268
TEL,427,S4,268
TEL,428,S4,268
TEL,429,S4,268
TEL,430,S4,265
TEL,431,S4,271
TEL,432,S4,271
TEL,433,S4,268
TEL,434,S4,268
TEL,435,S4,268
TEL,436,S4,268
TEL,437,S4,268
TEL,438,S4,271
TEL,439,S4,268
TEL,440,S4,268
TEL,441,S4,271
TEL,442,S4,268
BTN,16,S4,PRESSED
TEL,443,S4,271
TEL,444,S4,268
TEL,445,S4,271
TEL,446,S4,268
TEL,447,S4,268
TEL,448,S4,265
TEL,449,S4,268
TEL,450,S4,268
TEL,451,S4,265
TEL,452,S4,268
TEL,453,S4,271
TEL,454,S4,268
TEL,455,S4,265
BTN,17,S4,PRESSED
TEL,456,S4,271
TEL,457,S4,268
TEL,458,S4,271
TEL,459,S4,268
TEL,460,S4,271
TEL,461,S4,268
TEL,462,S4,268
TEL,463,S4,271
TEL,464,S4,271
TEL,465,S4,268
TEL,466,S4,268
TEL,467,S4,271
TEL,468,S4,268
TEL,469,S4,265
TEL,470,S4,271
TEL,471,S4,268
BTN,18,S4,PRESSED
TEL,472,S4,262
TEL,473,S4,268
TEL,474,S4,271
TEL,475,S4,268
TEL,476,S4,271
TEL,477,S4,268
TEL,478,S4,268
TEL,479,S4,268
TEL,480,S4,268
TEL,481,S4,268
TEL,482,S4,271
TEL,483,S4,268
TEL,484,S4,268
TEL,485,S4,268
BTN,19,S4,PRESSED
TEL,486,S4,268
TEL,487,S4,268
TEL,488,S4,268
TEL,489,S4,268
TEL,490,S4,268
TEL,491,S4,265
TEL,492,S4,271
TEL,493,S4,268
TEL,494,S4,262
TEL,495,S4,268
TEL,496,S4,268
TEL,497,S4,268
TEL,498,S4,271
TEL,499,S4,268
TEL,500,S4,268
TEL,501,S4,268
TEL,502,S4,265
BTN,20,S4,PRESSED
TEL,503,S4,268
TEL,504,S4,268
TEL,505,S4,268
TEL,506,S4,271
TEL,507,S4,274
TEL,508,S4,268
TEL,509,S4,271
TEL,510,S4,271
TEL,511,S4,265
TEL,512,S4,268
TEL,513,S4,271
TEL,514,S4,265
TEL,515,S4,271
TEL,516,S4,268
TEL,517,S4,268
TEL,518,S4,268
BTN,21,S4,PRESSED
TEL,519,S4,265
TEL,520,S4,271
TEL,521,S4,268
TEL,522,S4,268
TEL,523,S4,268
TEL,524,S4,265
TEL,525,S4,268
TEL,526,S4,271
TEL,527,S4,271
TEL,528,S4,271
TEL,529,S4,268
TEL,530,S4,268
TEL,531,S4,268
TEL,532,S4,268
TEL,533,S4,268
BTN,22,S4,PRESSED
TEL,534,S4,265
TEL,535,S4,268
TEL,536,S4,268
TEL,537,S4,268
TEL,538,S4,268
TEL,539,S4,268
TEL,540,S4,268
TEL,541,S4,268
TEL,542,S4,268
TEL,543,S4,268
TEL,544,S4,268
TEL,545,S4,271
BTN,23,S4,PRESSED
TEL,546,S4,268
TEL,547,S4,268
TEL,548,S4,268
TEL,549,S4,268
TEL,550,S4,268
TEL,551,S4,271
TEL,552,S4,268
TEL,553,S4,268
TEL,554,S4,265
TEL,555,S4,271
TEL,556,S4,268
TEL,557,S4,268
TEL,558,S4,268
TEL,559,S4,268
TEL,560,S4,271
TEL,561,S4,268
TEL,562,S4,268
TEL,563,S4,271
TEL,564,S4,265
TEL,565,S4,268
TEL,566,S4,271
TEL,567,S4,268
TEL,568,S4,268
TEL,569,S4,271
TEL,570,S4,268
TEL,571,S4,271
TEL,572,S4,271
TEL,573,S4,271
TEL,574,S4,268
TEL,575,S4,268
TEL,576,S4,268
TEL,577,S4,268
TEL,578,S4,268
TEL,579,S4,271
TEL,580,S4,268
TEL,581,S4,271
TEL,582,S4,268
TEL,583,S4,271
TEL,584,S4,271
TEL,585,S4,268
TEL,586,S4,268
TEL,587,S4,268
TEL,588,S4,268
TEL,589,S4,268
TEL,590,S4,268
TEL,591,S4,271
TEL,592,S4,271
TEL,593,S4,268
TEL,594,S4,268
TEL,595,S4,268
TEL,596,S4,268
TEL,597,S4,265
TEL,598,S4,271
TEL,599,S4,268
TEL,600,S4,265
TEL,601,S4,268
TEL,602,S4,265
TEL,603,S4,265
TEL,604,S4,268
TEL,605,S4,268
TEL,606,S4,268
TEL,607,S4,268
TEL,608,S4,271
TEL,609,S4,271
TEL,610,S4,271
BTN,24,S4,PRESSED
TEL,611,S4,268
TEL,612,S4,268
TEL,613,S4,268
TEL,614,S4,265
TEL,615,S4,268
TEL,616,S4,268
TEL,617,S4,265
TEL,618,S4,268
TEL,619,S4,271
TEL,620,S4,268
TEL,621,S4,271
TEL,622,S4,268
TEL,623,S4,271
TEL,624,S4,271
TEL,625,S4,268
TEL,626,S4,268
BTN,25,S4,PRESSED
TEL,627,S4,268
TEL,628,S4,268
TEL,629,S4,268
TEL,630,S4,271
TEL,631,S4,268
TEL,632,S4,268
TEL,633,S4,271
TEL,634,S4,268
TEL,635,S4,268
TEL,636,S4,265
TEL,637,S4,265
TEL,638,S4,268
TEL,639,S4,271
TEL,640,S4,268
TEL,641,S4,271
TEL,642,S4,268
BTN,26,S4,PRESSED
TEL,643,S4,268
TEL,644,S4,268
TEL,645,S4,268
TEL,646,S4,265
TEL,647,S4,268
TEL,648,S4,268
TEL,649,S4,271
TEL,650,S4,268
TEL,651,S4,268
TEL,652,S4,268
TEL,653,S4,268
TEL,654,S4,271
TEL,655,S4,268
TEL,656,S4,268
TEL,657,S4,268
TEL,658,S4,268
TEL,659,S4,268
TEL,660,S4,271
TEL,661,S4,268
BTN,27,S4,PRESSED
TEL,662,S4,268
TEL,663,S4,268
TEL,664,S4,268
TEL,665,S4,268
TEL,666,S4,265
TEL,667,S4,271
TEL,668,S4,268
TEL,669,S4,268
TEL,670,S4,268
TEL,671,S4,268
TEL,672,S4,271
TEL,673,S4,268
TEL,674,S4,265
TEL,675,S4,268
TEL,676,S4,268
TEL,677,S4,268
TEL,678,S4,271
TEL,679,S4,274
BTN,28,S4,PRESSED
TEL,680,S4,271
TEL,681,S4,271
TEL,682,S4,268
TEL,683,S4,268
TEL,684,S4,268
TEL,685,S4,268
TEL,686,S4,268
TEL,687,S4,268
TEL,688,S4,268
TEL,689,S4,268
TEL,690,S4,268
TEL,691,S4,271
TEL,692,S4,271
TEL,693,S4,271
TEL,694,S4,265
TEL,695,S4,268
BTN,29,S4,PRESSED
TEL,696,S4,268
TEL,697,S4,268
TEL,698,S4,268
TEL,699,S4,268
TEL,700,S4,268
TEL,701,S4,268
TEL,702,S4,268
TEL,703,S4,268
TEL,704,S4,268
TEL,705,S4,268
TEL,706,S4,268
TEL,707,S4,271
TEL,708,S4,268
TEL,709,S4,265
TEL,710,S4,268
BTN,30,S4,PRESSED
TEL,711,S4,268
TEL,712,S4,265
TEL,713,S4,268
TEL,714,S4,271
TEL,715,S4,268
TEL,716,S4,271
TEL,717,S4,268
TEL,718,S4,268
TEL,719,S4,271
TEL,720,S4,271
TEL,721,S4,271
TEL,722,S4,271
TEL,723,S4,268
TEL,724,S4,268
TEL,725,S4,268
TEL,726,S4,268
TEL,727,S4,271
TEL,728,S4,268
TEL,729,S4,265
TEL,730,S4,265
TEL,731,S4,265
TEL,732,S4,268
TEL,733,S4,271
TEL,734,S4,268
TEL,735,S4,268
TEL,736,S4,268
TEL,737,S4,268
TEL,738,S4,268
TEL,739,S4,268
TEL,740,S4,268
TEL,741,S4,271
TEL,742,S4,271
TEL,743,S4,268
TEL,744,S4,271
TEL,745,S4,268
TEL,746,S4,271
TEL,747,S4,268
TEL,748,S4,268
TEL,749,S4,268
TEL,750,S4,271
TEL,751,S4,268
TEL,752,S4,268
TEL,753,S4,268
TEL,754,S4,268
TEL,755,S4,268
TEL,756,S4,271
TEL,757,S4,268
TEL,758,S4,265
TEL,759,S4,268
TEL,760,S4,268
TEL,761,S4,271
TEL,762,S4,268
TEL,763,S4,271
TEL,764,S4,268
TEL,765,S4,268
TEL,766,S4,271
TEL,767,S4,268
TEL,768,S4,268
TEL,769,S4,271
TEL,770,S4,268
TEL,771,S4,268
TEL,772,S4,268
TEL,773,S4,268
TEL,774,S4,268
TEL,775,S4,271
TEL,776,S4,271
TEL,777,S4,271
TEL,778,S4,268
TEL,779,S4,268
TEL,780,S4,268
TEL,781,S4,268
TEL,782,S4,268
TEL,783,S4,268
TEL,784,S4,274
TEL,785,S4,271
TEL,786,S4,271
TEL,787,S4,268
TEL,788,S4,268
TEL,789,S4,271
TEL,790,S4,271
TEL,791,S4,268
TEL,792,S4,268
TEL,793,S4,268
TEL,794,S4,265
TEL,795,S4,271
TEL,796,S4,268
TEL,797,S4,274
TEL,798,S4,265
TEL,799,S4,268
TEL,800,S4,271
TEL,801,S4,268
TEL,802,S4,271
TEL,803,S4,268
TEL,804,S4,268
TEL,805,S4,268
TEL,806,S4,271
TEL,807,S4,268
TEL,808,S4,271
TEL,809,S4,268
TEL,810,S4,268
TEL,811,S4,268
TEL,812,S4,268
TEL,813,S4,265
TEL,814,S4,271
TEL,815,S4,268
TEL,816,S4,271
TEL,817,S4,268
TEL,818,S4,268
TEL,819,S4,268
TEL,820,S4,268
TEL,821,S4,268
TEL,822,S4,271
TEL,823,S4,268
TEL,824,S4,268
TEL,825,S4,271
TEL,826,S4,268
TEL,827,S4,271
TEL,828,S4,271
TEL,829,S4,271
TEL,830,S4,268
TEL,831,S4,271
TEL,832,S4,271
TEL,833,S4,268
TEL,834,S4,271
TEL,835,S4,271
TEL,836,S4,271
TEL,837,S4,271
TEL,838,S4,268
TEL,839,S4,271
TEL,840,S4,271
TEL,841,S4,268
TEL,842,S4,268
TEL,843,S4,271
TEL,844,S4,265
TEL,845,S4,268
TEL,846,S4,268
TEL,847,S4,271
TEL,848,S4,268
TEL,849,S4,268
TEL,850,S4,265
TEL,851,S4,268
TEL,852,S4,268
TEL,853,S4,271
TEL,854,S4,268
TEL,855,S4,265
TEL,856,S4,268
TEL,857,S4,268
TEL,858,S4,268
TEL,859,S4,268
TEL,860,S4,271
TEL,861,S4,271
TEL,862,S4,271
TEL,863,S4,271
TEL,864,S4,274
TEL,865,S4,265
TEL,866,S4,271
TEL,867,S4,268
TEL,868,S4,271
TEL,869,S4,271
TEL,870,S4,268
TEL,871,S4,271
TEL,872,S4,268
TEL,873,S4,268
TEL,874,S4,268
TEL,875,S4,268
TEL,876,S4,268
TEL,877,S4,268
TEL,878,S4,268
TEL,879,S4,271
TEL,880,S4,271
TEL,881,S4,271
TEL,882,S4,268
TEL,883,S4,268
TEL,884,S4,268
TEL,885,S4,268
TEL,886,S4,268
TEL,887,S4,271
TEL,888,S4,268
TEL,889,S4,271
TEL,890,S4,268
TEL,891,S4,271
TEL,892,S4,268
TEL,893,S4,268
TEL,894,S4,268
TEL,895,S4,268
TEL,896,S4,271
TEL,897,S4,268
TEL,898,S4,271
TEL,899,S4,268
TEL,900,S4,271
TEL,901,S4,268
TEL,902,S4,274
TEL,903,S4,268
TEL,904,S4,268
TEL,905,S4,268
TEL,906,S4,268
TEL,907,S4,268
TEL,908,S4,268
TEL,909,S4,268
TEL,910,S4,271
TEL,911,S4,268
TEL,912,S4,268
TEL,913,S4,268
TEL,914,S4,271
TEL,915,S4,268
TEL,916,S4,268
TEL,917,S4,268
TEL,918,S4,268
TEL,919,S4,268
TEL,920,S4,268
TEL,921,S4,271
TEL,922,S4,268
TEL,923,S4,268
TEL,924,S4,271
TEL,925,S4,268
TEL,926,S4,271
TEL,927,S4,271
TEL,928,S4,268
TEL,929,S4,268
TEL,930,S4,271
TEL,931,S4,268
TEL,932,S4,268
TEL,933,S4,271
TEL,934,S4,271
TEL,935,S4,268
TEL,936,S4,268
TEL,937,S4,268
TEL,938,S4,271
TEL,939,S4,268
TEL,940,S4,268
TEL,941,S4,271
TEL,942,S4,268
TEL,943,S4,268
TEL,944,S4,268
TEL,945,S4,271
TEL,946,S4,268
TEL,947,S4,268
TEL,948,S4,268
TEL,949,S4,265
TEL,950,S4,271
TEL,951,S4,271
TEL,952,S4,271
TEL,953,S4,268
TEL,954,S4,268
TEL,955,S4,271
TEL,956,S4,268
TEL,957,S4,268
TEL,958,S4,271
TEL,959,S4,265
TEL,960,S4,268
TEL,961,S4,271
TEL,962,S4,271
TEL,963,S4,268
TEL,964,S4,268
TEL,965,S4,271
TEL,966,S4,271
TEL,967,S4,265
TEL,968,S4,268
TEL,969,S4,265
TEL,970,S4,268
TEL,971,S4,268
TEL,972,S4,268
TEL,973,S4,271
TEL,974,S4,271
TEL,975,S4,271
TEL,976,S4,268
>> CMD,STOP
TEL,977,S4,268
TEL,978,S4,268
TEL,979,S4,268
TEL,980,S4,268
TEL,981,S4,268
TEL,982,S4,271
TEL,983,S4,271
TEL,984,S4,268
TEL,985,S4,271
TEL,986,S4,268
TEL,987,S4,268
TEL,988,S4,268
TEL,989,S4,268
TEL,990,S4,268
TEL,991,S4,268
TEL,992,S4,271
TEL,993,S4,268
TEL,994,S4,268
TEL,995,S4,271
TEL,996,S4,271
TEL,997,S4,268
ACK,STOP
>> CMD,DUMP
ACK,DUMP,30
VER,nogit,Debug,00
REC,1,S4,166963497,26,51,462,5560,0
PRE,1,16,O,51,0,0,0,0
REC,2,S4,167136283,2171,50,5635,5560,0
PRE,2,2158,T,50,0,0,0,0
REC,3,S4,167279638,26,51,4321,5560,0
PRE,3,16,O,51,0,0,0,0
REC,4,S4,167431272,27,50,2687,5560,0
PRE,4,17,O,50,0,0,0,0
REC,5,S4,167602362,27,50,1597,5560,0
PRE,5,17,O,50,0,0,0,0
REC,6,S4,167765617,27,50,2750,5560,0
PRE,6,17,O,50,0,0,1,2690
REC,7,S4,167906934,1520,51,5635,5559,0
PRE,7,1508,T,51,0,0,0,0
REC,8,S4,168073936,26,61,50,5559,0
PRE,8,16,O,61,0,0,0,0
REC,9,S4,168223824,30,51,131,5560,0
PRE,9,20,O,51,0,0,0,0
REC,10,S4,168381197,30,51,2759,5559,0
PRE,10,16,O,51,0,0,0,0
REC,11,S4,168547583,872,51,5634,5560,0
PRE,11,859,T,51,0,0,0,0
REC,12,S4,168895290,27,50,50,5559,0
PRE,12,17,O,50,0,0,0,0
REC,13,S4,169040794,26,51,3165,5560,0
PRE,13,16,O,51,0,0,0,0
REC,14,S4,169201541,26,51,2418,5560,0
PRE,14,16,O,51,0,0,0,0
REC,15,S4,169371817,26,51,2142,5560,0
PRE,15,16,O,51,0,0,0,0
REC,16,S4,169541402,27,51,2556,5560,0
PRE,16,17,O,51,0,0,0,0
REC,17,S4,169669829,27,51,4129,5560,0
PRE,17,17,O,51,0,0,0,0
REC,18,S4,169828919,26,51,5040,5560,0
PRE,18,16,O,51,0,0,0,0
REC,19,S4,169975368,26,51,49,5560,0
PRE,19,16,O,51,0,0,0,0
REC,20,S4,170137839,615,51,5634,5560,0
PRE,20,602,T,51,0,0,0,0
REC,21,S4,170302218,31,50,1737,5560,0
PRE,21,17,O,50,0,0,0,0
REC,22,S4,170446658,1796,50,5635,5560,0
PRE,22,1783,T,50,0,0,0,0
REC,23,S4,170569432,27,51,4526,5560,0
PRE,23,17,O,51,0,0,0,0
REC,24,S4,171221223,29,51,2733,5560,0
PRE,24,19,O,51,0,0,0,0
REC,25,S4,171383433,26,51,526,5560,0
PRE,25,16,O,51,0,0,0,0
REC,26,S4,171537544,911,51,5634,5560,0
PRE,26,898,T,51,0,0,0,0
REC,27,S4,171728501,27,50,5459,5559,0
PRE,27,17,O,50,0,0,0,0
REC,28,S4,171906698,1756,51,5634,5560,0
PRE,28,1743,T,51,0,0,0,0
REC,29,S4,172066893,1561,51,5635,5560,0
PRE,29,1549,T,51,0,0,0,0
REC,30,S4,172223722,30,51,233,5560,0
PRE,30,17,O,51,0,0,0,0
SUM,S4,30,998,0,0,2,0,0,0
CAL,2000,2017,2033,572,4485
MEM,15192,211,88,304
RTS,UartTxTask,69229,6
RTS,IDLE,7239117,724
RTS,TelemetryTask,2677650,268
RTS,ButtonTask,2644,0
RTS,Tmr Svc,0,0
END,DUMP
# PC bad_frames=0 tel_rx=998 pc_lost=0
