ACK,START,S5
TEL,0,S5,268
TEL,1,S5,268
TEL,2,S5,268
TEL,3,S5,268
TEL,4,S5,268
TEL,5,S5,268
TEL,6,S5,268
TEL,7,S5,268
TEL,8,S5,265
TEL,9,S5,268
TEL,10,S5,268
TEL,11,S5,265
TEL,12,S5,265
TEL,13,S5,268
TEL,14,S5,268
TEL,15,S5,265
TEL,16,S5,268
TEL,17,S5,271
TEL,18,S5,265
TEL,19,S5,268
TEL,20,S5,268
TEL,21,S5,268
TEL,22,S5,268
TEL,23,S5,268
TEL,24,S5,265
TEL,25,S5,268
TEL,26,S5,268
TEL,27,S5,268
TEL,28,S5,268
TEL,29,S5,268
TEL,30,S5,271
TEL,31,S5,268
TEL,32,S5,268
TEL,33,S5,268
TEL,34,S5,268
TEL,35,S5,268
TEL,36,S5,268
TEL,37,S5,268
TEL,38,S5,268
TEL,39,S5,268
TEL,40,S5,268
TEL,41,S5,265
TEL,42,S5,265
TEL,43,S5,265
TEL,44,S5,265
TEL,45,S5,265
TEL,46,S5,268
TEL,47,S5,265
TEL,48,S5,268
TEL,49,S5,262
TEL,50,S5,268
TEL,51,S5,268
TEL,52,S5,265
TEL,53,S5,265
TEL,54,S5,265
TEL,55,S5,268
TEL,56,S5,265
TEL,57,S5,268
TEL,58,S5,265
TEL,59,S5,268
TEL,60,S5,265
TEL,61,S5,265
TEL,62,S5,268
TEL,63,S5,268
TEL,64,S5,268
TEL,65,S5,268
TEL,66,S5,265
TEL,67,S5,265
TEL,68,S5,265
TEL,69,S5,265
TEL,70,S5,268
TEL,71,S5,268
TEL,72,S5,265
TEL,73,S5,268
TEL,74,S5,268
TEL,75,S5,268
TEL,76,S5,268
TEL,77,S5,268
TEL,78,S5,265
TEL,79,S5,268
TEL,80,S5,265
TEL,81,S5,268
TEL,82,S5,268
TEL,83,S5,268
TEL,84,S5,268
TEL,85,S5,268
TEL,86,S5,268
TEL,87,S5,265
TEL,88,S5,268
TEL,89,S5,265
TEL,90,S5,268
TEL,91,S5,268
TEL,92,S5,268
TEL,93,S5,268
TEL,94,S5,268
TEL,95,S5,268
TEL,96,S5,265
TEL,97,S5,268
TEL,98,S5,268
TEL,99,S5,271
TEL,100,S5,268
TEL,101,S5,265
TEL,102,S5,268
TEL,103,S5,268
TEL,104,S5,268
TEL,105,S5,268
TEL,106,S5,268
TEL,107,S5,271
TEL,108,S5,268
TEL,109,S5,268
TEL,110,S5,268
TEL,111,S5,268
TEL,112,S5,268
TEL,113,S5,268
TEL,114,S5,268
TEL,115,S5,271
TEL,116,S5,268
TEL,117,S5,265
TEL,118,S5,268
TEL,119,S5,265
TEL,120,S5,265
TEL,121,S5,265
TEL,122,S5,268
TEL,123,S5,268
TEL,124,S5,262
TEL,125,S5,268
TEL,126,S5,268
TEL,127,S5,268
TEL,128,S5,268
TEL,129,S5,268
TEL,130,S5,268
TEL,131,S5,265
TEL,132,S5,265
TEL,133,S5,268
TEL,134,S5,268
TEL,135,S5,265
TEL,136,S5,271
TEL,137,S5,271
TEL,138,S5,268
TEL,139,S5,268
TEL,140,S5,265
TEL,141,S5,265
TEL,142,S5,265
TEL,143,S5,265
TEL,144,S5,268
TEL,145,S5,265
TEL,146,S5,265
TEL,147,S5,265
TEL,148,S5,268
TEL,149,S5,268
TEL,150,S5,268
TEL,151,S5,265
TEL,152,S5,268
TEL,153,S5,268
TEL,154,S5,268
TEL,155,S5,268
TEL,156,S5,268
TEL,157,S5,265
TEL,158,S5,262
TEL,159,S5,268
TEL,160,S5,268
TEL,161,S5,268
TEL,162,S5,265
TEL,163,S5,271
TEL,164,S5,268
TEL,165,S5,268
TEL,166,S5,268
TEL,167,S5,271
TEL,168,S5,268
TEL,169,S5,265
TEL,170,S5,268
TEL,171,S5,265
TEL,172,S5,265
TEL,173,S5,268
TEL,174,S5,268
TEL,175,S5,268
TEL,176,S5,265
TEL,177,S5,271
TEL,178,S5,268
TEL,179,S5,268
TEL,180,S5,265
TEL,181,S5,268
TEL,182,S5,268
TEL,183,S5,271
TEL,184,S5,268
TEL,185,S5,268
TEL,186,S5,268
TEL,187,S5,271
TEL,188,S5,268
TEL,189,S5,268
TEL,190,S5,268
TEL,191,S5,271
TEL,192,S5,268
TEL,193,S5,268
TEL,194,S5,268
TEL,195,S5,268
TEL,196,S5,271
TEL,197,S5,268
TEL,198,S5,268
TEL,199,S5,271
TEL,200,S5,265
TEL,201,S5,265
TEL,202,S5,268
TEL,203,S5,265
TEL,204,S5,265
TEL,205,S5,268
TEL,206,S5,268
TEL,207,S5,268
TEL,208,S5,265
TEL,209,S5,268
TEL,210,S5,268
TEL,211,S5,265
TEL,212,S5,265
TEL,213,S5,265
TEL,214,S5,268
TEL,215,S5,268
TEL,216,S5,268
TEL,217,S5,268
TEL,218,S5,265
TEL,219,S5,265
TEL,220,S5,265
TEL,221,S5,268
TEL,222,S5,265
TEL,223,S5,265
TEL,224,S5,265
TEL,225,S5,268
TEL,226,S5,268
TEL,227,S5,265
TEL,228,S5,268
TEL,229,S5,265
TEL,230,S5,268
TEL,231,S5,271
TEL,232,S5,265
TEL,233,S5,268
TEL,234,S5,271
TEL,235,S5,268
TEL,236,S5,268
TEL,237,S5,268
TEL,238,S5,268
TEL,239,S5,265
TEL,240,S5,268
TEL,241,S5,268
TEL,242,S5,268
TEL,243,S5,265
TEL,244,S5,268
TEL,245,S5,268
TEL,246,S5,265
TEL,247,S5,271
TEL,248,S5,268
TEL,249,S5,265
TEL,250,S5,268
TEL,251,S5,268
TEL,252,S5,262
TEL,253,S5,268
TEL,254,S5,265
TEL,255,S5,268
TEL,256,S5,265
TEL,257,S5,268
TEL,258,S5,268
TEL,259,S5,268
TEL,260,S5,268
TEL,261,S5,265
TEL,262,S5,268
TEL,263,S5,265
TEL,264,S5,265
TEL,265,S5,271
TEL,266,S5,265
TEL,267,S5,265
TEL,268,S5,268
TEL,269,S5,271
TEL,270,S5,265
TEL,271,S5,268
TEL,272,S5,268
TEL,273,S5,265
TEL,274,S5,268
TEL,275,S5,268
TEL,276,S5,265
TEL,277,S5,268
TEL,278,S5,268
TEL,279,S5,268
TEL,280,S5,268
TEL,281,S5,268
TEL,282,S5,265
TEL,283,S5,265
TEL,284,S5,265
TEL,285,S5,271
TEL,286,S5,268
TEL,287,S5,268
TEL,288,S5,268
TEL,289,S5,268
TEL,290,S5,268
TEL,291,S5,268
TEL,292,S5,265
TEL,293,S5,265
TEL,294,S5,268
TEL,295,S5,268
TEL,296,S5,271
TEL,297,S5,265
TEL,298,S5,268
TEL,299,S5,268
TEL,300,S5,268
TEL,301,S5,268
TEL,302,S5,268
TEL,303,S5,265
TEL,304,S5,268
TEL,305,S5,268
TEL,306,S5,268
TEL,307,S5,265
TEL,308,S5,262
TEL,309,S5,268
TEL,310,S5,265
TEL,311,S5,268
TEL,312,S5,265
TEL,313,S5,268
TEL,314,S5,268
TEL,315,S5,265
TEL,316,S5,265
TEL,317,S5,268
TEL,318,S5,268
TEL,319,S5,268
TEL,320,S5,268
TEL,321,S5,268
TEL,322,S5,265
TEL,323,S5,265
TEL,324,S5,265
TEL,325,S5,265
TEL,326,S5,268
TEL,327,S5,265
TEL,328,S5,265
TEL,329,S5,265
TEL,330,S5,265
TEL,331,S5,268
TEL,332,S5,265
TEL,333,S5,268
TEL,334,S5,268
TEL,335,S5,268
TEL,336,S5,265
TEL,337,S5,271
TEL,338,S5,265
TEL,339,S5,268
TEL,340,S5,268
TEL,341,S5,268
TEL,342,S5,268
TEL,343,S5,268
TEL,344,S5,265
TEL,345,S5,265
TEL,346,S5,265
TEL,347,S5,265
TEL,348,S5,268
TEL,349,S5,268
TEL,350,S5,265
TEL,351,S5,268
TEL,352,S5,268
TEL,353,S5,268
TEL,354,S5,268
TEL,355,S5,271
TEL,356,S5,268
TEL,357,S5,268
TEL,358,S5,265
TEL,359,S5,268
TEL,360,S5,265
TEL,361,S5,268
TEL,362,S5,268
TEL,363,S5,268
TEL,364,S5,265
TEL,365,S5,265
TEL,366,S5,265
TEL,367,S5,268
TEL,368,S5,265
TEL,369,S5,265
TEL,370,S5,265
TEL,371,S5,265
TEL,372,S5,268
TEL,373,S5,268
TEL,374,S5,268
TEL,375,S5,268
TEL,376,S5,268
TEL,377,S5,268
TEL,378,S5,268
TEL,379,S5,271
TEL,380,S5,268
TEL,381,S5,268
TEL,382,S5,268
TEL,383,S5,268
TEL,384,S5,271
TEL,385,S5,265
TEL,386,S5,265
TEL,387,S5,268
TEL,388,S5,265
TEL,389,S5,265
TEL,390,S5,265
TEL,391,S5,268
TEL,392,S5,268
TEL,393,S5,265
TEL,394,S5,274
TEL,395,S5,268
TEL,396,S5,268
TEL,397,S5,265
TEL,398,S5,268
TEL,399,S5,268
TEL,400,S5,268
TEL,401,S5,265
TEL,402,S5,265
TEL,403,S5,265
TEL,404,S5,265
TEL,405,S5,262
TEL,406,S5,268
TEL,407,S5,268
TEL,408,S5,271
TEL,409,S5,268
TEL,410,S5,268
TEL,411,S5,262
TEL,412,S5,268
TEL,413,S5,265
TEL,414,S5,268
TEL,415,S5,265
TEL,416,S5,265
TEL,417,S5,268
TEL,418,S5,268
TEL,419,S5,268
TEL,420,S5,265
TEL,421,S5,265
TEL,422,S5,262
TEL,423,S5,265
TEL,424,S5,265
TEL,425,S5,268
TEL,426,S5,268
TEL,427,S5,268
TEL,428,S5,265
TEL,429,S5,268
TEL,430,S5,271
TEL,431,S5,268
TEL,432,S5,271
TEL,433,S5,265
TEL,434,S5,268
TEL,435,S5,265
TEL,436,S5,268
TEL,437,S5,268
TEL,438,S5,265
TEL,439,S5,271
TEL,440,S5,265
TEL,441,S5,265
TEL,442,S5,268
TEL,443,S5,265
TEL,444,S5,265
TEL,445,S5,268
TEL,446,S5,265
TEL,447,S5,268
TEL,448,S5,265
TEL,449,S5,265
BTN,1,S5,PRESSED
TEL,450,S5,268
TEL,451,S5,268
TEL,452,S5,265
TEL,453,S5,268
TEL,454,S5,268
TEL,455,S5,268
TEL,456,S5,265
TEL,457,S5,268
TEL,458,S5,268
TEL,459,S5,268
TEL,460,S5,268
TEL,461,S5,265
TEL,462,S5,268
TEL,463,S5,268
TEL,464,S5,265
TEL,465,S5,268
BTN,2,S5,PRESSED
TEL,466,S5,265
TEL,467,S5,268
TEL,468,S5,268
TEL,469,S5,268
TEL,470,S5,268
TEL,471,S5,268
TEL,472,S5,268
TEL,473,S5,268
TEL,474,S5,268
TEL,475,S5,265
TEL,476,S5,268
TEL,477,S5,265
TEL,478,S5,268
TEL,479,S5,268
TEL,480,S5,268
TEL,481,S5,268
TEL,482,S5,268
TEL,483,S5,268
TEL,484,S5,268
TEL,485,S5,265
BTN,3,S5,PRESSED
TEL,486,S5,265
TEL,487,S5,268
TEL,488,S5,268
TEL,489,S5,265
TEL,490,S5,265
TEL,491,S5,268
TEL,492,S5,268
TEL,493,S5,268
TEL,494,S5,268
TEL,495,S5,271
TEL,496,S5,265
TEL,497,S5,268
TEL,498,S5,268
TEL,499,S5,268
TEL,500,S5,265
TEL,501,S5,268
TEL,502,S5,268
TEL,503,S5,268
TEL,504,S5,268
TEL,505,S5,265
TEL,506,S5,268
TEL,507,S5,268
BTN,4,S5,PRESSED
TEL,508,S5,271
TEL,509,S5,271
TEL,510,S5,268
TEL,511,S5,268
TEL,512,S5,268
TEL,513,S5,265
TEL,514,S5,265
TEL,515,S5,268
TEL,516,S5,265
TEL,517,S5,265
TEL,518,S5,268
TEL,519,S5,265
TEL,520,S5,271
TEL,521,S5,268
TEL,522,S5,265
TEL,523,S5,268
TEL,524,S5,268
TEL,525,S5,268
TEL,526,S5,268
TEL,527,S5,268
TEL,528,S5,271
TEL,529,S5,271
TEL,530,S5,268
TEL,531,S5,265
TEL,532,S5,268
TEL,533,S5,271
TEL,534,S5,268
TEL,535,S5,268
TEL,536,S5,268
TEL,537,S5,268
TEL,538,S5,268
TEL,539,S5,271
TEL,540,S5,271
TEL,541,S5,268
TEL,542,S5,268
TEL,543,S5,265
TEL,544,S5,268
TEL,545,S5,268
TEL,546,S5,271
TEL,547,S5,268
TEL,548,S5,268
TEL,549,S5,268
TEL,550,S5,265
TEL,551,S5,271
TEL,552,S5,268
TEL,553,S5,268
TEL,554,S5,265
TEL,555,S5,268
TEL,556,S5,268
TEL,557,S5,268
TEL,558,S5,268
TEL,559,S5,268
TEL,560,S5,265
TEL,561,S5,268
TEL,562,S5,268
TEL,563,S5,268
TEL,564,S5,265
TEL,565,S5,271
TEL,566,S5,265
TEL,567,S5,268
TEL,568,S5,265
TEL,569,S5,271
TEL,570,S5,268
TEL,571,S5,268
TEL,572,S5,271
TEL,573,S5,268
TEL,574,S5,268
TEL,575,S5,271
TEL,576,S5,268
TEL,577,S5,268
TEL,578,S5,265
TEL,579,S5,268
TEL,580,S5,268
TEL,581,S5,268
TEL,582,S5,268
TEL,583,S5,268
TEL,584,S5,268
TEL,585,S5,265
TEL,586,S5,271
TEL,587,S5,262
TEL,588,S5,268
TEL,589,S5,268
TEL,590,S5,268
TEL,591,S5,268
TEL,592,S5,268
TEL,593,S5,265
TEL,594,S5,271
TEL,595,S5,271
TEL,596,S5,268
TEL,597,S5,268
TEL,598,S5,271
TEL,599,S5,268
TEL,600,S5,271
TEL,601,S5,265
TEL,602,S5,265
TEL,603,S5,268
TEL,604,S5,268
BTN,5,S5,PRESSED
TEL,605,S5,268
TEL,606,S5,268
TEL,607,S5,271
TEL,608,S5,268
TEL,609,S5,268
TEL,610,S5,265
TEL,611,S5,265
TEL,612,S5,268
TEL,613,S5,271
TEL,614,S5,265
TEL,615,S5,265
TEL,616,S5,268
TEL,617,S5,268
TEL,618,S5,268
TEL,619,S5,268
TEL,620,S5,268
TEL,621,S5,268
TEL,622,S5,268
TEL,623,S5,268
TEL,624,S5,268
TEL,625,S5,271
TEL,626,S5,268
TEL,627,S5,268
TEL,628,S5,265
TEL,629,S5,271
TEL,630,S5,268
TEL,631,S5,271
TEL,632,S5,268
TEL,633,S5,268
TEL,634,S5,268
TEL,635,S5,271
TEL,636,S5,274
TEL,637,S5,268
TEL,638,S5,268
TEL,639,S5,268
BTN,6,S5,PRESSED
TEL,640,S5,268
TEL,641,S5,271
TEL,642,S5,265
TEL,643,S5,268
TEL,644,S5,268
TEL,645,S5,268
TEL,646,S5,265
TEL,647,S5,268
TEL,648,S5,271
TEL,649,S5,268
TEL,650,S5,268
TEL,651,S5,268
TEL,652,S5,268
TEL,653,S5,265
TEL,654,S5,268
TEL,655,S5,265
TEL,656,S5,268
TEL,657,S5,271
BTN,7,S5,PRESSED
TEL,658,S5,268
TEL,659,S5,268
TEL,660,S5,268
TEL,661,S5,268
TEL,662,S5,268
TEL,663,S5,268
TEL,664,S5,268
TEL,665,S5,268
TEL,666,S5,268
TEL,667,S5,268
TEL,668,S5,268
TEL,669,S5,271
TEL,670,S5,271
TEL,671,S5,265
TEL,672,S5,268
TEL,673,S5,268
TEL,674,S5,271
TEL,675,S5,265
TEL,676,S5,268
TEL,677,S5,271
BTN,8,S5,PRESSED
TEL,678,S5,268
TEL,679,S5,268
TEL,680,S5,265
TEL,681,S5,268
TEL,682,S5,268
TEL,683,S5,268
TEL,684,S5,271
TEL,685,S5,268
TEL,686,S5,265
TEL,687,S5,265
TEL,688,S5,268
TEL,689,S5,268
TEL,690,S5,268
TEL,691,S5,265
TEL,692,S5,265
TEL,693,S5,268
TEL,694,S5,268
TEL,695,S5,268
BTN,9,S5,PRESSED
TEL,696,S5,268
TEL,697,S5,268
TEL,698,S5,268
TEL,699,S5,268
TEL,700,S5,271
TEL,701,S5,271
TEL,702,S5,268
TEL,703,S5,268
TEL,704,S5,268
TEL,705,S5,268
TEL,706,S5,271
TEL,707,S5,265
TEL,708,S5,268
TEL,709,S5,268
TEL,710,S5,268
TEL,711,S5,268
TEL,712,S5,268
TEL,713,S5,268
BTN,10,S5,PRESSED
TEL,714,S5,265
TEL,715,S5,265
TEL,716,S5,268
TEL,717,S5,268
TEL,718,S5,268
TEL,719,S5,268
TEL,720,S5,268
TEL,721,S5,271
TEL,722,S5,268
TEL,723,S5,271
TEL,724,S5,268
TEL,725,S5,268
TEL,726,S5,268
TEL,727,S5,268
TEL,728,S5,268
TEL,729,S5,268
TEL,730,S5,274
TEL,731,S5,268
TEL,732,S5,265
BTN,11,S5,PRESSED
TEL,733,S5,268
TEL,734,S5,268
TEL,735,S5,271
TEL,736,S5,268
TEL,737,S5,268
TEL,738,S5,268
TEL,739,S5,268
TEL,740,S5,268
TEL,741,S5,271
TEL,742,S5,268
TEL,743,S5,271
TEL,744,S5,268
TEL,745,S5,268
TEL,746,S5,271
TEL,747,S5,265
TEL,748,S5,265
TEL,749,S5,268
TEL,750,S5,271
TEL,751,S5,268
TEL,752,S5,268
TEL,753,S5,265
TEL,754,S5,268
TEL,755,S5,268
TEL,756,S5,268
TEL,757,S5,268
TEL,758,S5,265
TEL,759,S5,268
TEL,760,S5,268
TEL,761,S5,268
TEL,762,S5,268
TEL,763,S5,268
TEL,764,S5,268
TEL,765,S5,265
TEL,766,S5,268
TEL,767,S5,265
TEL,768,S5,268
TEL,769,S5,268
TEL,770,S5,268
TEL,771,S5,268
TEL,772,S5,268
TEL,773,S5,265
TEL,774,S5,271
TEL,775,S5,268
TEL,776,S5,268
TEL,777,S5,268
TEL,778,S5,265
TEL,779,S5,268
TEL,780,S5,265
TEL,781,S5,268
TEL,782,S5,268
TEL,783,S5,265
TEL,784,S5,268
TEL,785,S5,268
TEL,786,S5,268
TEL,787,S5,268
TEL,788,S5,268
TEL,789,S5,265
TEL,790,S5,268
TEL,791,S5,268
TEL,792,S5,271
TEL,793,S5,268
TEL,794,S5,271
TEL,795,S5,268
TEL,796,S5,268
TEL,797,S5,268
TEL,798,S5,268
TEL,799,S5,268
TEL,800,S5,271
TEL,801,S5,271
TEL,802,S5,268
TEL,803,S5,268
TEL,804,S5,268
TEL,805,S5,268
TEL,806,S5,268
TEL,807,S5,268
TEL,808,S5,268
TEL,809,S5,268
TEL,810,S5,265
TEL,811,S5,268
TEL,812,S5,268
TEL,813,S5,271
TEL,814,S5,268
TEL,815,S5,268
TEL,816,S5,268
TEL,817,S5,268
TEL,818,S5,268
TEL,819,S5,268
TEL,820,S5,268
TEL,821,S5,268
TEL,822,S5,268
TEL,823,S5,268
TEL,824,S5,265
TEL,825,S5,268
TEL,826,S5,268
TEL,827,S5,268
TEL,828,S5,268
TEL,829,S5,265
TEL,830,S5,268
TEL,831,S5,268
TEL,832,S5,268
TEL,833,S5,271
TEL,834,S5,271
TEL,835,S5,265
TEL,836,S5,268
TEL,837,S5,268
TEL,838,S5,268
TEL,839,S5,268
TEL,840,S5,271
TEL,841,S5,265
TEL,842,S5,268
TEL,843,S5,271
TEL,844,S5,265
TEL,845,S5,268
TEL,846,S5,268
TEL,847,S5,268
TEL,848,S5,268
TEL,849,S5,268
TEL,850,S5,265
TEL,851,S5,271
TEL,852,S5,265
TEL,853,S5,268
TEL,854,S5,268
TEL,855,S5,271
TEL,856,S5,265
TEL,857,S5,268
TEL,858,S5,268
TEL,859,S5,268
TEL,860,S5,271
TEL,861,S5,271
TEL,862,S5,265
TEL,863,S5,268
TEL,864,S5,271
TEL,865,S5,268
TEL,866,S5,271
TEL,867,S5,271
TEL,868,S5,268
TEL,869,S5,268
TEL,870,S5,268
TEL,871,S5,271
TEL,872,S5,268
TEL,873,S5,271
TEL,874,S5,271
TEL,875,S5,268
TEL,876,S5,271
TEL,877,S5,268
TEL,878,S5,265
TEL,879,S5,268
TEL,880,S5,271
TEL,881,S5,268
TEL,882,S5,268
TEL,883,S5,265
TEL,884,S5,265
TEL,885,S5,268
TEL,886,S5,265
TEL,887,S5,271
TEL,888,S5,265
TEL,889,S5,268
TEL,890,S5,265
TEL,891,S5,268
TEL,892,S5,268
TEL,893,S5,268
TEL,894,S5,268
TEL,895,S5,268
TEL,896,S5,268
TEL,897,S5,268
TEL,898,S5,268
TEL,899,S5,271
TEL,900,S5,268
TEL,901,S5,265
TEL,902,S5,271
TEL,903,S5,265
TEL,904,S5,274
TEL,905,S5,268
TEL,906,S5,268
TEL,907,S5,271
TEL,908,S5,268
TEL,909,S5,271
TEL,910,S5,268
TEL,911,S5,268
TEL,912,S5,271
TEL,913,S5,265
TEL,914,S5,268
TEL,915,S5,268
TEL,916,S5,268
TEL,917,S5,268
TEL,918,S5,268
TEL,919,S5,268
TEL,920,S5,271
TEL,921,S5,271
TEL,922,S5,271
TEL,923,S5,268
TEL,924,S5,268
TEL,925,S5,268
TEL,926,S5,268
TEL,927,S5,265
TEL,928,S5,268
TEL,929,S5,265
TEL,930,S5,268
BTN,12,S5,PRESSED
TEL,931,S5,268
TEL,932,S5,271
TEL,933,S5,268
TEL,934,S5,268
TEL,935,S5,271
TEL,936,S5,268
TEL,937,S5,268
TEL,938,S5,271
TEL,939,S5,271
TEL,940,S5,268
TEL,941,S5,268
TEL,942,S5,265
TEL,943,S5,268
TEL,944,S5,268
TEL,945,S5,268
TEL,946,S5,268
TEL,947,S5,268
TEL,948,S5,271
BTN,13,S5,PRESSED
TEL,949,S5,268
TEL,950,S5,265
TEL,951,S5,268
TEL,952,S5,268
TEL,953,S5,265
TEL,954,S5,271
TEL,955,S5,268
TEL,956,S5,268
TEL,957,S5,268
TEL,958,S5,268
TEL,959,S5,268
TEL,960,S5,271
TEL,961,S5,268
TEL,962,S5,268
TEL,963,S5,268
TEL,964,S5,271
TEL,965,S5,271
TEL,966,S5,271
TEL,967,S5,271
TEL,968,S5,271
TEL,969,S5,268
BTN,14,S5,PRESSED
TEL,970,S5,265
TEL,971,S5,268
TEL,972,S5,268
TEL,973,S5,268
TEL,974,S5,271
TEL,975,S5,268
TEL,976,S5,271
TEL,977,S5,268
TEL,978,S5,274
TEL,979,S5,271
TEL,980,S5,271
TEL,981,S5,268
TEL,982,S5,268
TEL,983,S5,271
TEL,984,S5,271
TEL,985,S5,268
TEL,986,S5,271
TEL,987,S5,268
TEL,988,S5,268
BTN,15,S5,PRESSED
TEL,989,S5,268
TEL,990,S5,271
TEL,991,S5,268
TEL,992,S5,268
TEL,993,S5,268
TEL,994,S5,268
TEL,995,S5,265
TEL,996,S5,265
TEL,997,S5,268
TEL,998,S5,271
TEL,999,S5,268
TEL,1000,S5,265
TEL,1001,S5,268
TEL,1002,S5,268
TEL,1003,S5,268
TEL,1004,S5,268
TEL,1005,S5,268
TEL,1006,S5,265
TEL,1007,S5,271
BTN,16,S5,PRESSED
TEL,1009,S5,268
TEL,1010,S5,265
TEL,1011,S5,265
TEL,1012,S5,268
TEL,1013,S5,268
TEL,1014,S5,268
TEL,1015,S5,271
TEL,1016,S5,268
TEL,1017,S5,268
TEL,1018,S5,265
TEL,1019,S5,268
TEL,1020,S5,271
TEL,1021,S5,268
TEL,1022,S5,268
TEL,1023,S5,268
TEL,1024,S5,268
TEL,1025,S5,268
TEL,1026,S5,268
TEL,1027,S5,268
TEL,1028,S5,268
TEL,1029,S5,271
TEL,1030,S5,268
TEL,1031,S5,268
TEL,1032,S5,265
TEL,1033,S5,265
TEL,1034,S5,268
TEL,1035,S5,268
TEL,1036,S5,271
TEL,1037,S5,268
TEL,1038,S5,268
TEL,1039,S5,271
TEL,1040,S5,268
TEL,1041,S5,268
TEL,1042,S5,268
TEL,1043,S5,268
TEL,1044,S5,271
TEL,1045,S5,268
TEL,1046,S5,268
TEL,1047,S5,268
TEL,1048,S5,268
TEL,1049,S5,265
TEL,1050,S5,268
TEL,1051,S5,265
TEL,1052,S5,265
TEL,1053,S5,268
TEL,1054,S5,271
TEL,1055,S5,268
TEL,1056,S5,271
TEL,1057,S5,271
TEL,1058,S5,268
TEL,1059,S5,265
TEL,1060,S5,271
TEL,1061,S5,268
TEL,1062,S5,268
TEL,1063,S5,268
TEL,1064,S5,265
TEL,1065,S5,271
TEL,1066,S5,265
TEL,1067,S5,271
TEL,1068,S5,268
TEL,1069,S5,265
TEL,1070,S5,268
TEL,1071,S5,268
TEL,1072,S5,268
TEL,1073,S5,268
TEL,1074,S5,268
TEL,1075,S5,268
TEL,1076,S5,268
TEL,1077,S5,268
TEL,1078,S5,268
TEL,1079,S5,268
TEL,1080,S5,265
TEL,1081,S5,265
TEL,1082,S5,271
TEL,1083,S5,268
TEL,1084,S5,268
TEL,1085,S5,268
TEL,1086,S5,265
TEL,1087,S5,265
TEL,1088,S5,268
TEL,1089,S5,268
TEL,1090,S5,265
TEL,1091,S5,271
TEL,1092,S5,268
TEL,1093,S5,265
TEL,1094,S5,265
TEL,1095,S5,268
TEL,1096,S5,271
TEL,1097,S5,265
TEL,1098,S5,265
TEL,1099,S5,265
TEL,1100,S5,268
TEL,1101,S5,271
TEL,1102,S5,265
TEL,1103,S5,268
TEL,1104,S5,268
TEL,1105,S5,271
TEL,1106,S5,268
TEL,1107,S5,268
TEL,1108,S5,265
TEL,1109,S5,265
TEL,1110,S5,271
TEL,1111,S5,268
TEL,1112,S5,268
TEL,1113,S5,268
TEL,1114,S5,268
TEL,1115,S5,265
TEL,1116,S5,268
TEL,1117,S5,265
TEL,1118,S5,271
TEL,1119,S5,268
TEL,1120,S5,271
TEL,1121,S5,268
TEL,1122,S5,271
TEL,1123,S5,271
TEL,1124,S5,271
TEL,1125,S5,271
TEL,1126,S5,268
TEL,1127,S5,265
TEL,1128,S5,271
TEL,1129,S5,268
TEL,1130,S5,268
TEL,1131,S5,268
TEL,1132,S5,271
TEL,1133,S5,265
TEL,1134,S5,268
TEL,1135,S5,268
TEL,1136,S5,268
TEL,1137,S5,268
TEL,1138,S5,268
TEL,1139,S5,274
TEL,1140,S5,268
TEL,1141,S5,271
TEL,1142,S5,268
TEL,1143,S5,268
TEL,1144,S5,268
TEL,1145,S5,271
TEL,1146,S5,268
TEL,1147,S5,268
TEL,1148,S5,268
TEL,1149,S5,271
TEL,1150,S5,271
TEL,1151,S5,268
TEL,1152,S5,268
TEL,1153,S5,268
TEL,1154,S5,268
TEL,1155,S5,271
TEL,1156,S5,265
TEL,1157,S5,271
TEL,1158,S5,265
TEL,1159,S5,271
TEL,1160,S5,268
TEL,1161,S5,274
TEL,1162,S5,268
TEL,1163,S5,271
TEL,1164,S5,268
TEL,1165,S5,268
TEL,1166,S5,268
TEL,1167,S5,268
TEL,1168,S5,268
TEL,1169,S5,268
TEL,1170,S5,271
TEL,1171,S5,268
TEL,1172,S5,271
TEL,1173,S5,265
TEL,1174,S5,271
TEL,1175,S5,271
TEL,1176,S5,268
TEL,1177,S5,271
TEL,1178,S5,265
TEL,1179,S5,268
TEL,1180,S5,268
TEL,1181,S5,265
TEL,1182,S5,271
TEL,1183,S5,268
TEL,1184,S5,268
TEL,1185,S5,271
TEL,1186,S5,268
TEL,1187,S5,268
TEL,1188,S5,268
TEL,1189,S5,268
TEL,1190,S5,271
TEL,1191,S5,268
TEL,1192,S5,268
TEL,1193,S5,268
TEL,1194,S5,268
TEL,1195,S5,271
TEL,1196,S5,268
TEL,1197,S5,268
TEL,1198,S5,271
TEL,1199,S5,271
TEL,1200,S5,268
TEL,1201,S5,268
TEL,1202,S5,271
TEL,1203,S5,268
TEL,1204,S5,268
TEL,1205,S5,268
TEL,1206,S5,271
TEL,1207,S5,271
TEL,1208,S5,268
TEL,1209,S5,268
TEL,1210,S5,268
TEL,1211,S5,268
TEL,1212,S5,271
TEL,1213,S5,268
TEL,1214,S5,268
TEL,1215,S5,268
TEL,1216,S5,268
TEL,1217,S5,268
TEL,1218,S5,271
TEL,1219,S5,268
TEL,1220,S5,268
TEL,1221,S5,268
TEL,1222,S5,268
TEL,1223,S5,268
TEL,1224,S5,271
TEL,1225,S5,268
TEL,1226,S5,268
TEL,1227,S5,268
TEL,1228,S5,268
TEL,1229,S5,271
TEL,1230,S5,265
TEL,1231,S5,271
TEL,1232,S5,271
TEL,1233,S5,271
TEL,1234,S5,271
TEL,1235,S5,271
TEL,1236,S5,271
TEL,1237,S5,274
TEL,1238,S5,268
TEL,1239,S5,268
TEL,1240,S5,268
TEL,1241,S5,268
TEL,1242,S5,271
TEL,1243,S5,268
TEL,1244,S5,265
TEL,1245,S5,268
TEL,1246,S5,271
TEL,1247,S5,268
TEL,1248,S5,268
TEL,1249,S5,268
TEL,1250,S5,268
TEL,1251,S5,268
TEL,1252,S5,265
TEL,1253,S5,274
TEL,1254,S5,271
TEL,1255,S5,268
TEL,1256,S5,274
TEL,1257,S5,271
TEL,1258,S5,265
TEL,1259,S5,268
TEL,1260,S5,268
TEL,1261,S5,268
TEL,1262,S5,265
TEL,1263,S5,268
TEL,1264,S5,268
TEL,1265,S5,268
TEL,1266,S5,268
TEL,1267,S5,271
TEL,1268,S5,268
TEL,1269,S5,271
TEL,1270,S5,268
TEL,1271,S5,268
TEL,1272,S5,271
TEL,1273,S5,265
TEL,1274,S5,268
TEL,1275,S5,268
TEL,1276,S5,268
TEL,1277,S5,271
TEL,1278,S5,274
TEL,1279,S5,271
TEL,1280,S5,271
TEL,1281,S5,268
TEL,1282,S5,268
TEL,1283,S5,268
TEL,1284,S5,271
TEL,1285,S5,268
TEL,1286,S5,268
BTN,17,S5,PRESSED
TEL,1288,S5,271
TEL,1289,S5,268
TEL,1290,S5,268
TEL,1291,S5,268
TEL,1292,S5,268
TEL,1293,S5,271
TEL,1294,S5,265
TEL,1295,S5,268
TEL,1296,S5,268
TEL,1297,S5,268
TEL,1298,S5,268
TEL,1299,S5,268
TEL,1300,S5,268
TEL,1301,S5,268
TEL,1302,S5,268
TEL,1303,S5,268
TEL,1304,S5,268
BTN,18,S5,PRESSED
TEL,1306,S5,271
TEL,1307,S5,271
TEL,1308,S5,268
TEL,1309,S5,268
TEL,1310,S5,268
TEL,1311,S5,268
TEL,1312,S5,268
TEL,1313,S5,268
TEL,1314,S5,268
TEL,1315,S5,268
TEL,1316,S5,265
TEL,1317,S5,271
TEL,1318,S5,268
TEL,1319,S5,268
TEL,1320,S5,268
TEL,1321,S5,268
TEL,1322,S5,271
TEL,1323,S5,271
TEL,1324,S5,271
BTN,19,S5,PRESSED
TEL,1326,S5,271
TEL,1327,S5,271
TEL,1328,S5,271
TEL,1329,S5,265
TEL,1330,S5,268
TEL,1331,S5,268
TEL,1332,S5,268
TEL,1333,S5,265
TEL,1334,S5,271
TEL,1335,S5,271
TEL,1336,S5,268
TEL,1337,S5,268
TEL,1338,S5,268
TEL,1339,S5,268
TEL,1340,S5,268
TEL,1341,S5,262
TEL,1342,S5,268
BTN,20,S5,PRESSED
TEL,1344,S5,268
TEL,1345,S5,268
TEL,1346,S5,268
TEL,1347,S5,265
TEL,1348,S5,271
TEL,1349,S5,265
TEL,1350,S5,268
TEL,1351,S5,268
TEL,1352,S5,268
TEL,1353,S5,268
TEL,1354,S5,265
TEL,1355,S5,271
TEL,1356,S5,268
TEL,1357,S5,271
TEL,1358,S5,265
TEL,1359,S5,265
TEL,1360,S5,268
BTN,21,S5,PRESSED
TEL,1362,S5,271
TEL,1363,S5,268
TEL,1364,S5,268
TEL,1365,S5,268
TEL,1366,S5,268
TEL,1367,S5,271
TEL,1368,S5,268
TEL,1369,S5,268
TEL,1370,S5,271
TEL,1371,S5,268
TEL,1372,S5,268
TEL,1373,S5,271
TEL,1374,S5,271
TEL,1375,S5,268
TEL,1376,S5,265
TEL,1377,S5,268
TEL,1378,S5,268
TEL,1379,S5,268
TEL,1380,S5,271
TEL,1381,S5,268
TEL,1382,S5,274
TEL,1383,S5,268
TEL,1384,S5,268
TEL,1385,S5,268
TEL,1386,S5,268
TEL,1387,S5,268
TEL,1388,S5,265
TEL,1389,S5,271
TEL,1390,S5,268
TEL,1391,S5,271
TEL,1392,S5,268
TEL,1393,S5,268
TEL,1394,S5,268
TEL,1395,S5,271
TEL,1396,S5,268
TEL,1397,S5,271
TEL,1398,S5,271
TEL,1399,S5,268
TEL,1400,S5,271
TEL,1401,S5,271
TEL,1402,S5,271
TEL,1403,S5,271
TEL,1404,S5,271
TEL,1405,S5,271
TEL,1406,S5,271
TEL,1407,S5,268
TEL,1408,S5,271
TEL,1409,S5,268
TEL,1410,S5,271
TEL,1411,S5,268
TEL,1412,S5,268
TEL,1413,S5,268
TEL,1414,S5,268
TEL,1415,S5,268
TEL,1416,S5,265
TEL,1417,S5,268
TEL,1418,S5,268
TEL,1419,S5,268
TEL,1420,S5,268
TEL,1421,S5,271
TEL,1422,S5,268
TEL,1423,S5,268
TEL,1424,S5,271
TEL,1425,S5,268
TEL,1426,S5,268
TEL,1427,S5,268
TEL,1428,S5,268
TEL,1429,S5,271
TEL,1430,S5,271
TEL,1431,S5,268
TEL,1432,S5,271
TEL,1433,S5,268
TEL,1434,S5,268
TEL,1435,S5,268
TEL,1436,S5,268
TEL,1437,S5,271
TEL,1438,S5,271
TEL,1439,S5,268
TEL,1440,S5,274
TEL,1441,S5,268
TEL,1442,S5,268
TEL,1443,S5,268
TEL,1444,S5,268
TEL,1445,S5,271
TEL,1446,S5,271
TEL,1447,S5,268
TEL,1448,S5,268
TEL,1449,S5,271
TEL,1450,S5,271
TEL,1451,S5,268
TEL,1452,S5,265
TEL,1453,S5,271
TEL,1454,S5,271
TEL,1455,S5,268
TEL,1456,S5,268
TEL,1457,S5,271
TEL,1458,S5,268
TEL,1459,S5,271
TEL,1460,S5,271
TEL,1461,S5,274
TEL,1462,S5,271
TEL,1463,S5,271
TEL,1464,S5,268
TEL,1465,S5,271
TEL,1466,S5,271
TEL,1467,S5,268
TEL,1468,S5,271
TEL,1469,S5,268
TEL,1470,S5,274
TEL,1471,S5,271
TEL,1472,S5,271
TEL,1473,S5,268
TEL,1474,S5,268
TEL,1475,S5,271
TEL,1476,S5,268
TEL,1477,S5,271
TEL,1478,S5,268
TEL,1479,S5,274
TEL,1480,S5,271
TEL,1481,S5,268
TEL,1482,S5,268
TEL,1483,S5,268
TEL,1484,S5,271
TEL,1485,S5,271
TEL,1486,S5,268
TEL,1487,S5,268
TEL,1488,S5,271
TEL,1489,S5,268
TEL,1490,S5,268
TEL,1491,S5,268
TEL,1492,S5,271
TEL,1493,S5,268
TEL,1494,S5,271
TEL,1495,S5,271
TEL,1496,S5,268
TEL,1497,S5,274
TEL,1498,S5,268
TEL,1499,S5,268
TEL,1500,S5,271
TEL,1501,S5,271
TEL,1502,S5,268
TEL,1503,S5,268
TEL,1504,S5,271
TEL,1505,S5,268
TEL,1506,S5,268
TEL,1507,S5,268
TEL,1508,S5,268
TEL,1509,S5,268
TEL,1510,S5,268
TEL,1511,S5,268
TEL,1512,S5,268
TEL,1513,S5,265
TEL,1514,S5,268
TEL,1515,S5,268
TEL,1516,S5,271
TEL,1517,S5,268
TEL,1518,S5,271
TEL,1519,S5,268
TEL,1520,S5,271
TEL,1521,S5,268
TEL,1522,S5,268
TEL,1523,S5,268
TEL,1524,S5,265
TEL,1525,S5,268
TEL,1526,S5,268
TEL,1527,S5,268
TEL,1528,S5,271
TEL,1529,S5,268
TEL,1530,S5,268
TEL,1531,S5,268
TEL,1532,S5,268
TEL,1533,S5,271
TEL,1534,S5,271
TEL,1535,S5,268
TEL,1536,S5,271
TEL,1537,S5,268
TEL,1538,S5,268
TEL,1539,S5,268
TEL,1540,S5,268
TEL,1541,S5,271
TEL,1542,S5,268
TEL,1543,S5,271
TEL,1544,S5,271
TEL,1545,S5,271
TEL,1546,S5,268
TEL,1547,S5,268
TEL,1548,S5,271
TEL,1549,S5,268
TEL,1550,S5,268
TEL,1551,S5,271
TEL,1552,S5,271
TEL,1553,S5,271
TEL,1554,S5,268
TEL,1555,S5,271
TEL,1556,S5,232
TEL,1557,S5,268
TEL,1558,S5,271
TEL,1559,S5,274
TEL,1560,S5,271
TEL,1561,S5,271
TEL,1562,S5,265
TEL,1563,S5,271
TEL,1564,S5,268
BTN,22,S5,PRESSED
TEL,1566,S5,265
TEL,1567,S5,268
TEL,1568,S5,271
TEL,1569,S5,271
TEL,1570,S5,271
TEL,1571,S5,271
TEL,1572,S5,265
TEL,1573,S5,271
TEL,1574,S5,268
TEL,1575,S5,268
TEL,1576,S5,268
TEL,1577,S5,271
TEL,1578,S5,268
TEL,1579,S5,271
TEL,1580,S5,271
TEL,1581,S5,271
TEL,1582,S5,268
TEL,1583,S5,268
BTN,23,S5,PRESSED
TEL,1585,S5,265
TEL,1586,S5,271
TEL,1587,S5,271
TEL,1588,S5,268
TEL,1589,S5,271
TEL,1590,S5,271
TEL,1591,S5,268
TEL,1592,S5,268
TEL,1593,S5,271
TEL,1594,S5,268
TEL,1595,S5,271
TEL,1596,S5,268
TEL,1597,S5,271
TEL,1598,S5,268
TEL,1599,S5,268
TEL,1600,S5,271
TEL,1601,S5,271
TEL,1602,S5,268
TEL,1603,S5,268
BTN,24,S5,PRESSED
TEL,1605,S5,271
TEL,1606,S5,271
TEL,1607,S5,268
TEL,1608,S5,271
TEL,1609,S5,268
TEL,1610,S5,268
TEL,1611,S5,268
TEL,1612,S5,268
TEL,1613,S5,274
TEL,1614,S5,268
TEL,1615,S5,271
TEL,1616,S5,268
TEL,1617,S5,271
TEL,1618,S5,268
TEL,1619,S5,268
TEL,1620,S5,271
TEL,1621,S5,271
TEL,1622,S5,271
TEL,1623,S5,271
BTN,25,S5,PRESSED
TEL,1625,S5,268
TEL,1626,S5,271
TEL,1627,S5,268
TEL,1628,S5,268
TEL,1629,S5,274
TEL,1630,S5,271
TEL,1631,S5,271
TEL,1632,S5,268
TEL,1633,S5,271
TEL,1634,S5,268
TEL,1635,S5,268
TEL,1636,S5,268
TEL,1637,S5,268
TEL,1638,S5,268
TEL,1639,S5,271
TEL,1640,S5,271
TEL,1641,S5,265
TEL,1642,S5,268
BTN,26,S5,PRESSED
TEL,1644,S5,271
TEL,1645,S5,268
TEL,1646,S5,271
TEL,1647,S5,268
TEL,1648,S5,271
TEL,1649,S5,271
TEL,1650,S5,268
TEL,1651,S5,268
TEL,1652,S5,271
TEL,1653,S5,271
TEL,1654,S5,265
TEL,1655,S5,271
TEL,1656,S5,271
TEL,1657,S5,271
TEL,1658,S5,268
TEL,1659,S5,271
TEL,1660,S5,271
TEL,1661,S5,271
BTN,27,S5,PRESSED
TEL,1663,S5,268
TEL,1664,S5,268
TEL,1665,S5,271
TEL,1666,S5,271
TEL,1667,S5,271
TEL,1668,S5,271
TEL,1669,S5,271
TEL,1670,S5,265
TEL,1671,S5,271
TEL,1672,S5,271
TEL,1673,S5,268
TEL,1674,S5,268
TEL,1675,S5,268
TEL,1676,S5,268
TEL,1677,S5,271
TEL,1678,S5,271
TEL,1679,S5,271
TEL,1680,S5,268
TEL,1681,S5,268
TEL,1682,S5,271
TEL,1683,S5,271
TEL,1684,S5,271
BTN,28,S5,PRESSED
TEL,1686,S5,268
TEL,1687,S5,268
TEL,1688,S5,268
TEL,1689,S5,271
TEL,1690,S5,271
TEL,1691,S5,268
TEL,1692,S5,268
TEL,1693,S5,271
TEL,1694,S5,268
TEL,1695,S5,271
TEL,1696,S5,271
TEL,1697,S5,271
TEL,1698,S5,268
TEL,1699,S5,268
TEL,1700,S5,268
TEL,1701,S5,268
TEL,1702,S5,268
TEL,1703,S5,268
TEL,1704,S5,268
TEL,1705,S5,271
TEL,1706,S5,268
TEL,1707,S5,271
TEL,1708,S5,271
TEL,1709,S5,271
TEL,1710,S5,271
TEL,1711,S5,271
TEL,1712,S5,268
TEL,1713,S5,268
TEL,1714,S5,268
TEL,1715,S5,268
TEL,1716,S5,271
TEL,1717,S5,268
TEL,1718,S5,271
TEL,1719,S5,271
TEL,1720,S5,271
TEL,1721,S5,268
TEL,1722,S5,271
TEL,1723,S5,268
TEL,1724,S5,271
TEL,1725,S5,268
TEL,1726,S5,271
TEL,1727,S5,268
TEL,1728,S5,265
TEL,1729,S5,271
TEL,1730,S5,271
TEL,1731,S5,271
TEL,1732,S5,271
TEL,1733,S5,271
TEL,1734,S5,268
TEL,1735,S5,271
TEL,1736,S5,271
TEL,1737,S5,268
TEL,1738,S5,268
TEL,1739,S5,271
TEL,1740,S5,268
TEL,1741,S5,268
TEL,1742,S5,274
TEL,1743,S5,271
TEL,1744,S5,271
TEL,1745,S5,268
TEL,1746,S5,268
TEL,1747,S5,268
TEL,1748,S5,268
TEL,1749,S5,271
TEL,1750,S5,271
TEL,1751,S5,271
TEL,1752,S5,271
TEL,1753,S5,268
TEL,1754,S5,271
TEL,1755,S5,268
TEL,1756,S5,268
TEL,1757,S5,271
TEL,1758,S5,271
TEL,1759,S5,268
TEL,1760,S5,271
TEL,1761,S5,271
TEL,1762,S5,271
TEL,1763,S5,271
TEL,1764,S5,271
TEL,1765,S5,268
TEL,1766,S5,271
TEL,1767,S5,268
TEL,1768,S5,271
TEL,1769,S5,268
TEL,1770,S5,271
TEL,1771,S5,268
TEL,1772,S5,271
TEL,1773,S5,271
TEL,1774,S5,271
TEL,1775,S5,268
TEL,1776,S5,265
TEL,1777,S5,268
TEL,1778,S5,268
TEL,1779,S5,268
TEL,1780,S5,271
TEL,1781,S5,268
TEL,1782,S5,268
TEL,1783,S5,271
TEL,1784,S5,268
TEL,1785,S5,268
TEL,1786,S5,268
TEL,1787,S5,271
TEL,1788,S5,268
TEL,1789,S5,268
TEL,1790,S5,268
TEL,1791,S5,271
TEL,1792,S5,271
TEL,1793,S5,271
TEL,1794,S5,271
TEL,1795,S5,268
TEL,1796,S5,271
TEL,1797,S5,268
TEL,1798,S5,268
TEL,1799,S5,268
TEL,1800,S5,271
TEL,1801,S5,268
TEL,1802,S5,268
TEL,1803,S5,265
TEL,1804,S5,274
TEL,1805,S5,268
TEL,1806,S5,268
TEL,1807,S5,268
TEL,1808,S5,271
TEL,1809,S5,271
TEL,1810,S5,271
TEL,1811,S5,271
TEL,1812,S5,268
TEL,1813,S5,268
TEL,1814,S5,268
TEL,1815,S5,265
TEL,1816,S5,268
TEL,1817,S5,271
TEL,1818,S5,268
TEL,1819,S5,271
TEL,1820,S5,271
TEL,1821,S5,271
TEL,1822,S5,271
TEL,1823,S5,268
TEL,1824,S5,268
TEL,1825,S5,268
TEL,1826,S5,271
TEL,1827,S5,268
TEL,1828,S5,268
TEL,1829,S5,265
TEL,1830,S5,271
TEL,1831,S5,271
TEL,1832,S5,271
TEL,1833,S5,265
TEL,1834,S5,268
TEL,1835,S5,268
TEL,1836,S5,271
TEL,1837,S5,271
TEL,1838,S5,271
TEL,1839,S5,274
TEL,1840,S5,268
TEL,1841,S5,271
TEL,1842,S5,268
TEL,1843,S5,271
>> CMD,STOP
TEL,1844,S5,268
TEL,1845,S5,271
TEL,1846,S5,268
TEL,1847,S5,271
TEL,1848,S5,271
TEL,1849,S5,268
TEL,1850,S5,268
TEL,1851,S5,274
TEL,1852,S5,271
TEL,1853,S5,271
TEL,1854,S5,268
TEL,1855,S5,268
TEL,1856,S5,268
TEL,1857,S5,271
TEL,1858,S5,271
TEL,1859,S5,271
TEL,1860,S5,271
TEL,1861,S5,274
TEL,1862,S5,271
TEL,1863,S5,268
TEL,1864,S5,268
TEL,1865,S5,271
TEL,1866,S5,274
ACK,STOP
>> CMD,DUMP
ACK,DUMP,28
VER,nogit,Debug,00
REC,1,S5,174774613,26,51,6789,5560,0
PRE,1,16,O,51,0,0,0,0
REC,2,S5,174929637,1884,50,19908,5560,0
PRE,2,1863,T,50,0,0,0,0
REC,3,S5,175128221,3299,51,29908,5560,0
PRE,3,3279,T,51,0,0,0,0
REC,4,S5,175347750,3770,51,39908,5560,0
PRE,4,3750,T,51,0,0,0,0
REC,5,S5,176322394,27,50,49008,5560,0
PRE,5,17,O,50,0,0,0,0
REC,6,S5,176675498,26,51,55904,5560,0
PRE,6,16,O,51,0,0,0,0
REC,7,S5,176850741,779,51,69908,5560,0
PRE,7,759,T,51,0,0,0,0
REC,8,S5,177049936,1585,50,79908,5560,0
PRE,8,1564,T,50,0,0,0,0
REC,9,S5,177231628,27,50,89774,5560,0
PRE,9,17,O,50,0,0,0,0
REC,10,S5,177407887,3634,50,99908,5560,0
PRE,10,3613,T,50,0,0,0,0
REC,11,S5,177597550,3970,51,109908,5560,0
PRE,11,3950,T,51,0,0,0,0
REC,12,S5,179580862,658,51,119908,5560,0
PRE,12,639,T,51,0,0,0,0
REC,13,S5,179765306,26,51,126096,5560,0
PRE,13,16,O,51,0,0,0,0
REC,14,S5,179968172,3348,51,139908,5560,0
PRE,14,3328,T,51,0,0,0,0
REC,15,S5,180158512,3009,50,149908,5560,0
PRE,15,2988,T,50,0,0,0,0
REC,16,S5,180351309,211,51,159908,5560,0
PRE,16,190,T,51,0,0,0,0
REC,17,S5,183139770,1751,51,159907,5560,0
PRE,17,1730,T,51,0,0,0,0
REC,18,S5,183320193,1328,51,159907,5560,0
PRE,18,1307,T,51,0,0,0,0
REC,19,S5,183520467,1054,51,159907,5560,0
PRE,19,1033,T,51,0,0,0,0
REC,20,S5,183699194,2327,51,159907,5560,0
PRE,20,2306,T,51,0,0,0,0
REC,21,S5,183877932,3589,51,159907,5560,0
PRE,21,3570,T,51,0,0,0,0
REC,22,S5,185915840,5680,51,159908,5560,0
PRE,22,5660,T,51,0,0,0,0
REC,23,S5,186109728,1793,51,159907,5560,0
PRE,23,1772,T,51,0,0,0,0
REC,24,S5,186309300,2221,51,159907,5560,0
PRE,24,2200,T,51,0,0,0,0
REC,25,S5,186507322,4198,51,159908,5560,0
PRE,25,4179,T,51,0,0,0,0
REC,26,S5,186704253,27,50,157149,5560,0
PRE,26,17,O,50,0,0,0,0
REC,27,S5,186890901,619,51,159908,5560,0
PRE,27,600,T,51,0,0,0,0
REC,28,S5,187120285,1236,51,159907,5560,0
PRE,28,1215,T,51,0,0,0,0
SUM,S5,28,1854,13,0,16,0,0,0
CAL,5000,5049,5133,572,4485
MEM,15192,211,88,304
RTS,UartTxTask,69956,3
RTS,IDLE,8030128,427
RTS,ButtonTask,2474,0
RTS,TelemetryTask,10663035,568
RTS,Tmr Svc,0,0
END,DUMP
# PC bad_frames=0 tel_rx=1854 pc_lost=13
