ACK,DUMP,28
VER,nogit,Debug,00
REC,1,S5,174774613,26,51,6789,5560,0
PRE,1,16,O,51,0,0,0,0
REC,2,S5,174929637,1884,50,19908,5560,0
PRE,2,1863,T,50,0,0,0,0
REC,3,S5,175128221,3299,51,29908,5560,0
PRE,3,3279,T,51,0,0,0,0
REC,4,S5,175347750,3770,51,39908,5560,0
PRE,4,3750,T,51,0,0,0,0
REC,5,S5,176322394,27,50,49008,5560,0
PRE,5,17,O,50,0,0,0,0
REC,6,S5,176675498,26,51,55904,5560,0
PRE,6,16,O,51,0,0,0,0
REC,7,S5,176850741,779,51,69908,5560,0
PRE,7,759,T,51,0,0,0,0
REC,8,S5,177049936,1585,50,79908,5560,0
PRE,8,1564,T,50,0,0,0,0
REC,9,S5,177231628,27,50,89774,5560,0
PRE,9,17,O,50,0,0,0,0
REC,10,S5,177407887,3634,50,99908,5560,0
PRE,10,3613,T,50,0,0,0,0
REC,11,S5,177597550,3970,51,109908,5560,0
PRE,11,3950,T,51,0,0,0,0
REC,12,S5,179580862,658,51,119908,5560,0
PRE,12,639,T,51,0,0,0,0
REC,13,S5,179765306,26,51,126096,5560,0
PRE,13,16,O,51,0,0,0,0
REC,14,S5,179968172,3348,51,139908,5560,0
PRE,14,3328,T,51,0,0,0,0
REC,15,S5,180158512,3009,50,149908,5560,0
PRE,15,2988,T,50,0,0,0,0
REC,16,S5,180351309,211,51,159908,5560,0
PRE,16,190,T,51,0,0,0,0
REC,17,S5,183139770,1751,51,159907,5560,0
PRE,17,1730,T,51,0,0,0,0
REC,18,S5,183320193,1328,51,159907,5560,0
PRE,18,1307,T,51,0,0,0,0
REC,19,S5,183520467,1054,51,159907,5560,0
PRE,19,1033,T,51,0,0,0,0
REC,20,S5,183699194,2327,51,159907,5560,0
PRE,20,2306,T,51,0,0,0,0
REC,21,S5,183877932,3589,51,159907,5560,0
PRE,21,3570,T,51,0,0,0,0
REC,22,S5,185915840,5680,51,159908,5560,0
PRE,22,5660,T,51,0,0,0,0
REC,23,S5,186109728,1793,51,159907,5560,0
PRE,23,1772,T,51,0,0,0,0
REC,24,S5,186309300,2221,51,159907,5560,0
PRE,24,2200,T,51,0,0,0,0
REC,25,S5,186507322,4198,51,159908,5560,0
PRE,25,4179,T,51,0,0,0,0
REC,26,S5,186704253,27,50,157149,5560,0
PRE,26,17,O,50,0,0,0,0
REC,27,S5,186890901,619,51,159908,5560,0
PRE,27,600,T,51,0,0,0,0
REC,28,S5,187120285,1236,51,159907,5560,0
PRE,28,1215,T,51,0,0,0,0
SUM,S5,28,1854,13,0,16,0,0,0
CAL,5000,5049,5133,572,4485
MEM,15192,211,88,304
RTS,UartTxTask,69956,3
RTS,IDLE,8030128,427
RTS,ButtonTask,2474,0
RTS,TelemetryTask,10663035,568
RTS,Tmr Svc,0,0
END,DUMP
# PC bad_frames=0 tel_rx=1854 pc_lost=13
